Component: ARM Compiler 5.06 update 6 (build 750) Tool: armlink [4d35ed]

==============================================================================

Section Cross References

    main.o(.text) refers to gd32f1x0_fwdgt.o(.text) for fwdgt_counter_reload
    main.o(.text) refers to bldc.o(.text) for SetPWM
    main.o(.text) refers to commshugs.o(.text) for SendHUGSReply
    main.o(.text) refers to it.o(.text) for Delay
    main.o(.text) refers to gd32f1x0_usart.o(.text) for usart_deinit
    main.o(.text) refers to gd32f1x0_gpio.o(.text) for gpio_bit_write
    main.o(.text) refers to system_gd32f1x0.o(.text) for SystemCoreClockUpdate
    main.o(.text) refers to setup.o(.text) for Watchdog_init
    main.o(.text) refers to bldc.o(.data) for buzzerPattern
    main.o(.text) refers to commshugs.o(.data) for HUGS_Enabled
    main.o(.text) refers to system_gd32f1x0.o(.data) for SystemCoreClock
    main.o(.text) refers to main.o(.data) for inactivity_timeout_counter
    bldc.o(.text) refers to gd32f1x0_gpio.o(.text) for gpio_input_bit_get
    bldc.o(.text) refers to dflt_clz.o(x$fpl$dflt) for __aeabi_i2d
    bldc.o(.text) refers to dleqf.o(x$fpl$dleqf) for __aeabi_cdcmple
    bldc.o(.text) refers to gd32f1x0_timer.o(.text) for timer_automatic_output_disable
    bldc.o(.text) refers to bldc.o(.data) for bldcEnable
    bldc.o(.text) refers to bldc.o(.constdata) for hall_to_pos
    bldc.o(.text) refers to it.o(.data) for timedOut
    bldc.o(.text) refers to bldc.o(i.blockPWM) for blockPWM
    setup.o(.text) refers to gd32f1x0_misc.o(.text) for nvic_priority_group_set
    setup.o(.text) refers to gd32f1x0_rcu.o(.text) for rcu_flag_get
    setup.o(.text) refers to gd32f1x0_fwdgt.o(.text) for fwdgt_config
    setup.o(.text) refers to gd32f1x0_timer.o(.text) for timer_deinit
    setup.o(.text) refers to gd32f1x0_gpio.o(.text) for gpio_mode_set
    setup.o(.text) refers to setup.o(.bss) for timeoutTimer_paramter_struct
    setup.o(.text) refers to gd32f1x0_dma.o(.text) for dma_deinit
    setup.o(.text) refers to rt_memcpy_w.o(.text) for __aeabi_memcpy4
    setup.o(.text) refers to gd32f1x0_adc.o(.text) for adc_channel_length_config
    setup.o(.text) refers to gd32f1x0_usart.o(.text) for usart_baudrate_set
    setup.o(.text) refers to bldc.o(.data) for adc_buffer
    setup.o(.text) refers to setup.o(.data) for usartHUGS_rx_buf
    it.o(.text) refers to bldc.o(.text) for GetSpeed
    it.o(.text) refers to gd32f1x0_timer.o(.text) for timer_interrupt_flag_clear
    it.o(.text) refers to gd32f1x0_adc.o(.text) for adc_software_trigger_enable
    it.o(.text) refers to gd32f1x0_dma.o(.text) for dma_interrupt_flag_get
    it.o(.text) refers to commssteering.o(.text) for UpdateUSARTSteerInput
    it.o(.text) refers to commshugs.o(.text) for UpdateUSARTHUGSInput
    it.o(.text) refers to it.o(.data) for msTicks
    it.o(.text) refers to commshugs.o(.data) for HUGS_WatchDog
    comms.o(.text) refers to gd32f1x0_usart.o(.text) for usart_data_transmit
    commssteering.o(.text) refers to comms.o(.text) for SendBuffer
    commssteering.o(.text) refers to it.o(.text) for ResetTimeout
    commssteering.o(.text) refers to setup.o(.data) for usartSteer_COM_rx_buf
    commssteering.o(.text) refers to commssteering.o(.data) for sUSARTSteerRecordBufferCounter
    commshugs.o(.text) refers to bldc.o(.text) for GetPWM
    commshugs.o(.text) refers to comms.o(.text) for CalcCRC
    commshugs.o(.text) refers to it.o(.text) for ResetTimeout
    commshugs.o(.text) refers to rt_memcpy_v6.o(.text) for __aeabi_memcpy
    commshugs.o(.text) refers to commshugs.o(.data) for HUGS_ESTOP
    commshugs.o(.text) refers to bldc.o(.data) for controlMode
    commshugs.o(.text) refers to setup.o(.data) for usartHUGS_rx_buf
    commshugs.o(.text) refers to commshugs.o(.bss) for sUSARTHUGSRecordBuffer
    gd32f1x0_adc.o(.text) refers to gd32f1x0_rcu.o(.text) for rcu_periph_reset_enable
    gd32f1x0_gpio.o(.text) refers to gd32f1x0_rcu.o(.text) for rcu_periph_reset_enable
    gd32f1x0_i2c.o(.text) refers to gd32f1x0_rcu.o(.text) for rcu_periph_reset_enable
    gd32f1x0_pmu.o(.text) refers to gd32f1x0_rcu.o(.text) for rcu_periph_reset_enable
    gd32f1x0_pmu.o(.text) refers to gd32f1x0_pmu.o(.bss) for reg_snap
    gd32f1x0_syscfg.o(.text) refers to gd32f1x0_rcu.o(.text) for rcu_periph_reset_enable
    gd32f1x0_timer.o(.text) refers to gd32f1x0_rcu.o(.text) for rcu_periph_reset_enable
    gd32f1x0_usart.o(.text) refers to gd32f1x0_rcu.o(.text) for rcu_periph_reset_enable
    gd32f1x0_wwdgt.o(.text) refers to gd32f1x0_rcu.o(.text) for rcu_periph_reset_enable
    startup_gd32f1x0.o(STACK) refers (Special) to heapauxi.o(.text) for __use_two_region_memory
    startup_gd32f1x0.o(HEAP) refers (Special) to heapauxi.o(.text) for __use_two_region_memory
    startup_gd32f1x0.o(RESET) refers (Special) to heapauxi.o(.text) for __use_two_region_memory
    startup_gd32f1x0.o(RESET) refers to startup_gd32f1x0.o(STACK) for __initial_sp
[...]
    defsig_other.o(.text) refers to defsig_general.o(.text) for __default_signal_display


==============================================================================

Removing Unused input sections from the image.

    Removing main.o(.rev16_text), (4 bytes).
    Removing main.o(.revsh_text), (4 bytes).
    Removing main.o(.rrx_text), (6 bytes).
    Removing bldc.o(.rev16_text), (4 bytes).
    Removing bldc.o(.revsh_text), (4 bytes).
    Removing bldc.o(.rrx_text), (6 bytes).
    Removing setup.o(.rev16_text), (4 bytes).
    Removing setup.o(.revsh_text), (4 bytes).
    Removing setup.o(.rrx_text), (6 bytes).
    Removing it.o(.rev16_text), (4 bytes).
    Removing it.o(.revsh_text), (4 bytes).
    Removing it.o(.rrx_text), (6 bytes).
    Removing comms.o(.rev16_text), (4 bytes).
    Removing comms.o(.revsh_text), (4 bytes).
    Removing comms.o(.rrx_text), (6 bytes).
    Removing commssteering.o(.rev16_text), (4 bytes).
    Removing commssteering.o(.revsh_text), (4 bytes).
    Removing commssteering.o(.rrx_text), (6 bytes).
    Removing led.o(.rev16_text), (4 bytes).
    Removing led.o(.revsh_text), (4 bytes).
    Removing led.o(.rrx_text), (6 bytes).
    Removing commshugs.o(.rev16_text), (4 bytes).
    Removing commshugs.o(.revsh_text), (4 bytes).
    Removing commshugs.o(.rrx_text), (6 bytes).
    Removing gd32f1x0_adc.o(.rev16_text), (4 bytes).
    Removing gd32f1x0_adc.o(.revsh_text), (4 bytes).
    Removing gd32f1x0_adc.o(.rrx_text), (6 bytes).
    Removing gd32f1x0_dbg.o(.rev16_text), (4 bytes).
    Removing gd32f1x0_dbg.o(.revsh_text), (4 bytes).
    Removing gd32f1x0_dbg.o(.rrx_text), (6 bytes).
    Removing gd32f1x0_dbg.o(.text), (100 bytes).
    Removing gd32f1x0_dma.o(.rev16_text), (4 bytes).
    Removing gd32f1x0_dma.o(.revsh_text), (4 bytes).
    Removing gd32f1x0_dma.o(.rrx_text), (6 bytes).
    Removing gd32f1x0_fwdgt.o(.rev16_text), (4 bytes).
    Removing gd32f1x0_fwdgt.o(.revsh_text), (4 bytes).
    Removing gd32f1x0_fwdgt.o(.rrx_text), (6 bytes).
    Removing gd32f1x0_gpio.o(.rev16_text), (4 bytes).
    Removing gd32f1x0_gpio.o(.revsh_text), (4 bytes).
    Removing gd32f1x0_gpio.o(.rrx_text), (6 bytes).
    Removing gd32f1x0_i2c.o(.rev16_text), (4 bytes).
    Removing gd32f1x0_i2c.o(.revsh_text), (4 bytes).
    Removing gd32f1x0_i2c.o(.rrx_text), (6 bytes).
    Removing gd32f1x0_i2c.o(.text), (824 bytes).
    Removing gd32f1x0_misc.o(.rev16_text), (4 bytes).
    Removing gd32f1x0_misc.o(.revsh_text), (4 bytes).
    Removing gd32f1x0_misc.o(.rrx_text), (6 bytes).
    Removing gd32f1x0_pmu.o(.rev16_text), (4 bytes).
    Removing gd32f1x0_pmu.o(.revsh_text), (4 bytes).
    Removing gd32f1x0_pmu.o(.rrx_text), (6 bytes).
    Removing gd32f1x0_pmu.o(.text), (448 bytes).
    Removing gd32f1x0_pmu.o(.bss), (16 bytes).
    Removing gd32f1x0_rcu.o(.rev16_text), (4 bytes).
    Removing gd32f1x0_rcu.o(.revsh_text), (4 bytes).
    Removing gd32f1x0_rcu.o(.rrx_text), (6 bytes).
    Removing gd32f1x0_syscfg.o(.rev16_text), (4 bytes).
    Removing gd32f1x0_syscfg.o(.revsh_text), (4 bytes).
    Removing gd32f1x0_syscfg.o(.rrx_text), (6 bytes).
    Removing gd32f1x0_syscfg.o(.text), (272 bytes).
    Removing gd32f1x0_timer.o(.rev16_text), (4 bytes).
    Removing gd32f1x0_timer.o(.revsh_text), (4 bytes).
    Removing gd32f1x0_timer.o(.rrx_text), (6 bytes).
    Removing gd32f1x0_usart.o(.rev16_text), (4 bytes).
    Removing gd32f1x0_usart.o(.revsh_text), (4 bytes).
    Removing gd32f1x0_usart.o(.rrx_text), (6 bytes).
    Removing gd32f1x0_wwdgt.o(.rev16_text), (4 bytes).
    Removing gd32f1x0_wwdgt.o(.revsh_text), (4 bytes).
    Removing gd32f1x0_wwdgt.o(.rrx_text), (6 bytes).
    Removing gd32f1x0_wwdgt.o(.text), (168 bytes).
    Removing system_gd32f1x0.o(.rev16_text), (4 bytes).
    Removing system_gd32f1x0.o(.revsh_text), (4 bytes).
    Removing system_gd32f1x0.o(.rrx_text), (6 bytes).

72 unused section(s) (total 2136 bytes) removed from the image.

==============================================================================

Image Symbol Table

    Local Symbols

    Symbol Name                              Value     Ov Type        Size  Object(Section)

    ../clib/angel/boardlib.s                 0x00000000   Number         0  boardinit2.o ABSOLUTE
    ../clib/angel/boardlib.s                 0x00000000   Number         0  boardshut.o ABSOLUTE
    ../clib/angel/boardlib.s                 0x00000000   Number         0  boardinit3.o ABSOLUTE
    ../clib/angel/boardlib.s                 0x00000000   Number         0  boardinit1.o ABSOLUTE
    ../clib/angel/handlers.s                 0x00000000   Number         0  __scatter_zi.o ABSOLUTE
    ../clib/angel/handlers.s                 0x00000000   Number         0  __scatter_copy.o ABSOLUTE
    ../clib/angel/kernel.s                   0x00000000   Number         0  __rtentry.o ABSOLUTE
    ../clib/angel/kernel.s                   0x00000000   Number         0  rtexit.o ABSOLUTE
    ../clib/angel/kernel.s                   0x00000000   Number         0  __rtentry2.o ABSOLUTE
    ../clib/angel/kernel.s                   0x00000000   Number         0  rtexit2.o ABSOLUTE
    ../clib/angel/kernel.s                   0x00000000   Number         0  __rtentry4.o ABSOLUTE
    ../clib/angel/rt.s                       0x00000000   Number         0  rt_raise.o ABSOLUTE
    ../clib/angel/scatter.s                  0x00000000   Number         0  __scatter.o ABSOLUTE
    ../clib/angel/startup.s                  0x00000000   Number         0  __main.o ABSOLUTE
    ../clib/angel/sys.s                      0x00000000   Number         0  indicate_semi.o ABSOLUTE
    ../clib/angel/sys.s                      0x00000000   Number         0  use_no_semi.o ABSOLUTE
    ../clib/angel/sys.s                      0x00000000   Number         0  libspace.o ABSOLUTE
    ../clib/angel/sys.s                      0x00000000   Number         0  sys_stackheap_outer.o ABSOLUTE
    ../clib/angel/sysapp.c                   0x00000000   Number         0  sys_exit.o ABSOLUTE
    ../clib/angel/sysapp.c                   0x00000000   Number         0  sys_command.o ABSOLUTE
    ../clib/angel/sysapp.c                   0x00000000   Number         0  sys_wrch.o ABSOLUTE
    ../clib/armsys.c                         0x00000000   Number         0  _get_argv_nomalloc.o ABSOLUTE
    ../clib/armsys.c                         0x00000000   Number         0  argv_veneer.o ABSOLUTE
    ../clib/armsys.c                         0x00000000   Number         0  no_argv.o ABSOLUTE
    ../clib/armsys.c                         0x00000000   Number         0  argv_veneer.o ABSOLUTE
    ../clib/heapalloc.c                      0x00000000   Number         0  hrguard.o ABSOLUTE
    ../clib/heapaux.c                        0x00000000   Number         0  heapauxi.o ABSOLUTE
    ../clib/libinit.s                        0x00000000   Number         0  libinit.o ABSOLUTE
    ../clib/libinit.s                        0x00000000   Number         0  libshutdown.o ABSOLUTE
    ../clib/libinit.s                        0x00000000   Number         0  libinit2.o ABSOLUTE
    ../clib/libinit.s                        0x00000000   Number         0  libshutdown2.o ABSOLUTE
    ../clib/memcpset.s                       0x00000000   Number         0  rt_memcpy_w.o ABSOLUTE
    ../clib/memcpset.s                       0x00000000   Number         0  rt_memcpy_v6.o ABSOLUTE
    ../clib/signal.c                         0x00000000   Number         0  defsig_fpe_inner.o ABSOLUTE
    ../clib/signal.c                         0x00000000   Number         0  defsig_rtmem_inner.o ABSOLUTE
    ../clib/signal.c                         0x00000000   Number         0  defsig_other.o ABSOLUTE
    ../clib/signal.c                         0x00000000   Number         0  defsig_general.o ABSOLUTE
    ../clib/signal.c                         0x00000000   Number         0  __raise.o ABSOLUTE
    ../clib/signal.c                         0x00000000   Number         0  defsig_segv_inner.o ABSOLUTE
    ../clib/signal.c                         0x00000000   Number         0  defsig_cppl_inner.o ABSOLUTE
    ../clib/signal.c                         0x00000000   Number         0  defsig_pvfn_inner.o ABSOLUTE
    ../clib/signal.c                         0x00000000   Number         0  defsig_stak_inner.o ABSOLUTE
    ../clib/signal.c                         0x00000000   Number         0  defsig_exit.o ABSOLUTE
    ../clib/signal.c                         0x00000000   Number         0  defsig_rtmem_formal.o ABSOLUTE
    ../clib/signal.c                         0x00000000   Number         0  defsig_rtred_inner.o ABSOLUTE
    ../clib/signal.c                         0x00000000   Number         0  defsig_abrt_inner.o ABSOLUTE
    ../clib/signal.c                         0x00000000   Number         0  defsig_rtmem_outer.o ABSOLUTE
    ../clib/signal.s                         0x00000000   Number         0  defsig.o ABSOLUTE
    ../clib/stdlib.c                         0x00000000   Number         0  exit.o ABSOLUTE
    ../fplib/dcmpi.s                         0x00000000   Number         0  dcmpi.o ABSOLUTE
    ../fplib/dflt.s                          0x00000000   Number         0  dflt_clz.o ABSOLUTE
    ../fplib/dleqf.s                         0x00000000   Number         0  dleqf.o ABSOLUTE
    ../fplib/dnaninf.s                       0x00000000   Number         0  dnaninf.o ABSOLUTE
    ../fplib/fpinit.s                        0x00000000   Number         0  fpinit.o ABSOLUTE
    ../fplib/usenofp.s                       0x00000000   Number         0  usenofp.o ABSOLUTE
    RTE\Device\GD32F130C8\gd32f1x0_adc.c     0x00000000   Number         0  gd32f1x0_adc.o ABSOLUTE
    RTE\Device\GD32F130C8\gd32f1x0_dbg.c     0x00000000   Number         0  gd32f1x0_dbg.o ABSOLUTE
    RTE\Device\GD32F130C8\gd32f1x0_dma.c     0x00000000   Number         0  gd32f1x0_dma.o ABSOLUTE
    RTE\Device\GD32F130C8\gd32f1x0_fwdgt.c   0x00000000   Number         0  gd32f1x0_fwdgt.o ABSOLUTE
    RTE\Device\GD32F130C8\gd32f1x0_gpio.c    0x00000000   Number         0  gd32f1x0_gpio.o ABSOLUTE
    RTE\Device\GD32F130C8\gd32f1x0_i2c.c     0x00000000   Number         0  gd32f1x0_i2c.o ABSOLUTE
    RTE\Device\GD32F130C8\gd32f1x0_misc.c    0x00000000   Number         0  gd32f1x0_misc.o ABSOLUTE
    RTE\Device\GD32F130C8\gd32f1x0_opa.c     0x00000000   Number         0  gd32f1x0_opa.o ABSOLUTE
    RTE\Device\GD32F130C8\gd32f1x0_pmu.c     0x00000000   Number         0  gd32f1x0_pmu.o ABSOLUTE
    RTE\Device\GD32F130C8\gd32f1x0_rcu.c     0x00000000   Number         0  gd32f1x0_rcu.o ABSOLUTE
    RTE\Device\GD32F130C8\gd32f1x0_syscfg.c  0x00000000   Number         0  gd32f1x0_syscfg.o ABSOLUTE
    RTE\Device\GD32F130C8\gd32f1x0_timer.c   0x00000000   Number         0  gd32f1x0_timer.o ABSOLUTE
    RTE\Device\GD32F130C8\gd32f1x0_usart.c   0x00000000   Number         0  gd32f1x0_usart.o ABSOLUTE
    RTE\Device\GD32F130C8\gd32f1x0_wwdgt.c   0x00000000   Number         0  gd32f1x0_wwdgt.o ABSOLUTE
    RTE\Device\GD32F130C8\startup_gd32f1x0.s 0x00000000   Number         0  startup_gd32f1x0.o ABSOLUTE
    RTE\Device\GD32F130C8\system_gd32f1x0.c  0x00000000   Number         0  system_gd32f1x0.o ABSOLUTE
    RTE\\Device\\GD32F130C8\\gd32f1x0_adc.c  0x00000000   Number         0  gd32f1x0_adc.o ABSOLUTE
    RTE\\Device\\GD32F130C8\\gd32f1x0_dbg.c  0x00000000   Number         0  gd32f1x0_dbg.o ABSOLUTE
    RTE\\Device\\GD32F130C8\\gd32f1x0_dma.c  0x00000000   Number         0  gd32f1x0_dma.o ABSOLUTE
    RTE\\Device\\GD32F130C8\\gd32f1x0_fwdgt.c 0x00000000   Number         0  gd32f1x0_fwdgt.o ABSOLUTE
    RTE\\Device\\GD32F130C8\\gd32f1x0_gpio.c 0x00000000   Number         0  gd32f1x0_gpio.o ABSOLUTE
    RTE\\Device\\GD32F130C8\\gd32f1x0_i2c.c  0x00000000   Number         0  gd32f1x0_i2c.o ABSOLUTE
    RTE\\Device\\GD32F130C8\\gd32f1x0_misc.c 0x00000000   Number         0  gd32f1x0_misc.o ABSOLUTE
    RTE\\Device\\GD32F130C8\\gd32f1x0_pmu.c  0x00000000   Number         0  gd32f1x0_pmu.o ABSOLUTE
    RTE\\Device\\GD32F130C8\\gd32f1x0_rcu.c  0x00000000   Number         0  gd32f1x0_rcu.o ABSOLUTE
    RTE\\Device\\GD32F130C8\\gd32f1x0_syscfg.c 0x00000000   Number         0  gd32f1x0_syscfg.o ABSOLUTE
    RTE\\Device\\GD32F130C8\\gd32f1x0_timer.c 0x00000000   Number         0  gd32f1x0_timer.o ABSOLUTE
    RTE\\Device\\GD32F130C8\\gd32f1x0_usart.c 0x00000000   Number         0  gd32f1x0_usart.o ABSOLUTE
    RTE\\Device\\GD32F130C8\\gd32f1x0_wwdgt.c 0x00000000   Number         0  gd32f1x0_wwdgt.o ABSOLUTE
    RTE\\Device\\GD32F130C8\\system_gd32f1x0.c 0x00000000   Number         0  system_gd32f1x0.o ABSOLUTE
    Src\\bldc.c                              0x00000000   Number         0  bldc.o ABSOLUTE
    Src\\comms.c                             0x00000000   Number         0  comms.o ABSOLUTE
    Src\\commsHUGS.c                         0x00000000   Number         0  commshugs.o ABSOLUTE
    Src\\commsSteering.c                     0x00000000   Number         0  commssteering.o ABSOLUTE
    Src\\it.c                                0x00000000   Number         0  it.o ABSOLUTE
    Src\\led.c                               0x00000000   Number         0  led.o ABSOLUTE
    Src\\main.c                              0x00000000   Number         0  main.o ABSOLUTE
    Src\\setup.c                             0x00000000   Number         0  setup.o ABSOLUTE
    Src\bldc.c                               0x00000000   Number         0  bldc.o ABSOLUTE
    Src\comms.c                              0x00000000   Number         0  comms.o ABSOLUTE
    Src\commsHUGS.c                          0x00000000   Number         0  commshugs.o ABSOLUTE
    Src\commsSteering.c                      0x00000000   Number         0  commssteering.o ABSOLUTE
    Src\it.c                                 0x00000000   Number         0  it.o ABSOLUTE
    Src\led.c                                0x00000000   Number         0  led.o ABSOLUTE
    Src\main.c                               0x00000000   Number         0  main.o ABSOLUTE
    Src\setup.c                              0x00000000   Number         0  setup.o ABSOLUTE
    dc.s                                     0x00000000   Number         0  dc.o ABSOLUTE
    RESET                                    0x08000000   Section      360  startup_gd32f1x0.o(RESET)
    !!!main                                  0x08000168   Section        8  __main.o(!!!main)
    !!!scatter                               0x08000170   Section       52  __scatter.o(!!!scatter)
    !!handler_copy                           0x080001a4   Section       26  __scatter_copy.o(!!handler_copy)
    !!handler_zi                             0x080001c0   Section       28  __scatter_zi.o(!!handler_zi)
    .ARM.Collect$$libinit$$00000000          0x080001dc   Section        2  libinit.o(.ARM.Collect$$libinit$$00000000)
    .ARM.Collect$$libinit$$00000002          0x080001de   Section        0  libinit2.o(.ARM.Collect$$libinit$$00000002)
    .ARM.Collect$$libinit$$00000004          0x080001de   Section        0  libinit2.o(.ARM.Collect$$libinit$$00000004)
    .ARM.Collect$$libinit$$0000000A          0x080001de   Section        0  libinit2.o(.ARM.Collect$$libinit$$0000000A)
    .ARM.Collect$$libinit$$0000000C          0x080001de   Section        0  libinit2.o(.ARM.Collect$$libinit$$0000000C)
    .ARM.Collect$$libinit$$0000000E          0x080001de   Section        0  libinit2.o(.ARM.Collect$$libinit$$0000000E)
    .ARM.Collect$$libinit$$00000011          0x080001de   Section        0  libinit2.o(.ARM.Collect$$libinit$$00000011)
    .ARM.Collect$$libinit$$00000013          0x080001de   Section        0  libinit2.o(.ARM.Collect$$libinit$$00000013)
    .ARM.Collect$$libinit$$00000015          0x080001de   Section        0  libinit2.o(.ARM.Collect$$libinit$$00000015)
    .ARM.Collect$$libinit$$00000017          0x080001de   Section        0  libinit2.o(.ARM.Collect$$libinit$$00000017)
    .ARM.Collect$$libinit$$00000019          0x080001de   Section        0  libinit2.o(.ARM.Collect$$libinit$$00000019)
    .ARM.Collect$$libinit$$0000001B          0x080001de   Section        0  libinit2.o(.ARM.Collect$$libinit$$0000001B)
    .ARM.Collect$$libinit$$0000001D          0x080001de   Section        0  libinit2.o(.ARM.Collect$$libinit$$0000001D)
    .ARM.Collect$$libinit$$0000001F          0x080001de   Section        0  libinit2.o(.ARM.Collect$$libinit$$0000001F)
    .ARM.Collect$$libinit$$00000021          0x080001de   Section        0  libinit2.o(.ARM.Collect$$libinit$$00000021)
    .ARM.Collect$$libinit$$00000023          0x080001de   Section        0  libinit2.o(.ARM.Collect$$libinit$$00000023)
    .ARM.Collect$$libinit$$00000025          0x080001de   Section        0  libinit2.o(.ARM.Collect$$libinit$$00000025)
    .ARM.Collect$$libinit$$0000002C          0x080001de   Section        0  libinit2.o(.ARM.Collect$$libinit$$0000002C)
    .ARM.Collect$$libinit$$0000002E          0x080001de   Section        0  libinit2.o(.ARM.Collect$$libinit$$0000002E)
    .ARM.Collect$$libinit$$00000030          0x080001de   Section        0  libinit2.o(.ARM.Collect$$libinit$$00000030)
    .ARM.Collect$$libinit$$00000032          0x080001de   Section        0  libinit2.o(.ARM.Collect$$libinit$$00000032)
    .ARM.Collect$$libinit$$00000033          0x080001de   Section        2  libinit2.o(.ARM.Collect$$libinit$$00000033)
    .ARM.Collect$$libshutdown$$00000000      0x080001e0   Section        2  libshutdown.o(.ARM.Collect$$libshutdown$$00000000)
    .ARM.Collect$$libshutdown$$00000002      0x080001e2   Section        0  libshutdown2.o(.ARM.Collect$$libshutdown$$00000002)
    .ARM.Collect$$libshutdown$$00000004      0x080001e2   Section        0  libshutdown2.o(.ARM.Collect$$libshutdown$$00000004)
    .ARM.Collect$$libshutdown$$00000007      0x080001e2   Section        0  libshutdown2.o(.ARM.Collect$$libshutdown$$00000007)
    .ARM.Collect$$libshutdown$$0000000A      0x080001e2   Section        0  libshutdown2.o(.ARM.Collect$$libshutdown$$0000000A)
    .ARM.Collect$$libshutdown$$0000000C      0x080001e2   Section        0  libshutdown2.o(.ARM.Collect$$libshutdown$$0000000C)
    .ARM.Collect$$libshutdown$$0000000F      0x080001e2   Section        0  libshutdown2.o(.ARM.Collect$$libshutdown$$0000000F)
    .ARM.Collect$$libshutdown$$00000010      0x080001e2   Section        2  libshutdown2.o(.ARM.Collect$$libshutdown$$00000010)
    .ARM.Collect$$rtentry$$00000000          0x080001e4   Section        0  __rtentry.o(.ARM.Collect$$rtentry$$00000000)
    .ARM.Collect$$rtentry$$00000002          0x080001e4   Section        0  __rtentry2.o(.ARM.Collect$$rtentry$$00000002)
    .ARM.Collect$$rtentry$$00000004          0x080001e4   Section        6  __rtentry4.o(.ARM.Collect$$rtentry$$00000004)
    .ARM.Collect$$rtentry$$00000009          0x080001ea   Section        0  __rtentry2.o(.ARM.Collect$$rtentry$$00000009)
    .ARM.Collect$$rtentry$$0000000A          0x080001ea   Section        4  __rtentry2.o(.ARM.Collect$$rtentry$$0000000A)
    .ARM.Collect$$rtentry$$0000000C          0x080001ee   Section        0  __rtentry2.o(.ARM.Collect$$rtentry$$0000000C)
    .ARM.Collect$$rtentry$$0000000D          0x080001ee   Section        8  __rtentry2.o(.ARM.Collect$$rtentry$$0000000D)
    .ARM.Collect$$rtexit$$00000000           0x080001f6   Section        2  rtexit.o(.ARM.Collect$$rtexit$$00000000)
    .ARM.Collect$$rtexit$$00000002           0x080001f8   Section        0  rtexit2.o(.ARM.Collect$$rtexit$$00000002)
    .ARM.Collect$$rtexit$$00000003           0x080001f8   Section        4  rtexit2.o(.ARM.Collect$$rtexit$$00000003)
    .ARM.Collect$$rtexit$$00000004           0x080001fc   Section        6  rtexit2.o(.ARM.Collect$$rtexit$$00000004)
    .text                                    0x08000204   Section        0  main.o(.text)
    .text                                    0x08000424   Section        0  bldc.o(.text)
    .text                                    0x08000bac   Section        0  setup.o(.text)
    .text                                    0x080013b0   Section        0  it.o(.text)
    .text                                    0x080014b4   Section        0  comms.o(.text)
    .text                                    0x08001524   Section        0  commssteering.o(.text)
    .text                                    0x080015d8   Section        0  commshugs.o(.text)
    .text                                    0x08001924   Section        0  gd32f1x0_adc.o(.text)
    .text                                    0x08001fa8   Section        0  gd32f1x0_dma.o(.text)
    .text                                    0x0800245c   Section        0  gd32f1x0_fwdgt.o(.text)
    .text                                    0x08002528   Section        0  gd32f1x0_gpio.o(.text)
    .text                                    0x08002704   Section        0  gd32f1x0_misc.o(.text)
    .text                                    0x08002828   Section        0  gd32f1x0_rcu.o(.text)
    .text                                    0x080030d0   Section        0  gd32f1x0_timer.o(.text)
    .text                                    0x08003dfc   Section        0  gd32f1x0_usart.o(.text)
    .text                                    0x0800444c   Section       64  startup_gd32f1x0.o(.text)
    .text                                    0x0800448c   Section        0  system_gd32f1x0.o(.text)
    system_clock_72m_irc8m                   0x0800448d   Thumb Code   106  system_gd32f1x0.o(.text)
    system_clock_config                      0x080044f7   Thumb Code     8  system_gd32f1x0.o(.text)
    .text                                    0x08004678   Section      138  rt_memcpy_v6.o(.text)
    .text                                    0x08004702   Section      100  rt_memcpy_w.o(.text)
    .text                                    0x08004766   Section        0  heapauxi.o(.text)
    .text                                    0x0800476c   Section       74  sys_stackheap_outer.o(.text)
    .text                                    0x080047b6   Section        0  exit.o(.text)
    .text                                    0x080047c8   Section        8  libspace.o(.text)
    .text                                    0x080047d0   Section        0  sys_exit.o(.text)
    .text                                    0x080047dc   Section        2  use_no_semi.o(.text)
    .text                                    0x080047de   Section        0  indicate_semi.o(.text)
    i.blockPWM                               0x080047de   Section        0  bldc.o(i.blockPWM)
    x$fpl$dcmpinf                            0x08004846   Section       24  dcmpi.o(x$fpl$dcmpinf)
    x$fpl$dflt                               0x0800485e   Section       46  dflt_clz.o(x$fpl$dflt)
    x$fpl$dleqf                              0x0800488c   Section      120  dleqf.o(x$fpl$dleqf)
    x$fpl$dnaninf                            0x08004904   Section      156  dnaninf.o(x$fpl$dnaninf)
    .constdata                               0x080049a0   Section      754  bldc.o(.constdata)
    x$fpl$usenofp                            0x080049a0   Section        0  usenofp.o(x$fpl$usenofp)
    .data                                    0x20000000   Section        8  main.o(.data)
    .data                                    0x20000008   Section       94  bldc.o(.data)
    .data                                    0x20000066   Section        2  setup.o(.data)
    .data                                    0x20000068   Section        9  it.o(.data)
    .data                                    0x20000071   Section       10  commssteering.o(.data)
    sSteerRecord                             0x20000071   Data           1  commssteering.o(.data)
    sUSARTSteerRecordBuffer                  0x20000072   Data           8  commssteering.o(.data)
    sUSARTSteerRecordBufferCounter           0x2000007a   Data           1  commssteering.o(.data)
    .data                                    0x2000007c   Section       11  commshugs.o(.data)
    sHUGSRecord                              0x2000007c   Data           1  commshugs.o(.data)
    sUSARTHUGSRecordBufferCounter            0x2000007d   Data           1  commshugs.o(.data)
    .data                                    0x20000088   Section        4  system_gd32f1x0.o(.data)
    .bss                                     0x2000008c   Section      132  setup.o(.bss)
    .bss                                     0x20000110   Section       13  commshugs.o(.bss)
    sUSARTHUGSRecordBuffer                   0x20000110   Data          13  commshugs.o(.bss)
    .bss                                     0x20000120   Section       96  libspace.o(.bss)
    HEAP                                     0x20000180   Section     1024  startup_gd32f1x0.o(HEAP)
    Heap_Mem                                 0x20000180   Data        1024  startup_gd32f1x0.o(HEAP)
    STACK                                    0x20000580   Section     1024  startup_gd32f1x0.o(STACK)
    Stack_Mem                                0x20000580   Data        1024  startup_gd32f1x0.o(STACK)
    __initial_sp                             0x20000980   Data           0  startup_gd32f1x0.o(STACK)

    Global Symbols

    Symbol Name                              Value     Ov Type        Size  Object(Section)

    BuildAttributes$$THM_ISAv4$P$D$K$B$S$PE$A:L22UL41UL21$X:L11$S22US41US21$IEEE1$IW$USESV6$~STKCKD$USESV7$~SHL$OSPACE$ROPI$EBA8$UX$STANDARDLIB$REQ8$PRES8$EABIv2 0x00000000   Number         0  anon$$obj.o ABSOLUTE
    __ARM_use_no_argv                        0x00000000   Number         0  main.o ABSOLUTE
    __ARM_exceptions_init                     - Undefined Weak Reference
    __alloca_initialize                       - Undefined Weak Reference
    __arm_preinit_                            - Undefined Weak Reference
    __cpp_initialize__aeabi_                  - Undefined Weak Reference
    __cxa_finalize                            - Undefined Weak Reference
    __rt_locale                               - Undefined Weak Reference
    __sigvec_lookup                           - Undefined Weak Reference
    _atexit_init                              - Undefined Weak Reference
    _call_atexit_fns                          - Undefined Weak Reference
    _clock_init                               - Undefined Weak Reference
    _fp_trap_init                             - Undefined Weak Reference
    _fp_trap_shutdown                         - Undefined Weak Reference
    _get_lc_collate                           - Undefined Weak Reference
    _get_lc_ctype                             - Undefined Weak Reference
    _get_lc_monetary                          - Undefined Weak Reference
    _get_lc_numeric                           - Undefined Weak Reference
    _get_lc_time                              - Undefined Weak Reference
    _getenv_init                              - Undefined Weak Reference
    _handle_redirection                       - Undefined Weak Reference
    _init_alloc                               - Undefined Weak Reference
    _init_user_alloc                          - Undefined Weak Reference
    _initio                                   - Undefined Weak Reference
    _rand_init                                - Undefined Weak Reference
    _signal_finish                            - Undefined Weak Reference
    _signal_init                              - Undefined Weak Reference
    _terminate_alloc                          - Undefined Weak Reference
    _terminate_user_alloc                     - Undefined Weak Reference
    _terminateio                              - Undefined Weak Reference
    __Vectors_Size                           0x00000168   Number         0  startup_gd32f1x0.o ABSOLUTE
    __Vectors                                0x08000000   Data           4  startup_gd32f1x0.o(RESET)
    __Vectors_End                            0x08000168   Data           0  startup_gd32f1x0.o(RESET)
    __main                                   0x08000169   Thumb Code     8  __main.o(!!!main)
    __scatterload                            0x08000171   Thumb Code     0  __scatter.o(!!!scatter)
    __scatterload_rt2                        0x08000171   Thumb Code    44  __scatter.o(!!!scatter)
    __scatterload_rt2_thumb_only             0x08000171   Thumb Code     0  __scatter.o(!!!scatter)
    __scatterload_null                       0x0800017f   Thumb Code     0  __scatter.o(!!!scatter)
    __scatterload_copy                       0x080001a5   Thumb Code    26  __scatter_copy.o(!!handler_copy)
    __scatterload_zeroinit                   0x080001c1   Thumb Code    28  __scatter_zi.o(!!handler_zi)
    __rt_lib_init                            0x080001dd   Thumb Code     0  libinit.o(.ARM.Collect$$libinit$$00000000)
    __rt_lib_init_alloca_1                   0x080001df   Thumb Code     0  libinit2.o(.ARM.Collect$$libinit$$0000002E)
    __rt_lib_init_argv_1                     0x080001df   Thumb Code     0  libinit2.o(.ARM.Collect$$libinit$$0000002C)
    __rt_lib_init_atexit_1                   0x080001df   Thumb Code     0  libinit2.o(.ARM.Collect$$libinit$$0000001B)
    __rt_lib_init_clock_1                    0x080001df   Thumb Code     0  libinit2.o(.ARM.Collect$$libinit$$00000021)
    __rt_lib_init_cpp_1                      0x080001df   Thumb Code     0  libinit2.o(.ARM.Collect$$libinit$$00000032)
    __rt_lib_init_exceptions_1               0x080001df   Thumb Code     0  libinit2.o(.ARM.Collect$$libinit$$00000030)
    __rt_lib_init_fp_1                       0x080001df   Thumb Code     0  libinit2.o(.ARM.Collect$$libinit$$00000002)
    __rt_lib_init_fp_trap_1                  0x080001df   Thumb Code     0  libinit2.o(.ARM.Collect$$libinit$$0000001F)
    __rt_lib_init_getenv_1                   0x080001df   Thumb Code     0  libinit2.o(.ARM.Collect$$libinit$$00000023)
    __rt_lib_init_heap_1                     0x080001df   Thumb Code     0  libinit2.o(.ARM.Collect$$libinit$$0000000A)
    __rt_lib_init_lc_collate_1               0x080001df   Thumb Code     0  libinit2.o(.ARM.Collect$$libinit$$00000011)
    __rt_lib_init_lc_ctype_1                 0x080001df   Thumb Code     0  libinit2.o(.ARM.Collect$$libinit$$00000013)
    __rt_lib_init_lc_monetary_1              0x080001df   Thumb Code     0  libinit2.o(.ARM.Collect$$libinit$$00000015)
    __rt_lib_init_lc_numeric_1               0x080001df   Thumb Code     0  libinit2.o(.ARM.Collect$$libinit$$00000017)
    __rt_lib_init_lc_time_1                  0x080001df   Thumb Code     0  libinit2.o(.ARM.Collect$$libinit$$00000019)
    __rt_lib_init_preinit_1                  0x080001df   Thumb Code     0  libinit2.o(.ARM.Collect$$libinit$$00000004)
    __rt_lib_init_rand_1                     0x080001df   Thumb Code     0  libinit2.o(.ARM.Collect$$libinit$$0000000E)
    __rt_lib_init_return                     0x080001df   Thumb Code     0  libinit2.o(.ARM.Collect$$libinit$$00000033)
    __rt_lib_init_signal_1                   0x080001df   Thumb Code     0  libinit2.o(.ARM.Collect$$libinit$$0000001D)
    __rt_lib_init_stdio_1                    0x080001df   Thumb Code     0  libinit2.o(.ARM.Collect$$libinit$$00000025)
    __rt_lib_init_user_alloc_1               0x080001df   Thumb Code     0  libinit2.o(.ARM.Collect$$libinit$$0000000C)
    __rt_lib_shutdown                        0x080001e1   Thumb Code     0  libshutdown.o(.ARM.Collect$$libshutdown$$00000000)
    __rt_lib_shutdown_cpp_1                  0x080001e3   Thumb Code     0  libshutdown2.o(.ARM.Collect$$libshutdown$$00000002)
    __rt_lib_shutdown_fp_trap_1              0x080001e3   Thumb Code     0  libshutdown2.o(.ARM.Collect$$libshutdown$$00000007)
    __rt_lib_shutdown_heap_1                 0x080001e3   Thumb Code     0  libshutdown2.o(.ARM.Collect$$libshutdown$$0000000F)
    __rt_lib_shutdown_return                 0x080001e3   Thumb Code     0  libshutdown2.o(.ARM.Collect$$libshutdown$$00000010)
    __rt_lib_shutdown_signal_1               0x080001e3   Thumb Code     0  libshutdown2.o(.ARM.Collect$$libshutdown$$0000000A)
    __rt_lib_shutdown_stdio_1                0x080001e3   Thumb Code     0  libshutdown2.o(.ARM.Collect$$libshutdown$$00000004)
    __rt_lib_shutdown_user_alloc_1           0x080001e3   Thumb Code     0  libshutdown2.o(.ARM.Collect$$libshutdown$$0000000C)
    __rt_entry                               0x080001e5   Thumb Code     0  __rtentry.o(.ARM.Collect$$rtentry$$00000000)
    __rt_entry_presh_1                       0x080001e5   Thumb Code     0  __rtentry2.o(.ARM.Collect$$rtentry$$00000002)
    __rt_entry_sh                            0x080001e5   Thumb Code     0  __rtentry4.o(.ARM.Collect$$rtentry$$00000004)
    __rt_entry_li                            0x080001eb   Thumb Code     0  __rtentry2.o(.ARM.Collect$$rtentry$$0000000A)
    __rt_entry_postsh_1                      0x080001eb   Thumb Code     0  __rtentry2.o(.ARM.Collect$$rtentry$$00000009)
    __rt_entry_main                          0x080001ef   Thumb Code     0  __rtentry2.o(.ARM.Collect$$rtentry$$0000000D)
    __rt_entry_postli_1                      0x080001ef   Thumb Code     0  __rtentry2.o(.ARM.Collect$$rtentry$$0000000C)
    __rt_exit                                0x080001f7   Thumb Code     0  rtexit.o(.ARM.Collect$$rtexit$$00000000)
    __rt_exit_ls                             0x080001f9   Thumb Code     0  rtexit2.o(.ARM.Collect$$rtexit$$00000003)
    __rt_exit_prels_1                        0x080001f9   Thumb Code     0  rtexit2.o(.ARM.Collect$$rtexit$$00000002)
    __rt_exit_exit                           0x080001fd   Thumb Code     0  rtexit2.o(.ARM.Collect$$rtexit$$00000004)
    ShutOff                                  0x08000205   Thumb Code    90  main.o(.text)
    ShowBatteryState                         0x0800025f   Thumb Code    78  main.o(.text)
    main                                     0x080002ad   Thumb Code   324  main.o(.text)
    SetEnable                                0x08000425   Thumb Code    20  bldc.o(.text)
    abs16                                    0x08000439   Thumb Code    10  bldc.o(.text)
    SetSpeed                                 0x08000443   Thumb Code   140  bldc.o(.text)
    SetPWM                                   0x080004cf   Thumb Code    30  bldc.o(.text)
    SetPower                                 0x080004ed   Thumb Code    32  bldc.o(.text)
    GetPWM                                   0x0800050d   Thumb Code    22  bldc.o(.text)
    GetSpeed                                 0x08000523   Thumb Code    56  bldc.o(.text)
    setPhaseAngle                            0x0800055b   Thumb Code   112  bldc.o(.text)
    getTransitionAngle                       0x080005cb   Thumb Code    46  bldc.o(.text)
    hallToPos                                0x080005f9   Thumb Code    56  bldc.o(.text)
    CalculateBLDC                            0x08000631   Thumb Code  1294  bldc.o(.text)
    Interrupt_init                           0x08000bad   Thumb Code    12  setup.o(.text)
    Watchdog_init                            0x08000bb9   Thumb Code    54  setup.o(.text)
    TimeoutTimer_init                        0x08000bef   Thumb Code    80  setup.o(.text)
    GPIO_init                                0x08000c3f   Thumb Code   836  setup.o(.text)
    PWM_init                                 0x08000f83   Thumb Code   388  setup.o(.text)
    ADC_init                                 0x08001107   Thumb Code   226  setup.o(.text)
    USART_HUGS_init                          0x080011e9   Thumb Code   206  setup.o(.text)
    USART_Steer_COM_init                     0x080012b7   Thumb Code   206  setup.o(.text)
    SysTick_Handler                          0x080013b1   Thumb Code    12  it.o(.text)
    ResetTimeout                             0x080013bd   Thumb Code     8  it.o(.text)
    TIMER13_IRQHandler                       0x080013c5   Thumb Code    68  it.o(.text)
    TIMER0_BRK_UP_TRG_COM_IRQHandler         0x08001409   Thumb Code    18  it.o(.text)
    DMA_Channel0_IRQHandler                  0x0800141b   Thumb Code    26  it.o(.text)
    DMA_Channel1_2_IRQHandler                0x08001435   Thumb Code    26  it.o(.text)
    DMA_Channel3_4_IRQHandler                0x0800144f   Thumb Code    26  it.o(.text)
    millis                                   0x08001469   Thumb Code     6  it.o(.text)
    Delay                                    0x0800146f   Thumb Code    20  it.o(.text)
    NMI_Handler                              0x08001483   Thumb Code     2  it.o(.text)
    HardFault_Handler                        0x08001485   Thumb Code     4  it.o(.text)
    MemManage_Handler                        0x08001489   Thumb Code     4  it.o(.text)
    BusFault_Handler                         0x0800148d   Thumb Code     4  it.o(.text)
    UsageFault_Handler                       0x08001491   Thumb Code     4  it.o(.text)
    SVC_Handler                              0x08001495   Thumb Code     2  it.o(.text)
    DebugMon_Handler                         0x08001497   Thumb Code     2  it.o(.text)
    PendSV_Handler                           0x08001499   Thumb Code     2  it.o(.text)
    SendBuffer                               0x080014b5   Thumb Code    50  comms.o(.text)
    CalcCRC                                  0x080014e7   Thumb Code    62  comms.o(.text)
    SendSteerDevice                          0x08001525   Thumb Code    36  commssteering.o(.text)
    CheckUSARTSteerInput                     0x08001549   Thumb Code    54  commssteering.o(.text)
    UpdateUSARTSteerInput                    0x0800157f   Thumb Code    70  commssteering.o(.text)
    SendHUGSReply                            0x080015d9   Thumb Code   308  commshugs.o(.text)
    CheckUSARTHUGSInput                      0x0800170d   Thumb Code   280  commshugs.o(.text)
    UpdateUSARTHUGSInput                     0x08001825   Thumb Code   188  commshugs.o(.text)
    adc_deinit                               0x08001925   Thumb Code    20  gd32f1x0_adc.o(.text)
    adc_enable                               0x08001939   Thumb Code    24  gd32f1x0_adc.o(.text)
    adc_disable                              0x08001951   Thumb Code    14  gd32f1x0_adc.o(.text)
    adc_calibration_enable                   0x0800195f   Thumb Code    54  gd32f1x0_adc.o(.text)
    adc_dma_mode_enable                      0x08001995   Thumb Code    14  gd32f1x0_adc.o(.text)
    adc_dma_mode_disable                     0x080019a3   Thumb Code    14  gd32f1x0_adc.o(.text)
    adc_tempsensor_vrefint_enable            0x080019b1   Thumb Code    14  gd32f1x0_adc.o(.text)
    adc_tempsensor_vrefint_disable           0x080019bf   Thumb Code    14  gd32f1x0_adc.o(.text)
    adc_vbat_enable                          0x080019cd   Thumb Code    14  gd32f1x0_adc.o(.text)
    adc_vbat_disable                         0x080019db   Thumb Code    14  gd32f1x0_adc.o(.text)
    adc_discontinuous_mode_config            0x080019e9   Thumb Code    94  gd32f1x0_adc.o(.text)
    adc_special_function_config              0x08001a47   Thumb Code   130  gd32f1x0_adc.o(.text)
    adc_data_alignment_config                0x08001ac9   Thumb Code    30  gd32f1x0_adc.o(.text)
    adc_channel_length_config                0x08001ae7   Thumb Code    88  gd32f1x0_adc.o(.text)
    adc_regular_channel_config               0x08001b3f   Thumb Code   218  gd32f1x0_adc.o(.text)
    adc_inserted_channel_config              0x08001c19   Thumb Code   146  gd32f1x0_adc.o(.text)
    adc_inserted_channel_offset_config       0x08001cab   Thumb Code    42  gd32f1x0_adc.o(.text)
    adc_external_trigger_config              0x08001cd5   Thumb Code    88  gd32f1x0_adc.o(.text)
    adc_external_trigger_source_config       0x08001d2d   Thumb Code    60  gd32f1x0_adc.o(.text)
    adc_software_trigger_enable              0x08001d69   Thumb Code    38  gd32f1x0_adc.o(.text)
    adc_regular_data_read                    0x08001d8f   Thumb Code    10  gd32f1x0_adc.o(.text)
    adc_inserted_data_read                   0x08001d99   Thumb Code    60  gd32f1x0_adc.o(.text)
    adc_flag_get                             0x08001dd5   Thumb Code    18  gd32f1x0_adc.o(.text)
    adc_flag_clear                           0x08001de7   Thumb Code    16  gd32f1x0_adc.o(.text)
    adc_interrupt_flag_get                   0x08001df7   Thumb Code   108  gd32f1x0_adc.o(.text)
    adc_interrupt_flag_clear                 0x08001e63   Thumb Code    16  gd32f1x0_adc.o(.text)
    adc_interrupt_enable                     0x08001e73   Thumb Code    68  gd32f1x0_adc.o(.text)
    adc_interrupt_disable                    0x08001eb7   Thumb Code    68  gd32f1x0_adc.o(.text)
    adc_watchdog_single_channel_enable       0x08001efb   Thumb Code    40  gd32f1x0_adc.o(.text)
    adc_watchdog_group_channel_enable        0x08001f23   Thumb Code    92  gd32f1x0_adc.o(.text)
    adc_watchdog_disable                     0x08001f7f   Thumb Code    18  gd32f1x0_adc.o(.text)
    adc_watchdog_threshold_config            0x08001f91   Thumb Code    12  gd32f1x0_adc.o(.text)
    dma_deinit                               0x08001fa9   Thumb Code    88  gd32f1x0_dma.o(.text)
    dma_init                                 0x08002001   Thumb Code   270  gd32f1x0_dma.o(.text)
    dma_circulation_enable                   0x0800210f   Thumb Code    30  gd32f1x0_dma.o(.text)
    dma_circulation_disable                  0x0800212d   Thumb Code    30  gd32f1x0_dma.o(.text)
    dma_memory_to_memory_enable              0x0800214b   Thumb Code    30  gd32f1x0_dma.o(.text)
    dma_memory_to_memory_disable             0x08002169   Thumb Code    30  gd32f1x0_dma.o(.text)
    dma_channel_enable                       0x08002187   Thumb Code    30  gd32f1x0_dma.o(.text)
    dma_channel_disable                      0x080021a5   Thumb Code    30  gd32f1x0_dma.o(.text)
    dma_periph_address_config                0x080021c3   Thumb Code    14  gd32f1x0_dma.o(.text)
    dma_memory_address_config                0x080021d1   Thumb Code    14  gd32f1x0_dma.o(.text)
    dma_transfer_number_config               0x080021df   Thumb Code    14  gd32f1x0_dma.o(.text)
    dma_transfer_number_get                  0x080021ed   Thumb Code    16  gd32f1x0_dma.o(.text)
    dma_priority_config                      0x080021fd   Thumb Code    34  gd32f1x0_dma.o(.text)
    dma_memory_width_config                  0x0800221f   Thumb Code    34  gd32f1x0_dma.o(.text)
    dma_periph_width_config                  0x08002241   Thumb Code    34  gd32f1x0_dma.o(.text)
    dma_memory_increase_enable               0x08002263   Thumb Code    30  gd32f1x0_dma.o(.text)
    dma_memory_increase_disable              0x08002281   Thumb Code    30  gd32f1x0_dma.o(.text)
    dma_periph_increase_enable               0x0800229f   Thumb Code    30  gd32f1x0_dma.o(.text)
    dma_periph_increase_disable              0x080022bd   Thumb Code    30  gd32f1x0_dma.o(.text)
    dma_transfer_direction_config            0x080022db   Thumb Code    64  gd32f1x0_dma.o(.text)
    dma_interrupt_flag_get                   0x0800231b   Thumb Code   196  gd32f1x0_dma.o(.text)
    dma_interrupt_flag_clear                 0x080023df   Thumb Code    18  gd32f1x0_dma.o(.text)
    dma_interrupt_enable                     0x080023f1   Thumb Code    30  gd32f1x0_dma.o(.text)
    dma_interrupt_disable                    0x0800240f   Thumb Code    30  gd32f1x0_dma.o(.text)
    dma_flag_get                             0x0800242d   Thumb Code    26  gd32f1x0_dma.o(.text)
    dma_flag_clear                           0x08002447   Thumb Code    18  gd32f1x0_dma.o(.text)
    fwdgt_write_disable                      0x0800245d   Thumb Code     8  gd32f1x0_fwdgt.o(.text)
    fwdgt_counter_reload                     0x08002465   Thumb Code    10  gd32f1x0_fwdgt.o(.text)
    fwdgt_enable                             0x0800246f   Thumb Code    10  gd32f1x0_fwdgt.o(.text)
    fwdgt_window_value_config                0x08002479   Thumb Code    54  gd32f1x0_fwdgt.o(.text)
    fwdgt_config                             0x080024af   Thumb Code    94  gd32f1x0_fwdgt.o(.text)
    fwdgt_flag_get                           0x0800250d   Thumb Code    18  gd32f1x0_fwdgt.o(.text)
    gpio_deinit                              0x08002529   Thumb Code   140  gd32f1x0_gpio.o(.text)
    gpio_mode_set                            0x080025b5   Thumb Code    78  gd32f1x0_gpio.o(.text)
    gpio_output_options_set                  0x08002603   Thumb Code    66  gd32f1x0_gpio.o(.text)
    gpio_bit_set                             0x08002645   Thumb Code     4  gd32f1x0_gpio.o(.text)
    gpio_bit_reset                           0x08002649   Thumb Code     4  gd32f1x0_gpio.o(.text)
    gpio_bit_write                           0x0800264d   Thumb Code    10  gd32f1x0_gpio.o(.text)
    gpio_port_write                          0x08002657   Thumb Code     4  gd32f1x0_gpio.o(.text)
    gpio_input_bit_get                       0x0800265b   Thumb Code    16  gd32f1x0_gpio.o(.text)
    gpio_input_port_get                      0x0800266b   Thumb Code     8  gd32f1x0_gpio.o(.text)
    gpio_output_bit_get                      0x08002673   Thumb Code    16  gd32f1x0_gpio.o(.text)
    gpio_output_port_get                     0x08002683   Thumb Code     8  gd32f1x0_gpio.o(.text)
    gpio_af_set                              0x0800268b   Thumb Code    94  gd32f1x0_gpio.o(.text)
    gpio_pin_lock                            0x080026e9   Thumb Code    18  gd32f1x0_gpio.o(.text)
    nvic_priority_group_set                  0x08002705   Thumb Code    10  gd32f1x0_misc.o(.text)
    nvic_irq_enable                          0x0800270f   Thumb Code   156  gd32f1x0_misc.o(.text)
    nvic_irq_disable                         0x080027ab   Thumb Code    18  gd32f1x0_misc.o(.text)
    nvic_vector_table_set                    0x080027bd   Thumb Code    14  gd32f1x0_misc.o(.text)
    system_lowpower_set                      0x080027cb   Thumb Code    16  gd32f1x0_misc.o(.text)
    system_lowpower_reset                    0x080027db   Thumb Code    16  gd32f1x0_misc.o(.text)
    systick_clksource_set                    0x080027eb   Thumb Code    40  gd32f1x0_misc.o(.text)
    rcu_deinit                               0x08002829   Thumb Code   112  gd32f1x0_rcu.o(.text)
    rcu_periph_clock_enable                  0x08002899   Thumb Code    28  gd32f1x0_rcu.o(.text)
    rcu_periph_clock_disable                 0x080028b5   Thumb Code    28  gd32f1x0_rcu.o(.text)
    rcu_periph_clock_sleep_enable            0x080028d1   Thumb Code    28  gd32f1x0_rcu.o(.text)
    rcu_periph_clock_sleep_disable           0x080028ed   Thumb Code    28  gd32f1x0_rcu.o(.text)
    rcu_periph_reset_enable                  0x08002909   Thumb Code    28  gd32f1x0_rcu.o(.text)
    rcu_periph_reset_disable                 0x08002925   Thumb Code    28  gd32f1x0_rcu.o(.text)
    rcu_bkp_reset_enable                     0x08002941   Thumb Code    14  gd32f1x0_rcu.o(.text)
    rcu_bkp_reset_disable                    0x0800294f   Thumb Code    14  gd32f1x0_rcu.o(.text)
    rcu_system_clock_source_config           0x0800295d   Thumb Code    22  gd32f1x0_rcu.o(.text)
    rcu_system_clock_source_get              0x08002973   Thumb Code    10  gd32f1x0_rcu.o(.text)
    rcu_ahb_clock_config                     0x0800297d   Thumb Code    22  gd32f1x0_rcu.o(.text)
    rcu_apb1_clock_config                    0x08002993   Thumb Code    22  gd32f1x0_rcu.o(.text)
    rcu_apb2_clock_config                    0x080029a9   Thumb Code    22  gd32f1x0_rcu.o(.text)
    rcu_adc_clock_config                     0x080029bf   Thumb Code   148  gd32f1x0_rcu.o(.text)
    rcu_usbd_clock_config                    0x08002a53   Thumb Code    22  gd32f1x0_rcu.o(.text)
    rcu_ckout_config                         0x08002a69   Thumb Code    24  gd32f1x0_rcu.o(.text)
    rcu_pll_config                           0x08002a81   Thumb Code    28  gd32f1x0_rcu.o(.text)
    rcu_usart_clock_config                   0x08002a9d   Thumb Code    22  gd32f1x0_rcu.o(.text)
    rcu_cec_clock_config                     0x08002ab3   Thumb Code    22  gd32f1x0_rcu.o(.text)
    rcu_rtc_clock_config                     0x08002ac9   Thumb Code    22  gd32f1x0_rcu.o(.text)
    rcu_hxtal_prediv_config                  0x08002adf   Thumb Code    20  gd32f1x0_rcu.o(.text)
    rcu_lxtal_drive_capability_config        0x08002af3   Thumb Code    22  gd32f1x0_rcu.o(.text)
    rcu_flag_get                             0x08002b09   Thumb Code    30  gd32f1x0_rcu.o(.text)
    rcu_all_reset_flag_clear                 0x08002b27   Thumb Code    14  gd32f1x0_rcu.o(.text)
    rcu_interrupt_flag_get                   0x08002b35   Thumb Code    18  gd32f1x0_rcu.o(.text)
    rcu_interrupt_flag_clear                 0x08002b47   Thumb Code    12  gd32f1x0_rcu.o(.text)
    rcu_interrupt_enable                     0x08002b53   Thumb Code    12  gd32f1x0_rcu.o(.text)
    rcu_interrupt_disable                    0x08002b5f   Thumb Code    12  gd32f1x0_rcu.o(.text)
    rcu_osci_stab_wait                       0x08002b6b   Thumb Code   284  gd32f1x0_rcu.o(.text)
    rcu_osci_on                              0x08002c87   Thumb Code    28  gd32f1x0_rcu.o(.text)
    rcu_osci_off                             0x08002ca3   Thumb Code    28  gd32f1x0_rcu.o(.text)
    rcu_osci_bypass_mode_enable              0x08002cbf   Thumb Code    94  gd32f1x0_rcu.o(.text)
    rcu_osci_bypass_mode_disable             0x08002d1d   Thumb Code    94  gd32f1x0_rcu.o(.text)
    rcu_hxtal_clock_monitor_enable           0x08002d7b   Thumb Code    14  gd32f1x0_rcu.o(.text)
    rcu_hxtal_clock_monitor_disable          0x08002d89   Thumb Code    14  gd32f1x0_rcu.o(.text)
    rcu_irc8m_adjust_value_set               0x08002d97   Thumb Code    20  gd32f1x0_rcu.o(.text)
    rcu_irc14m_adjust_value_set              0x08002dab   Thumb Code    20  gd32f1x0_rcu.o(.text)
    rcu_voltage_key_unlock                   0x08002dbf   Thumb Code    28  gd32f1x0_rcu.o(.text)
    rcu_deepsleep_voltage_set                0x08002ddb   Thumb Code    30  gd32f1x0_rcu.o(.text)
    rcu_power_down_voltage_set               0x08002df9   Thumb Code    30  gd32f1x0_rcu.o(.text)
    rcu_clock_freq_get                       0x08002e17   Thumb Code   690  gd32f1x0_rcu.o(.text)
    timer_deinit                             0x080030d1   Thumb Code   210  gd32f1x0_timer.o(.text)
    timer_init                               0x080031a3   Thumb Code   126  gd32f1x0_timer.o(.text)
    timer_enable                             0x08003221   Thumb Code    10  gd32f1x0_timer.o(.text)
    timer_disable                            0x0800322b   Thumb Code    10  gd32f1x0_timer.o(.text)
    timer_auto_reload_shadow_enable          0x08003235   Thumb Code    10  gd32f1x0_timer.o(.text)
    timer_auto_reload_shadow_disable         0x0800323f   Thumb Code    10  gd32f1x0_timer.o(.text)
    timer_update_event_enable                0x08003249   Thumb Code    10  gd32f1x0_timer.o(.text)
    timer_update_event_disable               0x08003253   Thumb Code    10  gd32f1x0_timer.o(.text)
    timer_counter_alignment                  0x0800325d   Thumb Code    16  gd32f1x0_timer.o(.text)
    timer_counter_up_direction               0x0800326d   Thumb Code    14  gd32f1x0_timer.o(.text)
    timer_counter_down_direction             0x0800327b   Thumb Code    18  gd32f1x0_timer.o(.text)
    timer_prescaler_config                   0x0800328d   Thumb Code    14  gd32f1x0_timer.o(.text)
    timer_repetition_value_config            0x0800329b   Thumb Code     4  gd32f1x0_timer.o(.text)
    timer_autoreload_value_config            0x0800329f   Thumb Code     4  gd32f1x0_timer.o(.text)
    timer_counter_value_config               0x080032a3   Thumb Code     4  gd32f1x0_timer.o(.text)
    timer_counter_read                       0x080032a7   Thumb Code     8  gd32f1x0_timer.o(.text)
    timer_prescaler_read                     0x080032af   Thumb Code    10  gd32f1x0_timer.o(.text)
    timer_single_pulse_mode_config           0x080032b9   Thumb Code    26  gd32f1x0_timer.o(.text)
    timer_update_source_config               0x080032d3   Thumb Code    26  gd32f1x0_timer.o(.text)
    timer_interrupt_enable                   0x080032ed   Thumb Code     8  gd32f1x0_timer.o(.text)
    timer_interrupt_disable                  0x080032f5   Thumb Code     8  gd32f1x0_timer.o(.text)
    timer_interrupt_flag_get                 0x080032fd   Thumb Code    32  gd32f1x0_timer.o(.text)
    timer_interrupt_flag_clear               0x0800331d   Thumb Code     8  gd32f1x0_timer.o(.text)
    timer_flag_get                           0x08003325   Thumb Code    18  gd32f1x0_timer.o(.text)
    timer_flag_clear                         0x08003337   Thumb Code     8  gd32f1x0_timer.o(.text)
    timer_dma_enable                         0x0800333f   Thumb Code     8  gd32f1x0_timer.o(.text)
    timer_dma_disable                        0x08003347   Thumb Code     8  gd32f1x0_timer.o(.text)
    timer_channel_dma_request_source_select  0x0800334f   Thumb Code    26  gd32f1x0_timer.o(.text)
    timer_dma_transfer_config                0x08003369   Thumb Code    24  gd32f1x0_timer.o(.text)
    timer_event_software_generate            0x08003381   Thumb Code     8  gd32f1x0_timer.o(.text)
    timer_break_config                       0x08003389   Thumb Code    30  gd32f1x0_timer.o(.text)
    timer_break_enable                       0x080033a7   Thumb Code    10  gd32f1x0_timer.o(.text)
    timer_break_disable                      0x080033b1   Thumb Code     8  gd32f1x0_timer.o(.text)
    timer_automatic_output_enable            0x080033b9   Thumb Code    10  gd32f1x0_timer.o(.text)
    timer_automatic_output_disable           0x080033c3   Thumb Code     8  gd32f1x0_timer.o(.text)
    timer_primary_output_config              0x080033cb   Thumb Code    22  gd32f1x0_timer.o(.text)
    timer_channel_control_shadow_config      0x080033e1   Thumb Code    22  gd32f1x0_timer.o(.text)
    timer_channel_control_shadow_update_config 0x080033f7   Thumb Code    26  gd32f1x0_timer.o(.text)
    timer_channel_output_config              0x08003411   Thumb Code   472  gd32f1x0_timer.o(.text)
    timer_channel_output_mode_config         0x080035e9   Thumb Code    90  gd32f1x0_timer.o(.text)
    timer_channel_output_pulse_value_config  0x08003643   Thumb Code    38  gd32f1x0_timer.o(.text)
    timer_channel_output_shadow_config       0x08003669   Thumb Code    90  gd32f1x0_timer.o(.text)
    timer_channel_output_fast_config         0x080036c3   Thumb Code    90  gd32f1x0_timer.o(.text)
    timer_channel_output_clear_config        0x0800371d   Thumb Code    90  gd32f1x0_timer.o(.text)
    timer_channel_output_polarity_config     0x08003777   Thumb Code    92  gd32f1x0_timer.o(.text)
    timer_channel_complementary_output_polarity_config 0x080037d3   Thumb Code    70  gd32f1x0_timer.o(.text)
    timer_ocpre_clear_source_config          0x08003819   Thumb Code    26  gd32f1x0_timer.o(.text)
    timer_channel_output_state_config        0x08003833   Thumb Code    92  gd32f1x0_timer.o(.text)
    timer_channel_complementary_output_state_config 0x0800388f   Thumb Code    70  gd32f1x0_timer.o(.text)
    timer_channel_input_capture_prescaler_config 0x080038d5   Thumb Code    90  gd32f1x0_timer.o(.text)
    timer_input_capture_config               0x0800392f   Thumb Code   332  gd32f1x0_timer.o(.text)
    timer_channel_capture_value_register_read 0x08003a7b   Thumb Code    42  gd32f1x0_timer.o(.text)
    timer_input_pwm_capture_config           0x08003aa5   Thumb Code   352  gd32f1x0_timer.o(.text)
    timer_hall_mode_config                   0x08003c05   Thumb Code    26  gd32f1x0_timer.o(.text)
    timer_input_trigger_source_select        0x08003c1f   Thumb Code    16  gd32f1x0_timer.o(.text)
    timer_master_output_trigger_source_select 0x08003c2f   Thumb Code    16  gd32f1x0_timer.o(.text)
    timer_slave_mode_select                  0x08003c3f   Thumb Code    16  gd32f1x0_timer.o(.text)
    timer_master_slave_mode_config           0x08003c4f   Thumb Code    26  gd32f1x0_timer.o(.text)
    timer_external_trigger_config            0x08003c69   Thumb Code    30  gd32f1x0_timer.o(.text)
    timer_quadrature_decoder_mode_config     0x08003c87   Thumb Code    64  gd32f1x0_timer.o(.text)
    timer_internal_clock_config              0x08003cc7   Thumb Code     8  gd32f1x0_timer.o(.text)
    timer_internal_trigger_as_external_clock_config 0x08003ccf   Thumb Code    32  gd32f1x0_timer.o(.text)
    timer_external_trigger_as_external_clock_config 0x08003cef   Thumb Code   164  gd32f1x0_timer.o(.text)
    timer_external_clock_mode0_config        0x08003d93   Thumb Code    56  gd32f1x0_timer.o(.text)
    timer_external_clock_mode1_config        0x08003dcb   Thumb Code    32  gd32f1x0_timer.o(.text)
    timer_external_clock_mode1_disable       0x08003deb   Thumb Code    10  gd32f1x0_timer.o(.text)
    timer_channel_remap_config               0x08003df5   Thumb Code     6  gd32f1x0_timer.o(.text)
    usart_deinit                             0x08003dfd   Thumb Code    58  gd32f1x0_usart.o(.text)
    usart_baudrate_set                       0x08003e37   Thumb Code   120  gd32f1x0_usart.o(.text)
    usart_parity_config                      0x08003eaf   Thumb Code    24  gd32f1x0_usart.o(.text)
    usart_word_length_set                    0x08003ec7   Thumb Code    24  gd32f1x0_usart.o(.text)
    usart_stop_bit_set                       0x08003edf   Thumb Code    24  gd32f1x0_usart.o(.text)
    usart_enable                             0x08003ef7   Thumb Code    10  gd32f1x0_usart.o(.text)
    usart_disable                            0x08003f01   Thumb Code    10  gd32f1x0_usart.o(.text)
    usart_transmit_config                    0x08003f0b   Thumb Code    16  gd32f1x0_usart.o(.text)
    usart_receive_config                     0x08003f1b   Thumb Code    16  gd32f1x0_usart.o(.text)
    usart_data_transmit                      0x08003f2b   Thumb Code     8  gd32f1x0_usart.o(.text)
    usart_data_receive                       0x08003f33   Thumb Code    10  gd32f1x0_usart.o(.text)
    usart_data_first_config                  0x08003f3d   Thumb Code    28  gd32f1x0_usart.o(.text)
    usart_invert_config                      0x08003f59   Thumb Code   110  gd32f1x0_usart.o(.text)
    usart_overrun_enable                     0x08003fc7   Thumb Code    18  gd32f1x0_usart.o(.text)
    usart_overrun_disable                    0x08003fd9   Thumb Code    18  gd32f1x0_usart.o(.text)
    usart_oversample_config                  0x08003feb   Thumb Code    24  gd32f1x0_usart.o(.text)
    usart_sample_bit_config                  0x08004003   Thumb Code    24  gd32f1x0_usart.o(.text)
    usart_autobaud_detection_enable          0x0800401b   Thumb Code    10  gd32f1x0_usart.o(.text)
    usart_autobaud_detection_disable         0x08004025   Thumb Code    10  gd32f1x0_usart.o(.text)
    usart_autobaud_detection_mode_config     0x0800402f   Thumb Code    16  gd32f1x0_usart.o(.text)
    usart_mute_mode_enable                   0x0800403f   Thumb Code    10  gd32f1x0_usart.o(.text)
    usart_mute_mode_disable                  0x08004049   Thumb Code    10  gd32f1x0_usart.o(.text)
    usart_mute_mode_wakeup_config            0x08004053   Thumb Code    24  gd32f1x0_usart.o(.text)
    usart_address_detection_mode_config      0x0800406b   Thumb Code    28  gd32f1x0_usart.o(.text)
    usart_address_config                     0x08004087   Thumb Code    32  gd32f1x0_usart.o(.text)
    usart_receiver_timeout_enable            0x080040a7   Thumb Code    10  gd32f1x0_usart.o(.text)
    usart_receiver_timeout_disable           0x080040b1   Thumb Code    10  gd32f1x0_usart.o(.text)
    usart_receiver_timeout_config            0x080040bb   Thumb Code    16  gd32f1x0_usart.o(.text)
    usart_lin_mode_enable                    0x080040cb   Thumb Code    18  gd32f1x0_usart.o(.text)
    usart_lin_mode_disable                   0x080040dd   Thumb Code    18  gd32f1x0_usart.o(.text)
    usart_lin_break_dection_length_config    0x080040ef   Thumb Code    20  gd32f1x0_usart.o(.text)
    usart_halfduplex_enable                  0x08004103   Thumb Code    18  gd32f1x0_usart.o(.text)
    usart_halfduplex_disable                 0x08004115   Thumb Code    18  gd32f1x0_usart.o(.text)
    usart_clock_enable                       0x08004127   Thumb Code    18  gd32f1x0_usart.o(.text)
    usart_clock_disable                      0x08004139   Thumb Code    18  gd32f1x0_usart.o(.text)
    usart_synchronous_clock_config           0x0800414b   Thumb Code    50  gd32f1x0_usart.o(.text)
    usart_smartcard_mode_enable              0x0800417d   Thumb Code    18  gd32f1x0_usart.o(.text)
    usart_smartcard_mode_disable             0x0800418f   Thumb Code    18  gd32f1x0_usart.o(.text)
    usart_smartcard_mode_nack_enable         0x080041a1   Thumb Code    18  gd32f1x0_usart.o(.text)
    usart_smartcard_mode_nack_disable        0x080041b3   Thumb Code    18  gd32f1x0_usart.o(.text)
    usart_guard_time_config                  0x080041c5   Thumb Code    36  gd32f1x0_usart.o(.text)
    usart_block_length_config                0x080041e9   Thumb Code    24  gd32f1x0_usart.o(.text)
    usart_smartcard_autoretry_config         0x08004201   Thumb Code    32  gd32f1x0_usart.o(.text)
    usart_irda_mode_enable                   0x08004221   Thumb Code    18  gd32f1x0_usart.o(.text)
    usart_irda_mode_disable                  0x08004233   Thumb Code    18  gd32f1x0_usart.o(.text)
    usart_irda_lowpower_config               0x08004245   Thumb Code    20  gd32f1x0_usart.o(.text)
    usart_prescaler_config                   0x08004259   Thumb Code    24  gd32f1x0_usart.o(.text)
    usart_hardware_flow_rts_config           0x08004271   Thumb Code    24  gd32f1x0_usart.o(.text)
    usart_hardware_flow_cts_config           0x08004289   Thumb Code    24  gd32f1x0_usart.o(.text)
    usart_rs485_driver_enable                0x080042a1   Thumb Code    18  gd32f1x0_usart.o(.text)
    usart_rs485_driver_disable               0x080042b3   Thumb Code    18  gd32f1x0_usart.o(.text)
    usart_driver_assertime_config            0x080042c5   Thumb Code    32  gd32f1x0_usart.o(.text)
    usart_driver_deassertime_config          0x080042e5   Thumb Code    32  gd32f1x0_usart.o(.text)
    usart_depolarity_config                  0x08004305   Thumb Code    28  gd32f1x0_usart.o(.text)
    usart_dma_receive_config                 0x08004321   Thumb Code    16  gd32f1x0_usart.o(.text)
    usart_dma_transmit_config                0x08004331   Thumb Code    16  gd32f1x0_usart.o(.text)
    usart_reception_error_dma_disable        0x08004341   Thumb Code    18  gd32f1x0_usart.o(.text)
    usart_reception_error_dma_enable         0x08004353   Thumb Code    18  gd32f1x0_usart.o(.text)
    usart_wakeup_enable                      0x08004365   Thumb Code    10  gd32f1x0_usart.o(.text)
    usart_wakeup_disable                     0x0800436f   Thumb Code    10  gd32f1x0_usart.o(.text)
    usart_wakeup_mode_config                 0x08004379   Thumb Code    28  gd32f1x0_usart.o(.text)
    usart_flag_get                           0x08004395   Thumb Code    30  gd32f1x0_usart.o(.text)
    usart_flag_clear                         0x080043b3   Thumb Code    18  gd32f1x0_usart.o(.text)
    usart_interrupt_enable                   0x080043c5   Thumb Code    26  gd32f1x0_usart.o(.text)
    usart_interrupt_disable                  0x080043df   Thumb Code    26  gd32f1x0_usart.o(.text)
    usart_command_enable                     0x080043f9   Thumb Code     8  gd32f1x0_usart.o(.text)
    usart_interrupt_flag_get                 0x08004401   Thumb Code    56  gd32f1x0_usart.o(.text)
    usart_interrupt_flag_clear               0x08004439   Thumb Code    18  gd32f1x0_usart.o(.text)
    Reset_Handler                            0x0800444d   Thumb Code     8  startup_gd32f1x0.o(.text)
    ADC_CMP_IRQHandler                       0x08004467   Thumb Code     0  startup_gd32f1x0.o(.text)
    CAN0_RX0_IRQHandler                      0x08004467   Thumb Code     0  startup_gd32f1x0.o(.text)
    CAN0_RX1_IRQHandler                      0x08004467   Thumb Code     0  startup_gd32f1x0.o(.text)
    CAN0_SCE_IRQHandler                      0x08004467   Thumb Code     0  startup_gd32f1x0.o(.text)
    CAN0_TX_IRQHandler                       0x08004467   Thumb Code     0  startup_gd32f1x0.o(.text)
    CAN1_RX0_IRQHandler                      0x08004467   Thumb Code     0  startup_gd32f1x0.o(.text)
    CAN1_RX1_IRQHandler                      0x08004467   Thumb Code     0  startup_gd32f1x0.o(.text)
    CAN1_SCE_IRQHandler                      0x08004467   Thumb Code     0  startup_gd32f1x0.o(.text)
    CAN1_TX_IRQHandler                       0x08004467   Thumb Code     0  startup_gd32f1x0.o(.text)
    CEC_IRQHandler                           0x08004467   Thumb Code     0  startup_gd32f1x0.o(.text)
    DMA_Channel5_6_IRQHandler                0x08004467   Thumb Code     0  startup_gd32f1x0.o(.text)
    EXTI0_1_IRQHandler                       0x08004467   Thumb Code     0  startup_gd32f1x0.o(.text)
    EXTI2_3_IRQHandler                       0x08004467   Thumb Code     0  startup_gd32f1x0.o(.text)
    EXTI4_15_IRQHandler                      0x08004467   Thumb Code     0  startup_gd32f1x0.o(.text)
    FMC_IRQHandler                           0x08004467   Thumb Code     0  startup_gd32f1x0.o(.text)
    I2C0_ER_IRQHandler                       0x08004467   Thumb Code     0  startup_gd32f1x0.o(.text)
    I2C0_EV_IRQHandler                       0x08004467   Thumb Code     0  startup_gd32f1x0.o(.text)
    I2C1_ER_IRQHandler                       0x08004467   Thumb Code     0  startup_gd32f1x0.o(.text)
    I2C1_EV_IRQHandler                       0x08004467   Thumb Code     0  startup_gd32f1x0.o(.text)
    I2C2_ER_IRQHandler                       0x08004467   Thumb Code     0  startup_gd32f1x0.o(.text)
    I2C2_EV_IRQHandler                       0x08004467   Thumb Code     0  startup_gd32f1x0.o(.text)
    LVD_IRQHandler                           0x08004467   Thumb Code     0  startup_gd32f1x0.o(.text)
    RCU_IRQHandler                           0x08004467   Thumb Code     0  startup_gd32f1x0.o(.text)
    RTC_IRQHandler                           0x08004467   Thumb Code     0  startup_gd32f1x0.o(.text)
    SLCD_IRQHandler                          0x08004467   Thumb Code     0  startup_gd32f1x0.o(.text)
    SPI0_IRQHandler                          0x08004467   Thumb Code     0  startup_gd32f1x0.o(.text)
    SPI1_IRQHandler                          0x08004467   Thumb Code     0  startup_gd32f1x0.o(.text)
    SPI2_IRQHandler                          0x08004467   Thumb Code     0  startup_gd32f1x0.o(.text)
    TIMER0_Channel_IRQHandler                0x08004467   Thumb Code     0  startup_gd32f1x0.o(.text)
    TIMER14_IRQHandler                       0x08004467   Thumb Code     0  startup_gd32f1x0.o(.text)
    TIMER15_IRQHandler                       0x08004467   Thumb Code     0  startup_gd32f1x0.o(.text)
    TIMER16_IRQHandler                       0x08004467   Thumb Code     0  startup_gd32f1x0.o(.text)
    TIMER1_IRQHandler                        0x08004467   Thumb Code     0  startup_gd32f1x0.o(.text)
    TIMER2_IRQHandler                        0x08004467   Thumb Code     0  startup_gd32f1x0.o(.text)
    TIMER5_DAC_IRQHandler                    0x08004467   Thumb Code     0  startup_gd32f1x0.o(.text)
    TSI_IRQHandler                           0x08004467   Thumb Code     0  startup_gd32f1x0.o(.text)
    USART0_IRQHandler                        0x08004467   Thumb Code     0  startup_gd32f1x0.o(.text)
    USART1_IRQHandler                        0x08004467   Thumb Code     0  startup_gd32f1x0.o(.text)
    USBDWakeUp_IRQHandler                    0x08004467   Thumb Code     0  startup_gd32f1x0.o(.text)
    USBD_HP_IRQHandler                       0x08004467   Thumb Code     0  startup_gd32f1x0.o(.text)
    USBD_LP_IRQHandler                       0x08004467   Thumb Code     0  startup_gd32f1x0.o(.text)
    WWDGT_IRQHandler                         0x08004467   Thumb Code     0  startup_gd32f1x0.o(.text)
    __user_initial_stackheap                 0x08004469   Thumb Code    10  startup_gd32f1x0.o(.text)
    SystemInit                               0x080044ff   Thumb Code   118  system_gd32f1x0.o(.text)
    SystemCoreClockUpdate                    0x08004575   Thumb Code   208  system_gd32f1x0.o(.text)
    __aeabi_memcpy                           0x08004679   Thumb Code     0  rt_memcpy_v6.o(.text)
    __rt_memcpy                              0x08004679   Thumb Code   138  rt_memcpy_v6.o(.text)
    _memcpy_lastbytes                        0x080046df   Thumb Code     0  rt_memcpy_v6.o(.text)
    __aeabi_memcpy4                          0x08004703   Thumb Code     0  rt_memcpy_w.o(.text)
    __aeabi_memcpy8                          0x08004703   Thumb Code     0  rt_memcpy_w.o(.text)
    __rt_memcpy_w                            0x08004703   Thumb Code   100  rt_memcpy_w.o(.text)
    _memcpy_lastbytes_aligned                0x0800474b   Thumb Code     0  rt_memcpy_w.o(.text)
    __use_two_region_memory                  0x08004767   Thumb Code     2  heapauxi.o(.text)
    __rt_heap_escrow$2region                 0x08004769   Thumb Code     2  heapauxi.o(.text)
    __rt_heap_expand$2region                 0x0800476b   Thumb Code     2  heapauxi.o(.text)
    __user_setup_stackheap                   0x0800476d   Thumb Code    74  sys_stackheap_outer.o(.text)
    exit                                     0x080047b7   Thumb Code    18  exit.o(.text)
    __user_libspace                          0x080047c9   Thumb Code     8  libspace.o(.text)
    __user_perproc_libspace                  0x080047c9   Thumb Code     0  libspace.o(.text)
    __user_perthread_libspace                0x080047c9   Thumb Code     0  libspace.o(.text)
    _sys_exit                                0x080047d1   Thumb Code     8  sys_exit.o(.text)
    __I$use$semihosting                      0x080047dd   Thumb Code     0  use_no_semi.o(.text)
    __use_no_semihosting_swi                 0x080047dd   Thumb Code     2  use_no_semi.o(.text)
    __semihosting_library_function           0x080047df   Thumb Code     0  indicate_semi.o(.text)
    blockPWM                                 0x080047df   Thumb Code   104  bldc.o(i.blockPWM)
    __fpl_dcmp_Inf                           0x08004847   Thumb Code    24  dcmpi.o(x$fpl$dcmpinf)
    __aeabi_i2d                              0x0800485f   Thumb Code     0  dflt_clz.o(x$fpl$dflt)
    _dflt                                    0x0800485f   Thumb Code    46  dflt_clz.o(x$fpl$dflt)
    __aeabi_cdcmple                          0x0800488d   Thumb Code     0  dleqf.o(x$fpl$dleqf)
    _dcmple                                  0x0800488d   Thumb Code   120  dleqf.o(x$fpl$dleqf)
    __fpl_dcmple_InfNaN                      0x080048ef   Thumb Code     0  dleqf.o(x$fpl$dleqf)
    __fpl_dnaninf                            0x08004905   Thumb Code   156  dnaninf.o(x$fpl$dnaninf)
    __I$use$fp                               0x080049a0   Number         0  usenofp.o(x$fpl$usenofp)
    pwm_res                                  0x080049a0   Data           2  bldc.o(.constdata)
    WHEEL_PERIMETER                          0x080049a4   Data           4  bldc.o(.constdata)
    SPEED_TICKS_FACTOR                       0x080049a8   Data           4  bldc.o(.constdata)
    SINE_TICKS_FACTOR                        0x080049ac   Data           4  bldc.o(.constdata)
    MIN_SPEED                                0x080049b0   Data           4  bldc.o(.constdata)
    MAX_PHASE_PERIOD                         0x080049b4   Data           4  bldc.o(.constdata)
    STEPPER_LIMIT                            0x080049b8   Data           2  bldc.o(.constdata)
    sineTable                                0x080049ba   Data         720  bldc.o(.constdata)
    hall_to_pos                              0x08004c8a   Data           8  bldc.o(.constdata)
    Region$$Table$$Base                      0x08004c94   Number         0  anon$$obj.o(Region$$Table)
    Region$$Table$$Limit                     0x08004cb4   Number         0  anon$$obj.o(Region$$Table)
    activateWeakening                        0x20000000   Data           1  main.o(.data)
    command_timeout_counter                  0x20000002   Data           2  main.o(.data)
    inactivity_timeout_counter               0x20000004   Data           4  main.o(.data)
    speedError                               0x20000008   Data           2  bldc.o(.data)
    batteryVoltagemV                         0x2000000a   Data           2  bldc.o(.data)
    currentDCmA                              0x2000000c   Data           2  bldc.o(.data)
    realSpeedmmPS                            0x2000000e   Data           2  bldc.o(.data)
    cycles                                   0x20000010   Data           4  bldc.o(.data)
    speedCounter                             0x20000014   Data           4  bldc.o(.data)
    phasePeriod                              0x20000018   Data           4  bldc.o(.data)
    stepDir                                  0x2000001c   Data           1  bldc.o(.data)
    speedDir                                 0x2000001d   Data           1  bldc.o(.data)
    controlMode                              0x2000001e   Data           1  bldc.o(.data)
    PIDoutput                                0x20000020   Data           2  bldc.o(.data)
    stepperMode                              0x20000022   Data           1  bldc.o(.data)
    phaseRestart                             0x20000023   Data           1  bldc.o(.data)
    stepperPeriod                            0x20000024   Data           4  bldc.o(.data)
    stepperTicks                             0x20000028   Data           4  bldc.o(.data)
    step_y                                   0x2000002c   Data           2  bldc.o(.data)
    step_b                                   0x2000002e   Data           2  bldc.o(.data)
    step_g                                   0x20000030   Data           2  bldc.o(.data)
    y                                        0x20000034   Data           4  bldc.o(.data)
    b                                        0x20000038   Data           4  bldc.o(.data)
    g                                        0x2000003c   Data           4  bldc.o(.data)
    bldcInputPwm                             0x20000040   Data           2  bldc.o(.data)
    bldcEnable                               0x20000042   Data           1  bldc.o(.data)
    speedSetpoint                            0x20000044   Data           2  bldc.o(.data)
    closedLoopSpeed                          0x20000046   Data           1  bldc.o(.data)
    adc_buffer                               0x20000048   Data           4  bldc.o(.data)
    pos                                      0x2000004c   Data           1  bldc.o(.data)
    lastPos                                  0x2000004d   Data           1  bldc.o(.data)
    buzzerToggle                             0x2000004e   Data           1  bldc.o(.data)
    buzzerFreq                               0x2000004f   Data           1  bldc.o(.data)
    buzzerPattern                            0x20000050   Data           1  bldc.o(.data)
    buzzerTimer                              0x20000052   Data           2  bldc.o(.data)
    offsetcount                              0x20000054   Data           2  bldc.o(.data)
    offsetdc                                 0x20000056   Data           2  bldc.o(.data)
    phasePeriodFilterReg                     0x20000058   Data           4  bldc.o(.data)
    filteredPhasePeriod                      0x2000005c   Data           2  bldc.o(.data)
    PWMFilterReg                             0x20000060   Data           4  bldc.o(.data)
    bldcFilteredPwm                          0x20000064   Data           2  bldc.o(.data)
    usartHUGS_rx_buf                         0x20000066   Data           1  setup.o(.data)
    usartSteer_COM_rx_buf                    0x20000067   Data           1  setup.o(.data)
    msTicks                                  0x20000068   Data           4  it.o(.data)
    timeoutCounter_ms                        0x2000006c   Data           4  it.o(.data)
    timedOut                                 0x20000070   Data           1  it.o(.data)
    HUGS_ESTOP                               0x2000007e   Data           1  commshugs.o(.data)
    HUGS_WatchDog                            0x20000080   Data           2  commshugs.o(.data)
    HUGS_Destination                         0x20000082   Data           1  commshugs.o(.data)
    HUGS_Sequence                            0x20000083   Data           1  commshugs.o(.data)
    HUGS_CommandID                           0x20000084   Data           1  commshugs.o(.data)
    HUGS_ResponseID                          0x20000085   Data           1  commshugs.o(.data)
    HUGS_Enabled                             0x20000086   Data           1  commshugs.o(.data)
    SystemCoreClock                          0x20000088   Data           4  system_gd32f1x0.o(.data)
    timeoutTimer_paramter_struct             0x2000008c   Data          16  setup.o(.bss)
    timerBldc_paramter_struct                0x2000009c   Data          16  setup.o(.bss)
    timerBldc_break_parameter_struct         0x200000ac   Data          14  setup.o(.bss)
    timerBldc_oc_parameter_struct            0x200000ba   Data          12  setup.o(.bss)
    dma_init_struct_usart                    0x200000c8   Data          36  setup.o(.bss)
    dma_init_struct_adc                      0x200000ec   Data          36  setup.o(.bss)
    __libspace_start                         0x20000120   Data          96  libspace.o(.bss)
    __temporary_stack_top$libspace           0x20000180   Data           0  libspace.o(.bss)



==============================================================================

Memory Map of the image

  Image Entry point : 0x08000169

  Load Region LR_IROM1 (Base: 0x08000000, Size: 0x00004d40, Max: 0x00010000, ABSOLUTE)

    Execution Region ER_IROM1 (Exec base: 0x08000000, Load base: 0x08000000, Size: 0x00004cb4, Max: 0x00010000, ABSOLUTE)

    Exec Addr    Load Addr    Size         Type   Attr      Idx    E Section Name        Object

    0x08000000   0x08000000   0x00000168   Data   RO          665    RESET               startup_gd32f1x0.o
    0x08000168   0x08000168   0x00000008   Code   RO          708  * !!!main             c_w.l(__main.o)
    0x08000170   0x08000170   0x00000034   Code   RO          878    !!!scatter          c_w.l(__scatter.o)
    0x080001a4   0x080001a4   0x0000001a   Code   RO          880    !!handler_copy      c_w.l(__scatter_copy.o)
    0x080001be   0x080001be   0x00000002   PAD
    0x080001c0   0x080001c0   0x0000001c   Code   RO          882    !!handler_zi        c_w.l(__scatter_zi.o)
    0x080001dc   0x080001dc   0x00000002   Code   RO          748    .ARM.Collect$$libinit$$00000000  c_w.l(libinit.o)
    0x080001de   0x080001de   0x00000000   Code   RO          755    .ARM.Collect$$libinit$$00000002  c_w.l(libinit2.o)
    0x080001de   0x080001de   0x00000000   Code   RO          757    .ARM.Collect$$libinit$$00000004  c_w.l(libinit2.o)
    0x080001de   0x080001de   0x00000000   Code   RO          760    .ARM.Collect$$libinit$$0000000A  c_w.l(libinit2.o)
    0x080001de   0x080001de   0x00000000   Code   RO          762    .ARM.Collect$$libinit$$0000000C  c_w.l(libinit2.o)
    0x080001de   0x080001de   0x00000000   Code   RO          764    .ARM.Collect$$libinit$$0000000E  c_w.l(libinit2.o)
    0x080001de   0x080001de   0x00000000   Code   RO          767    .ARM.Collect$$libinit$$00000011  c_w.l(libinit2.o)
    0x080001de   0x080001de   0x00000000   Code   RO          769    .ARM.Collect$$libinit$$00000013  c_w.l(libinit2.o)
    0x080001de   0x080001de   0x00000000   Code   RO          771    .ARM.Collect$$libinit$$00000015  c_w.l(libinit2.o)
    0x080001de   0x080001de   0x00000000   Code   RO          773    .ARM.Collect$$libinit$$00000017  c_w.l(libinit2.o)
    0x080001de   0x080001de   0x00000000   Code   RO          775    .ARM.Collect$$libinit$$00000019  c_w.l(libinit2.o)
    0x080001de   0x080001de   0x00000000   Code   RO          777    .ARM.Collect$$libinit$$0000001B  c_w.l(libinit2.o)
    0x080001de   0x080001de   0x00000000   Code   RO          779    .ARM.Collect$$libinit$$0000001D  c_w.l(libinit2.o)
    0x080001de   0x080001de   0x00000000   Code   RO          781    .ARM.Collect$$libinit$$0000001F  c_w.l(libinit2.o)
    0x080001de   0x080001de   0x00000000   Code   RO          783    .ARM.Collect$$libinit$$00000021  c_w.l(libinit2.o)
    0x080001de   0x080001de   0x00000000   Code   RO          785    .ARM.Collect$$libinit$$00000023  c_w.l(libinit2.o)
    0x080001de   0x080001de   0x00000000   Code   RO          787    .ARM.Collect$$libinit$$00000025  c_w.l(libinit2.o)
    0x080001de   0x080001de   0x00000000   Code   RO          791    .ARM.Collect$$libinit$$0000002C  c_w.l(libinit2.o)
    0x080001de   0x080001de   0x00000000   Code   RO          793    .ARM.Collect$$libinit$$0000002E  c_w.l(libinit2.o)
    0x080001de   0x080001de   0x00000000   Code   RO          795    .ARM.Collect$$libinit$$00000030  c_w.l(libinit2.o)
    0x080001de   0x080001de   0x00000000   Code   RO          797    .ARM.Collect$$libinit$$00000032  c_w.l(libinit2.o)
    0x080001de   0x080001de   0x00000002   Code   RO          798    .ARM.Collect$$libinit$$00000033  c_w.l(libinit2.o)
    0x080001e0   0x080001e0   0x00000002   Code   RO          818    .ARM.Collect$$libshutdown$$00000000  c_w.l(libshutdown.o)
    0x080001e2   0x080001e2   0x00000000   Code   RO          831    .ARM.Collect$$libshutdown$$00000002  c_w.l(libshutdown2.o)
    0x080001e2   0x080001e2   0x00000000   Code   RO          833    .ARM.Collect$$libshutdown$$00000004  c_w.l(libshutdown2.o)
    0x080001e2   0x080001e2   0x00000000   Code   RO          836    .ARM.Collect$$libshutdown$$00000007  c_w.l(libshutdown2.o)
    0x080001e2   0x080001e2   0x00000000   Code   RO          839    .ARM.Collect$$libshutdown$$0000000A  c_w.l(libshutdown2.o)
    0x080001e2   0x080001e2   0x00000000   Code   RO          841    .ARM.Collect$$libshutdown$$0000000C  c_w.l(libshutdown2.o)
    0x080001e2   0x080001e2   0x00000000   Code   RO          844    .ARM.Collect$$libshutdown$$0000000F  c_w.l(libshutdown2.o)
    0x080001e2   0x080001e2   0x00000002   Code   RO          845    .ARM.Collect$$libshutdown$$00000010  c_w.l(libshutdown2.o)
    0x080001e4   0x080001e4   0x00000000   Code   RO          718    .ARM.Collect$$rtentry$$00000000  c_w.l(__rtentry.o)
    0x080001e4   0x080001e4   0x00000000   Code   RO          725    .ARM.Collect$$rtentry$$00000002  c_w.l(__rtentry2.o)
    0x080001e4   0x080001e4   0x00000006   Code   RO          737    .ARM.Collect$$rtentry$$00000004  c_w.l(__rtentry4.o)
    0x080001ea   0x080001ea   0x00000000   Code   RO          727    .ARM.Collect$$rtentry$$00000009  c_w.l(__rtentry2.o)
    0x080001ea   0x080001ea   0x00000004   Code   RO          728    .ARM.Collect$$rtentry$$0000000A  c_w.l(__rtentry2.o)
    0x080001ee   0x080001ee   0x00000000   Code   RO          730    .ARM.Collect$$rtentry$$0000000C  c_w.l(__rtentry2.o)
    0x080001ee   0x080001ee   0x00000008   Code   RO          731    .ARM.Collect$$rtentry$$0000000D  c_w.l(__rtentry2.o)
    0x080001f6   0x080001f6   0x00000002   Code   RO          752    .ARM.Collect$$rtexit$$00000000  c_w.l(rtexit.o)
    0x080001f8   0x080001f8   0x00000000   Code   RO          800    .ARM.Collect$$rtexit$$00000002  c_w.l(rtexit2.o)
    0x080001f8   0x080001f8   0x00000004   Code   RO          801    .ARM.Collect$$rtexit$$00000003  c_w.l(rtexit2.o)
    0x080001fc   0x080001fc   0x00000006   Code   RO          802    .ARM.Collect$$rtexit$$00000004  c_w.l(rtexit2.o)
    0x08000202   0x08000202   0x00000002   PAD
    0x08000204   0x08000204   0x00000220   Code   RO            4    .text               main.o
    0x08000424   0x08000424   0x00000788   Code   RO          141    .text               bldc.o
    0x08000bac   0x08000bac   0x00000804   Code   RO          180    .text               setup.o
    0x080013b0   0x080013b0   0x00000104   Code   RO          209    .text               it.o
    0x080014b4   0x080014b4   0x00000070   Code   RO          243    .text               comms.o
    0x08001524   0x08001524   0x000000b4   Code   RO          267    .text               commssteering.o
    0x080015d8   0x080015d8   0x0000034c   Code   RO          321    .text               commshugs.o
    0x08001924   0x08001924   0x00000684   Code   RO          350    .text               gd32f1x0_adc.o
    0x08001fa8   0x08001fa8   0x000004b4   Code   RO          398    .text               gd32f1x0_dma.o
    0x0800245c   0x0800245c   0x000000cc   Code   RO          422    .text               gd32f1x0_fwdgt.o
    0x08002528   0x08002528   0x000001dc   Code   RO          446    .text               gd32f1x0_gpio.o
    0x08002704   0x08002704   0x00000124   Code   RO          494    .text               gd32f1x0_misc.o
    0x08002828   0x08002828   0x000008a8   Code   RO          546    .text               gd32f1x0_rcu.o
    0x080030d0   0x080030d0   0x00000d2a   Code   RO          594    .text               gd32f1x0_timer.o
    0x08003dfa   0x08003dfa   0x00000002   PAD
    0x08003dfc   0x08003dfc   0x0000064e   Code   RO          618    .text               gd32f1x0_usart.o
    0x0800444a   0x0800444a   0x00000002   PAD
    0x0800444c   0x0800444c   0x00000040   Code   RO          666    .text               startup_gd32f1x0.o
    0x0800448c   0x0800448c   0x000001ec   Code   RO          673    .text               system_gd32f1x0.o
    0x08004678   0x08004678   0x0000008a   Code   RO          702    .text               c_w.l(rt_memcpy_v6.o)
    0x08004702   0x08004702   0x00000064   Code   RO          704    .text               c_w.l(rt_memcpy_w.o)
    0x08004766   0x08004766   0x00000006   Code   RO          706    .text               c_w.l(heapauxi.o)
    0x0800476c   0x0800476c   0x0000004a   Code   RO          739    .text               c_w.l(sys_stackheap_outer.o)
    0x080047b6   0x080047b6   0x00000012   Code   RO          741    .text               c_w.l(exit.o)
    0x080047c8   0x080047c8   0x00000008   Code   RO          749    .text               c_w.l(libspace.o)
    0x080047d0   0x080047d0   0x0000000c   Code   RO          810    .text               c_w.l(sys_exit.o)
    0x080047dc   0x080047dc   0x00000002   Code   RO          821    .text               c_w.l(use_no_semi.o)
    0x080047de   0x080047de   0x00000000   Code   RO          823    .text               c_w.l(indicate_semi.o)
    0x080047de   0x080047de   0x00000068   Code   RO          163    i.blockPWM          bldc.o
    0x08004846   0x08004846   0x00000018   Code   RO          719    x$fpl$dcmpinf       fz_ws.l(dcmpi.o)
    0x0800485e   0x0800485e   0x0000002e   Code   RO          711    x$fpl$dflt          fz_ws.l(dflt_clz.o)
    0x0800488c   0x0800488c   0x00000078   Code   RO          716    x$fpl$dleqf         fz_ws.l(dleqf.o)
    0x08004904   0x08004904   0x0000009c   Code   RO          721    x$fpl$dnaninf       fz_ws.l(dnaninf.o)
    0x080049a0   0x080049a0   0x00000000   Code   RO          723    x$fpl$usenofp       fz_ws.l(usenofp.o)
    0x080049a0   0x080049a0   0x000002f2   Data   RO          142    .constdata          bldc.o
    0x08004c92   0x08004c92   0x00000002   PAD
    0x08004c94   0x08004c94   0x00000020   Data   RO          876    Region$$Table       anon$$obj.o


    Execution Region RW_IRAM1 (Exec base: 0x20000000, Load base: 0x08004cb4, Size: 0x00000980, Max: 0x00002000, ABSOLUTE)

    Exec Addr    Load Addr    Size         Type   Attr      Idx    E Section Name        Object

    0x20000000   0x08004cb4   0x00000008   Data   RW            5    .data               main.o
    0x20000008   0x08004cbc   0x0000005e   Data   RW          143    .data               bldc.o
    0x20000066   0x08004d1a   0x00000002   Data   RW          182    .data               setup.o
    0x20000068   0x08004d1c   0x00000009   Data   RW          210    .data               it.o
    0x20000071   0x08004d25   0x0000000a   Data   RW          268    .data               commssteering.o
    0x2000007b   0x08004d2f   0x00000001   PAD
    0x2000007c   0x08004d30   0x0000000b   Data   RW          323    .data               commshugs.o
    0x20000087   0x08004d3b   0x00000001   PAD
    0x20000088   0x08004d3c   0x00000004   Data   RW          674    .data               system_gd32f1x0.o
    0x2000008c        -       0x00000084   Zero   RW          181    .bss                setup.o
    0x20000110        -       0x0000000d   Zero   RW          322    .bss                commshugs.o
    0x2000011d   0x08004d40   0x00000003   PAD
    0x20000120        -       0x00000060   Zero   RW          750    .bss                c_w.l(libspace.o)
    0x20000180        -       0x00000400   Zero   RW          664    HEAP                startup_gd32f1x0.o
    0x20000580        -       0x00000400   Zero   RW          663    STACK               startup_gd32f1x0.o


==============================================================================

Image component sizes


      Code (inc. data)   RO Data    RW Data    ZI Data      Debug   Object Name

      2032        278        754         94          0       6178   bldc.o
       112          0          0          0          0       1185   comms.o
       844         76          0         11         13       3395   commshugs.o
       180         20          0         10          0       1913   commssteering.o
      1668         22          0          0          0       6861   gd32f1x0_adc.o
      1204          8          0          0          0       5807   gd32f1x0_dma.o
       204         10          0          0          0       1718   gd32f1x0_fwdgt.o
       476         10          0          0          0       3673   gd32f1x0_gpio.o
       292         22          0          0          0       1793   gd32f1x0_misc.o
      2216         90          0          0          0       9232   gd32f1x0_rcu.o
      3370         30          0          0          0      17780   gd32f1x0_timer.o
      1614         12          0          0          0      14101   gd32f1x0_usart.o
       260         26          0          9          0       2785   it.o
       544         52          0          8          0      89018   main.o
      2052         74          0          2        132       3424   setup.o
        64         26        360          0       2048        840   startup_gd32f1x0.o
       492         52          0          4          0       1893   system_gd32f1x0.o

    ----------------------------------------------------------------------
     17628        808       1148        140       2196     171596   Object Totals
         0          0         32          0          0          0   (incl. Generated)
         4          0          2          2          3          0   (incl. Padding)

    ----------------------------------------------------------------------

      Code (inc. data)   RO Data    RW Data    ZI Data      Debug   Library Member Name

         8          0          0          0          0         68   __main.o
         0          0          0          0          0          0   __rtentry.o
        12          0          0          0          0          0   __rtentry2.o
         6          0          0          0          0          0   __rtentry4.o
        52          8          0          0          0          0   __scatter.o
        26          0          0          0          0          0   __scatter_copy.o
        28          0          0          0          0          0   __scatter_zi.o
        18          0          0          0          0         80   exit.o
         6          0          0          0          0        152   heapauxi.o
         0          0          0          0          0          0   indicate_semi.o
         2          0          0          0          0          0   libinit.o
         2          0          0          0          0          0   libinit2.o
         2          0          0          0          0          0   libshutdown.o
         2          0          0          0          0          0   libshutdown2.o
         8          4          0          0         96         68   libspace.o
       138          0          0          0          0         68   rt_memcpy_v6.o
       100          0          0          0          0         80   rt_memcpy_w.o
         2          0          0          0          0          0   rtexit.o
        10          0          0          0          0          0   rtexit2.o
        12          4          0          0          0         68   sys_exit.o
        74          0          0          0          0         80   sys_stackheap_outer.o
         2          0          0          0          0         68   use_no_semi.o
        24          0          0          0          0         68   dcmpi.o
        46          0          0          0          0         68   dflt_clz.o
       120          4          0          0          0         92   dleqf.o
       156          4          0          0          0         92   dnaninf.o
         0          0          0          0          0          0   usenofp.o

    ----------------------------------------------------------------------
       860         24          0          0         96       1052   Library Totals
         4          0          0          0          0          0   (incl. Padding)

    ----------------------------------------------------------------------

      Code (inc. data)   RO Data    RW Data    ZI Data      Debug   Library Name

       510         16          0          0         96        732   c_w.l
       346          8          0          0          0        320   fz_ws.l

    ----------------------------------------------------------------------
       860         24          0          0         96       1052   Library Totals

    ----------------------------------------------------------------------

==============================================================================


      Code (inc. data)   RO Data    RW Data    ZI Data      Debug   

     18488        832       1148        140       2292     170408   Grand Totals
     18488        832       1148        140       2292     170408   ELF Image Totals
     18488        832       1148        140          0          0   ROM Totals

==============================================================================

    Total RO  Size (Code + RO Data)                19636 (  19.18kB)
    Total RW  Size (RW Data + ZI Data)              2432 (   2.38kB)
    Total ROM Size (Code + RO Data + RW Data)      19776 (  19.31kB)

==============================================================================

