Component: ARM Compiler 5.06 update 6 (build 750) Tool: armlink [4d35ed]

==============================================================================

Section Cross References

    main.o(.text) refers to gd32f1x0_fwdgt.o(.text) for fwdgt_counter_reload
    main.o(.text) refers to bldc.o(.text) for SetPWM
    main.o(.text) refers to commshugs.o(.text) for SendHUGSReply
    main.o(.text) refers to it.o(.text) for Delay
    main.o(.text) refers to gd32f1x0_usart.o(.text) for usart_deinit
    main.o(.text) refers to gd32f1x0_gpio.o(.text) for gpio_bit_write
    main.o(.text) refers to system_gd32f1x0.o(.text) for SystemCoreClockUpdate
    main.o(.text) refers to setup.o(.text) for Watchdog_init
    main.o(.text) refers to bldc.o(.data) for buzzerPattern
    main.o(.text) refers to commshugs.o(.data) for HUGS_Enabled
    main.o(.text) refers to system_gd32f1x0.o(.data) for SystemCoreClock
    main.o(.text) refers to main.o(.data) for inactivity_timeout_counter
    bldc.o(.text) refers to fflt_clz.o(x$fpl$fflt) for __aeabi_i2f
    bldc.o(.text) refers to fmul.o(x$fpl$fmul) for __aeabi_fmul
    bldc.o(.text) refers to ffix.o(x$fpl$ffix) for __aeabi_f2iz
    bldc.o(.text) refers to gd32f1x0_gpio.o(.text) for gpio_input_bit_get
    bldc.o(.text) refers to dflt_clz.o(x$fpl$dflt) for __aeabi_i2d
    bldc.o(.text) refers to dleqf.o(x$fpl$dleqf) for __aeabi_cdcmple
    bldc.o(.text) refers to bldc.o(.data) for bldcEnable
    bldc.o(.text) refers to bldc.o(.constdata) for hall_to_pos
    bldc.o(.text) refers to gd32f1x0_timer.o(.text) for timer_automatic_output_disable
    bldc.o(.text) refers to bldc.o(i.blockPWM) for blockPWM
    bldc.o(.text) refers to it.o(.data) for timedOut
    setup.o(.text) refers to gd32f1x0_misc.o(.text) for nvic_priority_group_set
    setup.o(.text) refers to gd32f1x0_rcu.o(.text) for rcu_flag_get
    setup.o(.text) refers to gd32f1x0_fwdgt.o(.text) for fwdgt_config
    setup.o(.text) refers to gd32f1x0_timer.o(.text) for timer_deinit
    setup.o(.text) refers to gd32f1x0_gpio.o(.text) for gpio_mode_set
    setup.o(.text) refers to setup.o(.bss) for timeoutTimer_paramter_struct
    setup.o(.text) refers to gd32f1x0_dma.o(.text) for dma_deinit
    setup.o(.text) refers to rt_memcpy_w.o(.text) for __aeabi_memcpy4
    setup.o(.text) refers to gd32f1x0_adc.o(.text) for adc_channel_length_config
    setup.o(.text) refers to gd32f1x0_usart.o(.text) for usart_baudrate_set
    setup.o(.text) refers to bldc.o(.data) for adc_buffer
    setup.o(.text) refers to setup.o(.data) for usartHUGS_rx_buf
    it.o(.text) refers to bldc.o(.text) for CalculateSpeed
    it.o(.text) refers to gd32f1x0_timer.o(.text) for timer_interrupt_flag_clear
    it.o(.text) refers to gd32f1x0_adc.o(.text) for adc_software_trigger_enable
    it.o(.text) refers to gd32f1x0_dma.o(.text) for dma_interrupt_flag_get
    it.o(.text) refers to commssteering.o(.text) for UpdateUSARTSteerInput
    it.o(.text) refers to commshugs.o(.text) for UpdateUSARTHUGSInput
    it.o(.text) refers to it.o(.data) for msTicks
    it.o(.text) refers to commshugs.o(.data) for HUGS_WatchDog
    comms.o(.text) refers to gd32f1x0_usart.o(.text) for usart_data_transmit
    commssteering.o(.text) refers to comms.o(.text) for SendBuffer
    commssteering.o(.text) refers to it.o(.text) for ResetTimeout
    commssteering.o(.text) refers to setup.o(.data) for usartSteer_COM_rx_buf
    commssteering.o(.text) refers to commssteering.o(.data) for sUSARTSteerRecordBufferCounter
    commshugs.o(.text) refers to bldc.o(.text) for GetPosition
    commshugs.o(.text) refers to comms.o(.text) for CalcCRC
    commshugs.o(.text) refers to it.o(.text) for ResetTimeout
    commshugs.o(.text) refers to rt_memcpy_v6.o(.text) for __aeabi_memcpy
    commshugs.o(.text) refers to commshugs.o(.data) for HUGS_ESTOP
    commshugs.o(.text) refers to bldc.o(.data) for controlMode
    commshugs.o(.text) refers to setup.o(.data) for usartHUGS_rx_buf
    commshugs.o(.text) refers to commshugs.o(.bss) for sUSARTHUGSRecordBuffer
    gd32f1x0_adc.o(.text) refers to gd32f1x0_rcu.o(.text) for rcu_periph_reset_enable
    gd32f1x0_gpio.o(.text) refers to gd32f1x0_rcu.o(.text) for rcu_periph_reset_enable
    gd32f1x0_i2c.o(.text) refers to gd32f1x0_rcu.o(.text) for rcu_periph_reset_enable
    gd32f1x0_pmu.o(.text) refers to gd32f1x0_rcu.o(.text) for rcu_periph_reset_enable
    gd32f1x0_pmu.o(.text) refers to gd32f1x0_pmu.o(.bss) for reg_snap
    gd32f1x0_syscfg.o(.text) refers to gd32f1x0_rcu.o(.text) for rcu_periph_reset_enable
    gd32f1x0_timer.o(.text) refers to gd32f1x0_rcu.o(.text) for rcu_periph_reset_enable
    gd32f1x0_usart.o(.text) refers to gd32f1x0_rcu.o(.text) for rcu_periph_reset_enable
    gd32f1x0_wwdgt.o(.text) refers to gd32f1x0_rcu.o(.text) for rcu_periph_reset_enable
    startup_gd32f1x0.o(STACK) refers (Special) to heapauxi.o(.text) for __use_two_region_memory
    startup_gd32f1x0.o(HEAP) refers (Special) to heapauxi.o(.text) for __use_two_region_memory
[...]

==============================================================================

Image Symbol Table

    Local Symbols

    Symbol Name                              Value     Ov Type        Size  Object(Section)

    ../clib/angel/boardlib.s                 0x00000000   Number         0  boardshut.o ABSOLUTE
    ../clib/angel/boardlib.s                 0x00000000   Number         0  boardinit3.o ABSOLUTE
    ../clib/angel/boardlib.s                 0x00000000   Number         0  boardinit2.o ABSOLUTE
    ../clib/angel/boardlib.s                 0x00000000   Number         0  boardinit1.o ABSOLUTE
    ../clib/angel/handlers.s                 0x00000000   Number         0  __scatter_copy.o ABSOLUTE
    ../clib/angel/handlers.s                 0x00000000   Number         0  __scatter_zi.o ABSOLUTE
    ../clib/angel/kernel.s                   0x00000000   Number         0  __rtentry2.o ABSOLUTE
    ../clib/angel/kernel.s                   0x00000000   Number         0  rtexit.o ABSOLUTE
    ../clib/angel/kernel.s                   0x00000000   Number         0  rtexit2.o ABSOLUTE
    ../clib/angel/kernel.s                   0x00000000   Number         0  __rtentry.o ABSOLUTE
    ../clib/angel/kernel.s                   0x00000000   Number         0  __rtentry4.o ABSOLUTE
    ../clib/angel/rt.s                       0x00000000   Number         0  rt_raise.o ABSOLUTE
    ../clib/angel/scatter.s                  0x00000000   Number         0  __scatter.o ABSOLUTE
    ../clib/angel/startup.s                  0x00000000   Number         0  __main.o ABSOLUTE
    ../clib/angel/sys.s                      0x00000000   Number         0  indicate_semi.o ABSOLUTE
    ../clib/angel/sys.s                      0x00000000   Number         0  use_no_semi.o ABSOLUTE
    ../clib/angel/sys.s                      0x00000000   Number         0  libspace.o ABSOLUTE
    ../clib/angel/sys.s                      0x00000000   Number         0  sys_stackheap_outer.o ABSOLUTE
    ../clib/angel/sysapp.c                   0x00000000   Number         0  sys_exit.o ABSOLUTE
    ../clib/angel/sysapp.c                   0x00000000   Number         0  sys_command.o ABSOLUTE
    ../clib/angel/sysapp.c                   0x00000000   Number         0  sys_wrch.o ABSOLUTE
    ../clib/armsys.c                         0x00000000   Number         0  no_argv.o ABSOLUTE
    ../clib/armsys.c                         0x00000000   Number         0  _get_argv_nomalloc.o ABSOLUTE
    ../clib/armsys.c                         0x00000000   Number         0  argv_veneer.o ABSOLUTE
    ../clib/armsys.c                         0x00000000   Number         0  argv_veneer.o ABSOLUTE
    ../clib/heapalloc.c                      0x00000000   Number         0  hrguard.o ABSOLUTE
    ../clib/heapaux.c                        0x00000000   Number         0  heapauxi.o ABSOLUTE
    ../clib/libinit.s                        0x00000000   Number         0  libshutdown2.o ABSOLUTE
    ../clib/libinit.s                        0x00000000   Number         0  libinit.o ABSOLUTE
    ../clib/libinit.s                        0x00000000   Number         0  libshutdown.o ABSOLUTE
    ../clib/libinit.s                        0x00000000   Number         0  libinit2.o ABSOLUTE
    ../clib/memcpset.s                       0x00000000   Number         0  rt_memcpy_w.o ABSOLUTE
    ../clib/memcpset.s                       0x00000000   Number         0  rt_memcpy_v6.o ABSOLUTE
    ../clib/signal.c                         0x00000000   Number         0  defsig_exit.o ABSOLUTE
    ../clib/signal.c                         0x00000000   Number         0  __raise.o ABSOLUTE
    ../clib/signal.c                         0x00000000   Number         0  defsig_rtmem_formal.o ABSOLUTE
    ../clib/signal.c                         0x00000000   Number         0  defsig_rtmem_inner.o ABSOLUTE
    ../clib/signal.c                         0x00000000   Number         0  defsig_general.o ABSOLUTE
    ../clib/signal.c                         0x00000000   Number         0  defsig_abrt_inner.o ABSOLUTE
    ../clib/signal.c                         0x00000000   Number         0  defsig_fpe_inner.o ABSOLUTE
    ../clib/signal.c                         0x00000000   Number         0  defsig_rtred_inner.o ABSOLUTE
    ../clib/signal.c                         0x00000000   Number         0  defsig_rtmem_outer.o ABSOLUTE
    ../clib/signal.c                         0x00000000   Number         0  defsig_pvfn_inner.o ABSOLUTE
    ../clib/signal.c                         0x00000000   Number         0  defsig_cppl_inner.o ABSOLUTE
    ../clib/signal.c                         0x00000000   Number         0  defsig_segv_inner.o ABSOLUTE
    ../clib/signal.c                         0x00000000   Number         0  defsig_other.o ABSOLUTE
    ../clib/signal.c                         0x00000000   Number         0  defsig_stak_inner.o ABSOLUTE
    ../clib/signal.s                         0x00000000   Number         0  defsig.o ABSOLUTE
    ../clib/stdlib.c                         0x00000000   Number         0  exit.o ABSOLUTE
    ../fplib/dcmpi.s                         0x00000000   Number         0  dcmpi.o ABSOLUTE
    ../fplib/dflt.s                          0x00000000   Number         0  dflt_clz.o ABSOLUTE
    ../fplib/dleqf.s                         0x00000000   Number         0  dleqf.o ABSOLUTE
    ../fplib/dnaninf.s                       0x00000000   Number         0  dnaninf.o ABSOLUTE
    ../fplib/ffix.s                          0x00000000   Number         0  ffix.o ABSOLUTE
    ../fplib/fflt.s                          0x00000000   Number         0  fflt_clz.o ABSOLUTE
    ../fplib/fmul.s                          0x00000000   Number         0  fmul.o ABSOLUTE
    ../fplib/fnaninf.s                       0x00000000   Number         0  fnaninf.o ABSOLUTE
    ../fplib/fpinit.s                        0x00000000   Number         0  fpinit.o ABSOLUTE
    ../fplib/fretinf.s                       0x00000000   Number         0  fretinf.o ABSOLUTE
    ../fplib/usenofp.s                       0x00000000   Number         0  usenofp.o ABSOLUTE
    RTE\Device\GD32F130C8\gd32f1x0_adc.c     0x00000000   Number         0  gd32f1x0_adc.o ABSOLUTE
    RTE\Device\GD32F130C8\gd32f1x0_dbg.c     0x00000000   Number         0  gd32f1x0_dbg.o ABSOLUTE
    RTE\Device\GD32F130C8\gd32f1x0_dma.c     0x00000000   Number         0  gd32f1x0_dma.o ABSOLUTE
    RTE\Device\GD32F130C8\gd32f1x0_fwdgt.c   0x00000000   Number         0  gd32f1x0_fwdgt.o ABSOLUTE
    RTE\Device\GD32F130C8\gd32f1x0_gpio.c    0x00000000   Number         0  gd32f1x0_gpio.o ABSOLUTE
    RTE\Device\GD32F130C8\gd32f1x0_i2c.c     0x00000000   Number         0  gd32f1x0_i2c.o ABSOLUTE
    RTE\Device\GD32F130C8\gd32f1x0_misc.c    0x00000000   Number         0  gd32f1x0_misc.o ABSOLUTE
    RTE\Device\GD32F130C8\gd32f1x0_opa.c     0x00000000   Number         0  gd32f1x0_opa.o ABSOLUTE
    RTE\Device\GD32F130C8\gd32f1x0_pmu.c     0x00000000   Number         0  gd32f1x0_pmu.o ABSOLUTE
    RTE\Device\GD32F130C8\gd32f1x0_rcu.c     0x00000000   Number         0  gd32f1x0_rcu.o ABSOLUTE
    RTE\Device\GD32F130C8\gd32f1x0_syscfg.c  0x00000000   Number         0  gd32f1x0_syscfg.o ABSOLUTE
    RTE\Device\GD32F130C8\gd32f1x0_timer.c   0x00000000   Number         0  gd32f1x0_timer.o ABSOLUTE
    RTE\Device\GD32F130C8\gd32f1x0_usart.c   0x00000000   Number         0  gd32f1x0_usart.o ABSOLUTE
    RTE\Device\GD32F130C8\gd32f1x0_wwdgt.c   0x00000000   Number         0  gd32f1x0_wwdgt.o ABSOLUTE
    RTE\Device\GD32F130C8\startup_gd32f1x0.s 0x00000000   Number         0  startup_gd32f1x0.o ABSOLUTE
    RTE\Device\GD32F130C8\system_gd32f1x0.c  0x00000000   Number         0  system_gd32f1x0.o ABSOLUTE
    RTE\\Device\\GD32F130C8\\gd32f1x0_adc.c  0x00000000   Number         0  gd32f1x0_adc.o ABSOLUTE
    RTE\\Device\\GD32F130C8\\gd32f1x0_dbg.c  0x00000000   Number         0  gd32f1x0_dbg.o ABSOLUTE
    RTE\\Device\\GD32F130C8\\gd32f1x0_dma.c  0x00000000   Number         0  gd32f1x0_dma.o ABSOLUTE
    RTE\\Device\\GD32F130C8\\gd32f1x0_fwdgt.c 0x00000000   Number         0  gd32f1x0_fwdgt.o ABSOLUTE
    RTE\\Device\\GD32F130C8\\gd32f1x0_gpio.c 0x00000000   Number         0  gd32f1x0_gpio.o ABSOLUTE
    RTE\\Device\\GD32F130C8\\gd32f1x0_i2c.c  0x00000000   Number         0  gd32f1x0_i2c.o ABSOLUTE
    RTE\\Device\\GD32F130C8\\gd32f1x0_misc.c 0x00000000   Number         0  gd32f1x0_misc.o ABSOLUTE
    RTE\\Device\\GD32F130C8\\gd32f1x0_pmu.c  0x00000000   Number         0  gd32f1x0_pmu.o ABSOLUTE
    RTE\\Device\\GD32F130C8\\gd32f1x0_rcu.c  0x00000000   Number         0  gd32f1x0_rcu.o ABSOLUTE
    RTE\\Device\\GD32F130C8\\gd32f1x0_syscfg.c 0x00000000   Number         0  gd32f1x0_syscfg.o ABSOLUTE
    RTE\\Device\\GD32F130C8\\gd32f1x0_timer.c 0x00000000   Number         0  gd32f1x0_timer.o ABSOLUTE
    RTE\\Device\\GD32F130C8\\gd32f1x0_usart.c 0x00000000   Number         0  gd32f1x0_usart.o ABSOLUTE
    RTE\\Device\\GD32F130C8\\gd32f1x0_wwdgt.c 0x00000000   Number         0  gd32f1x0_wwdgt.o ABSOLUTE
    RTE\\Device\\GD32F130C8\\system_gd32f1x0.c 0x00000000   Number         0  system_gd32f1x0.o ABSOLUTE
    Src\\bldc.c                              0x00000000   Number         0  bldc.o ABSOLUTE
    Src\\comms.c                             0x00000000   Number         0  comms.o ABSOLUTE
    Src\\commsHUGS.c                         0x00000000   Number         0  commshugs.o ABSOLUTE
    Src\\commsSteering.c                     0x00000000   Number         0  commssteering.o ABSOLUTE
    Src\\it.c                                0x00000000   Number         0  it.o ABSOLUTE
    Src\\led.c                               0x00000000   Number         0  led.o ABSOLUTE
    Src\\main.c                              0x00000000   Number         0  main.o ABSOLUTE
    Src\\setup.c                             0x00000000   Number         0  setup.o ABSOLUTE
    Src\bldc.c                               0x00000000   Number         0  bldc.o ABSOLUTE
    Src\comms.c                              0x00000000   Number         0  comms.o ABSOLUTE
    Src\commsHUGS.c                          0x00000000   Number         0  commshugs.o ABSOLUTE
    Src\commsSteering.c                      0x00000000   Number         0  commssteering.o ABSOLUTE
    Src\it.c                                 0x00000000   Number         0  it.o ABSOLUTE
    Src\led.c                                0x00000000   Number         0  led.o ABSOLUTE
    Src\main.c                               0x00000000   Number         0  main.o ABSOLUTE
    Src\setup.c                              0x00000000   Number         0  setup.o ABSOLUTE
    dc.s                                     0x00000000   Number         0  dc.o ABSOLUTE
    RESET                                    0x08000000   Section      360  startup_gd32f1x0.o(RESET)
    !!!main                                  0x08000168   Section        8  __main.o(!!!main)
    !!!scatter                               0x08000170   Section       52  __scatter.o(!!!scatter)
    !!handler_copy                           0x080001a4   Section       26  __scatter_copy.o(!!handler_copy)
    !!handler_zi                             0x080001c0   Section       28  __scatter_zi.o(!!handler_zi)
    .ARM.Collect$$libinit$$00000000          0x080001dc   Section        2  libinit.o(.ARM.Collect$$libinit$$00000000)
    .ARM.Collect$$libinit$$00000002          0x080001de   Section        0  libinit2.o(.ARM.Collect$$libinit$$00000002)
    .ARM.Collect$$libinit$$00000004          0x080001de   Section        0  libinit2.o(.ARM.Collect$$libinit$$00000004)
    .ARM.Collect$$libinit$$0000000A          0x080001de   Section        0  libinit2.o(.ARM.Collect$$libinit$$0000000A)
    .ARM.Collect$$libinit$$0000000C          0x080001de   Section        0  libinit2.o(.ARM.Collect$$libinit$$0000000C)
    .ARM.Collect$$libinit$$0000000E          0x080001de   Section        0  libinit2.o(.ARM.Collect$$libinit$$0000000E)
    .ARM.Collect$$libinit$$00000011          0x080001de   Section        0  libinit2.o(.ARM.Collect$$libinit$$00000011)
    .ARM.Collect$$libinit$$00000013          0x080001de   Section        0  libinit2.o(.ARM.Collect$$libinit$$00000013)
    .ARM.Collect$$libinit$$00000015          0x080001de   Section        0  libinit2.o(.ARM.Collect$$libinit$$00000015)
    .ARM.Collect$$libinit$$00000017          0x080001de   Section        0  libinit2.o(.ARM.Collect$$libinit$$00000017)
    .ARM.Collect$$libinit$$00000019          0x080001de   Section        0  libinit2.o(.ARM.Collect$$libinit$$00000019)
    .ARM.Collect$$libinit$$0000001B          0x080001de   Section        0  libinit2.o(.ARM.Collect$$libinit$$0000001B)
    .ARM.Collect$$libinit$$0000001D          0x080001de   Section        0  libinit2.o(.ARM.Collect$$libinit$$0000001D)
    .ARM.Collect$$libinit$$0000001F          0x080001de   Section        0  libinit2.o(.ARM.Collect$$libinit$$0000001F)
    .ARM.Collect$$libinit$$00000021          0x080001de   Section        0  libinit2.o(.ARM.Collect$$libinit$$00000021)
    .ARM.Collect$$libinit$$00000023          0x080001de   Section        0  libinit2.o(.ARM.Collect$$libinit$$00000023)
    .ARM.Collect$$libinit$$00000025          0x080001de   Section        0  libinit2.o(.ARM.Collect$$libinit$$00000025)
    .ARM.Collect$$libinit$$0000002C          0x080001de   Section        0  libinit2.o(.ARM.Collect$$libinit$$0000002C)
    .ARM.Collect$$libinit$$0000002E          0x080001de   Section        0  libinit2.o(.ARM.Collect$$libinit$$0000002E)
    .ARM.Collect$$libinit$$00000030          0x080001de   Section        0  libinit2.o(.ARM.Collect$$libinit$$00000030)
    .ARM.Collect$$libinit$$00000032          0x080001de   Section        0  libinit2.o(.ARM.Collect$$libinit$$00000032)
    .ARM.Collect$$libinit$$00000033          0x080001de   Section        2  libinit2.o(.ARM.Collect$$libinit$$00000033)
    .ARM.Collect$$libshutdown$$00000000      0x080001e0   Section        2  libshutdown.o(.ARM.Collect$$libshutdown$$00000000)
    .ARM.Collect$$libshutdown$$00000002      0x080001e2   Section        0  libshutdown2.o(.ARM.Collect$$libshutdown$$00000002)
    .ARM.Collect$$libshutdown$$00000004      0x080001e2   Section        0  libshutdown2.o(.ARM.Collect$$libshutdown$$00000004)
    .ARM.Collect$$libshutdown$$00000007      0x080001e2   Section        0  libshutdown2.o(.ARM.Collect$$libshutdown$$00000007)
    .ARM.Collect$$libshutdown$$0000000A      0x080001e2   Section        0  libshutdown2.o(.ARM.Collect$$libshutdown$$0000000A)
    .ARM.Collect$$libshutdown$$0000000C      0x080001e2   Section        0  libshutdown2.o(.ARM.Collect$$libshutdown$$0000000C)
    .ARM.Collect$$libshutdown$$0000000F      0x080001e2   Section        0  libshutdown2.o(.ARM.Collect$$libshutdown$$0000000F)
    .ARM.Collect$$libshutdown$$00000010      0x080001e2   Section        2  libshutdown2.o(.ARM.Collect$$libshutdown$$00000010)
    .ARM.Collect$$rtentry$$00000000          0x080001e4   Section        0  __rtentry.o(.ARM.Collect$$rtentry$$00000000)
    .ARM.Collect$$rtentry$$00000002          0x080001e4   Section        0  __rtentry2.o(.ARM.Collect$$rtentry$$00000002)
    .ARM.Collect$$rtentry$$00000004          0x080001e4   Section        6  __rtentry4.o(.ARM.Collect$$rtentry$$00000004)
    .ARM.Collect$$rtentry$$00000009          0x080001ea   Section        0  __rtentry2.o(.ARM.Collect$$rtentry$$00000009)
    .ARM.Collect$$rtentry$$0000000A          0x080001ea   Section        4  __rtentry2.o(.ARM.Collect$$rtentry$$0000000A)
    .ARM.Collect$$rtentry$$0000000C          0x080001ee   Section        0  __rtentry2.o(.ARM.Collect$$rtentry$$0000000C)
    .ARM.Collect$$rtentry$$0000000D          0x080001ee   Section        8  __rtentry2.o(.ARM.Collect$$rtentry$$0000000D)
    .ARM.Collect$$rtexit$$00000000           0x080001f6   Section        2  rtexit.o(.ARM.Collect$$rtexit$$00000000)
    .ARM.Collect$$rtexit$$00000002           0x080001f8   Section        0  rtexit2.o(.ARM.Collect$$rtexit$$00000002)
    .ARM.Collect$$rtexit$$00000003           0x080001f8   Section        4  rtexit2.o(.ARM.Collect$$rtexit$$00000003)
    .ARM.Collect$$rtexit$$00000004           0x080001fc   Section        6  rtexit2.o(.ARM.Collect$$rtexit$$00000004)
    .text                                    0x08000204   Section        0  main.o(.text)
    .text                                    0x08000424   Section        0  bldc.o(.text)
    .text                                    0x08000c2c   Section        0  setup.o(.text)
    .text                                    0x08001430   Section        0  it.o(.text)
    .text                                    0x08001534   Section        0  comms.o(.text)
    .text                                    0x080015a4   Section        0  commssteering.o(.text)
    .text                                    0x08001658   Section        0  commshugs.o(.text)
    .text                                    0x08001a74   Section        0  gd32f1x0_adc.o(.text)
    .text                                    0x080020f8   Section        0  gd32f1x0_dma.o(.text)
    .text                                    0x080025ac   Section        0  gd32f1x0_fwdgt.o(.text)
    .text                                    0x08002678   Section        0  gd32f1x0_gpio.o(.text)
    .text                                    0x08002854   Section        0  gd32f1x0_misc.o(.text)
    .text                                    0x08002978   Section        0  gd32f1x0_rcu.o(.text)
    .text                                    0x08003220   Section        0  gd32f1x0_timer.o(.text)
    .text                                    0x08003f4c   Section        0  gd32f1x0_usart.o(.text)
    .text                                    0x0800459c   Section       64  startup_gd32f1x0.o(.text)
    .text                                    0x080045dc   Section        0  system_gd32f1x0.o(.text)
    system_clock_72m_irc8m                   0x080045dd   Thumb Code   106  system_gd32f1x0.o(.text)
    system_clock_config                      0x08004647   Thumb Code     8  system_gd32f1x0.o(.text)
    .text                                    0x080047c8   Section      138  rt_memcpy_v6.o(.text)
    .text                                    0x08004852   Section      100  rt_memcpy_w.o(.text)
    .text                                    0x080048b6   Section        0  heapauxi.o(.text)
    .text                                    0x080048bc   Section       74  sys_stackheap_outer.o(.text)
    .text                                    0x08004906   Section        0  exit.o(.text)
    .text                                    0x08004918   Section        8  libspace.o(.text)
    .text                                    0x08004920   Section        0  sys_exit.o(.text)
    .text                                    0x0800492c   Section        2  use_no_semi.o(.text)
    .text                                    0x0800492e   Section        0  indicate_semi.o(.text)
    i.blockPWM                               0x0800492e   Section        0  bldc.o(i.blockPWM)
    x$fpl$dcmpinf                            0x08004996   Section       24  dcmpi.o(x$fpl$dcmpinf)
    x$fpl$dflt                               0x080049ae   Section       46  dflt_clz.o(x$fpl$dflt)
    x$fpl$dleqf                              0x080049dc   Section      120  dleqf.o(x$fpl$dleqf)
    x$fpl$dnaninf                            0x08004a54   Section      156  dnaninf.o(x$fpl$dnaninf)
    x$fpl$ffix                               0x08004af0   Section       54  ffix.o(x$fpl$ffix)
    x$fpl$fflt                               0x08004b28   Section       48  fflt_clz.o(x$fpl$fflt)
    x$fpl$fmul                               0x08004b58   Section      258  fmul.o(x$fpl$fmul)
    x$fpl$fnaninf                            0x08004c5a   Section      140  fnaninf.o(x$fpl$fnaninf)
    x$fpl$fretinf                            0x08004ce6   Section       10  fretinf.o(x$fpl$fretinf)
    .constdata                               0x08004cf0   Section      776  bldc.o(.constdata)
    x$fpl$usenofp                            0x08004cf0   Section        0  usenofp.o(x$fpl$usenofp)
    .data                                    0x20000000   Section        8  main.o(.data)
    .data                                    0x20000008   Section      114  bldc.o(.data)
    .data                                    0x2000007a   Section        2  setup.o(.data)
    .data                                    0x2000007c   Section        9  it.o(.data)
    .data                                    0x20000085   Section       10  commssteering.o(.data)
    sSteerRecord                             0x20000085   Data           1  commssteering.o(.data)
    sUSARTSteerRecordBuffer                  0x20000086   Data           8  commssteering.o(.data)
    sUSARTSteerRecordBufferCounter           0x2000008e   Data           1  commssteering.o(.data)
    .data                                    0x20000090   Section       11  commshugs.o(.data)
    sHUGSRecord                              0x20000090   Data           1  commshugs.o(.data)
    sUSARTHUGSRecordBufferCounter            0x20000091   Data           1  commshugs.o(.data)
    .data                                    0x2000009c   Section        4  system_gd32f1x0.o(.data)
    .bss                                     0x200000a0   Section      132  setup.o(.bss)
    .bss                                     0x20000124   Section       17  commshugs.o(.bss)
    sUSARTHUGSRecordBuffer                   0x20000124   Data          17  commshugs.o(.bss)
    .bss                                     0x20000138   Section       96  libspace.o(.bss)
    HEAP                                     0x20000198   Section     1024  startup_gd32f1x0.o(HEAP)
    Heap_Mem                                 0x20000198   Data        1024  startup_gd32f1x0.o(HEAP)
    STACK                                    0x20000598   Section     1024  startup_gd32f1x0.o(STACK)
    Stack_Mem                                0x20000598   Data        1024  startup_gd32f1x0.o(STACK)
    __initial_sp                             0x20000998   Data           0  startup_gd32f1x0.o(STACK)

    Global Symbols

    Symbol Name                              Value     Ov Type        Size  Object(Section)

    BuildAttributes$$THM_ISAv4$P$D$K$B$S$PE$A:L22UL41UL21$X:L11$S22US41US21$IEEE1$IW$USESV6$~STKCKD$USESV7$~SHL$OSPACE$ROPI$EBA8$UX$STANDARDLIB$REQ8$PRES8$EABIv2 0x00000000   Number         0  anon$$obj.o ABSOLUTE
    __ARM_use_no_argv                        0x00000000   Number         0  main.o ABSOLUTE
    __ARM_exceptions_init                     - Undefined Weak Reference
    __alloca_initialize                       - Undefined Weak Reference
    __arm_preinit_                            - Undefined Weak Reference
    __cpp_initialize__aeabi_                  - Undefined Weak Reference
    __cxa_finalize                            - Undefined Weak Reference
    __rt_locale                               - Undefined Weak Reference
    __sigvec_lookup                           - Undefined Weak Reference
    _atexit_init                              - Undefined Weak Reference
    _call_atexit_fns                          - Undefined Weak Reference
    _clock_init                               - Undefined Weak Reference
    _fp_trap_init                             - Undefined Weak Reference
    _fp_trap_shutdown                         - Undefined Weak Reference
    _get_lc_collate                           - Undefined Weak Reference
    _get_lc_ctype                             - Undefined Weak Reference
    _get_lc_monetary                          - Undefined Weak Reference
    _get_lc_numeric                           - Undefined Weak Reference
    _get_lc_time                              - Undefined Weak Reference
    _getenv_init                              - Undefined Weak Reference
    _handle_redirection                       - Undefined Weak Reference
    _init_alloc                               - Undefined Weak Reference
    _init_user_alloc                          - Undefined Weak Reference
    _initio                                   - Undefined Weak Reference
    _rand_init                                - Undefined Weak Reference
    _signal_finish                            - Undefined Weak Reference
    _signal_init                              - Undefined Weak Reference
    _terminate_alloc                          - Undefined Weak Reference
    _terminate_user_alloc                     - Undefined Weak Reference
    _terminateio                              - Undefined Weak Reference
    __Vectors_Size                           0x00000168   Number         0  startup_gd32f1x0.o ABSOLUTE
    __Vectors                                0x08000000   Data           4  startup_gd32f1x0.o(RESET)
    __Vectors_End                            0x08000168   Data           0  startup_gd32f1x0.o(RESET)
    __main                                   0x08000169   Thumb Code     8  __main.o(!!!main)
    __scatterload                            0x08000171   Thumb Code     0  __scatter.o(!!!scatter)
    __scatterload_rt2                        0x08000171   Thumb Code    44  __scatter.o(!!!scatter)
    __scatterload_rt2_thumb_only             0x08000171   Thumb Code     0  __scatter.o(!!!scatter)
    __scatterload_null                       0x0800017f   Thumb Code     0  __scatter.o(!!!scatter)
    __scatterload_copy                       0x080001a5   Thumb Code    26  __scatter_copy.o(!!handler_copy)
    __scatterload_zeroinit                   0x080001c1   Thumb Code    28  __scatter_zi.o(!!handler_zi)
    __rt_lib_init                            0x080001dd   Thumb Code     0  libinit.o(.ARM.Collect$$libinit$$00000000)
    __rt_lib_init_alloca_1                   0x080001df   Thumb Code     0  libinit2.o(.ARM.Collect$$libinit$$0000002E)
    __rt_lib_init_argv_1                     0x080001df   Thumb Code     0  libinit2.o(.ARM.Collect$$libinit$$0000002C)
    __rt_lib_init_atexit_1                   0x080001df   Thumb Code     0  libinit2.o(.ARM.Collect$$libinit$$0000001B)
    __rt_lib_init_clock_1                    0x080001df   Thumb Code     0  libinit2.o(.ARM.Collect$$libinit$$00000021)
    __rt_lib_init_cpp_1                      0x080001df   Thumb Code     0  libinit2.o(.ARM.Collect$$libinit$$00000032)
    __rt_lib_init_exceptions_1               0x080001df   Thumb Code     0  libinit2.o(.ARM.Collect$$libinit$$00000030)
    __rt_lib_init_fp_1                       0x080001df   Thumb Code     0  libinit2.o(.ARM.Collect$$libinit$$00000002)
    __rt_lib_init_fp_trap_1                  0x080001df   Thumb Code     0  libinit2.o(.ARM.Collect$$libinit$$0000001F)
    __rt_lib_init_getenv_1                   0x080001df   Thumb Code     0  libinit2.o(.ARM.Collect$$libinit$$00000023)
    __rt_lib_init_heap_1                     0x080001df   Thumb Code     0  libinit2.o(.ARM.Collect$$libinit$$0000000A)
    __rt_lib_init_lc_collate_1               0x080001df   Thumb Code     0  libinit2.o(.ARM.Collect$$libinit$$00000011)
    __rt_lib_init_lc_ctype_1                 0x080001df   Thumb Code     0  libinit2.o(.ARM.Collect$$libinit$$00000013)
    __rt_lib_init_lc_monetary_1              0x080001df   Thumb Code     0  libinit2.o(.ARM.Collect$$libinit$$00000015)
    __rt_lib_init_lc_numeric_1               0x080001df   Thumb Code     0  libinit2.o(.ARM.Collect$$libinit$$00000017)
    __rt_lib_init_lc_time_1                  0x080001df   Thumb Code     0  libinit2.o(.ARM.Collect$$libinit$$00000019)
    __rt_lib_init_preinit_1                  0x080001df   Thumb Code     0  libinit2.o(.ARM.Collect$$libinit$$00000004)
    __rt_lib_init_rand_1                     0x080001df   Thumb Code     0  libinit2.o(.ARM.Collect$$libinit$$0000000E)
    __rt_lib_init_return                     0x080001df   Thumb Code     0  libinit2.o(.ARM.Collect$$libinit$$00000033)
    __rt_lib_init_signal_1                   0x080001df   Thumb Code     0  libinit2.o(.ARM.Collect$$libinit$$0000001D)
    __rt_lib_init_stdio_1                    0x080001df   Thumb Code     0  libinit2.o(.ARM.Collect$$libinit$$00000025)
    __rt_lib_init_user_alloc_1               0x080001df   Thumb Code     0  libinit2.o(.ARM.Collect$$libinit$$0000000C)
    __rt_lib_shutdown                        0x080001e1   Thumb Code     0  libshutdown.o(.ARM.Collect$$libshutdown$$00000000)
    __rt_lib_shutdown_cpp_1                  0x080001e3   Thumb Code     0  libshutdown2.o(.ARM.Collect$$libshutdown$$00000002)
    __rt_lib_shutdown_fp_trap_1              0x080001e3   Thumb Code     0  libshutdown2.o(.ARM.Collect$$libshutdown$$00000007)
    __rt_lib_shutdown_heap_1                 0x080001e3   Thumb Code     0  libshutdown2.o(.ARM.Collect$$libshutdown$$0000000F)
    __rt_lib_shutdown_return                 0x080001e3   Thumb Code     0  libshutdown2.o(.ARM.Collect$$libshutdown$$00000010)
    __rt_lib_shutdown_signal_1               0x080001e3   Thumb Code     0  libshutdown2.o(.ARM.Collect$$libshutdown$$0000000A)
    __rt_lib_shutdown_stdio_1                0x080001e3   Thumb Code     0  libshutdown2.o(.ARM.Collect$$libshutdown$$00000004)
    __rt_lib_shutdown_user_alloc_1           0x080001e3   Thumb Code     0  libshutdown2.o(.ARM.Collect$$libshutdown$$0000000C)
    __rt_entry                               0x080001e5   Thumb Code     0  __rtentry.o(.ARM.Collect$$rtentry$$00000000)
    __rt_entry_presh_1                       0x080001e5   Thumb Code     0  __rtentry2.o(.ARM.Collect$$rtentry$$00000002)
    __rt_entry_sh                            0x080001e5   Thumb Code     0  __rtentry4.o(.ARM.Collect$$rtentry$$00000004)
    __rt_entry_li                            0x080001eb   Thumb Code     0  __rtentry2.o(.ARM.Collect$$rtentry$$0000000A)
    __rt_entry_postsh_1                      0x080001eb   Thumb Code     0  __rtentry2.o(.ARM.Collect$$rtentry$$00000009)
    __rt_entry_main                          0x080001ef   Thumb Code     0  __rtentry2.o(.ARM.Collect$$rtentry$$0000000D)
    __rt_entry_postli_1                      0x080001ef   Thumb Code     0  __rtentry2.o(.ARM.Collect$$rtentry$$0000000C)
    __rt_exit                                0x080001f7   Thumb Code     0  rtexit.o(.ARM.Collect$$rtexit$$00000000)
    __rt_exit_ls                             0x080001f9   Thumb Code     0  rtexit2.o(.ARM.Collect$$rtexit$$00000003)
    __rt_exit_prels_1                        0x080001f9   Thumb Code     0  rtexit2.o(.ARM.Collect$$rtexit$$00000002)
    __rt_exit_exit                           0x080001fd   Thumb Code     0  rtexit2.o(.ARM.Collect$$rtexit$$00000004)
    ShutOff                                  0x08000205   Thumb Code    90  main.o(.text)
    ShowBatteryState                         0x0800025f   Thumb Code    78  main.o(.text)
    main                                     0x080002ad   Thumb Code   324  main.o(.text)
    SetEnable                                0x08000425   Thumb Code    20  bldc.o(.text)
    abs16                                    0x08000439   Thumb Code    10  bldc.o(.text)
    SetSpeed                                 0x08000443   Thumb Code   158  bldc.o(.text)
    SetPWM                                   0x080004e1   Thumb Code    30  bldc.o(.text)
    SetPower                                 0x080004ff   Thumb Code    32  bldc.o(.text)
    GetPWM                                   0x0800051f   Thumb Code     8  bldc.o(.text)
    GetSpeed                                 0x08000527   Thumb Code     8  bldc.o(.text)
    CalculateSpeed                           0x0800052f   Thumb Code    64  bldc.o(.text)
    GetPosition                              0x0800056f   Thumb Code    26  bldc.o(.text)
    setPhaseAngle                            0x08000589   Thumb Code   112  bldc.o(.text)
    abs32                                    0x080005f9   Thumb Code     8  bldc.o(.text)
    runPID                                   0x08000601   Thumb Code   194  bldc.o(.text)
    getTransitionAngle                       0x080006c3   Thumb Code    46  bldc.o(.text)
    hallToPos                                0x080006f1   Thumb Code    56  bldc.o(.text)
    CalculateBLDC                            0x08000729   Thumb Code  1150  bldc.o(.text)
    Interrupt_init                           0x08000c2d   Thumb Code    12  setup.o(.text)
    Watchdog_init                            0x08000c39   Thumb Code    54  setup.o(.text)
    TimeoutTimer_init                        0x08000c6f   Thumb Code    80  setup.o(.text)
    GPIO_init                                0x08000cbf   Thumb Code   836  setup.o(.text)
    PWM_init                                 0x08001003   Thumb Code   388  setup.o(.text)
    ADC_init                                 0x08001187   Thumb Code   226  setup.o(.text)
    USART_HUGS_init                          0x08001269   Thumb Code   206  setup.o(.text)
    USART_Steer_COM_init                     0x08001337   Thumb Code   206  setup.o(.text)
    SysTick_Handler                          0x08001431   Thumb Code    12  it.o(.text)
    ResetTimeout                             0x0800143d   Thumb Code     8  it.o(.text)
    TIMER13_IRQHandler                       0x08001445   Thumb Code    68  it.o(.text)
    TIMER0_BRK_UP_TRG_COM_IRQHandler         0x08001489   Thumb Code    18  it.o(.text)
    DMA_Channel0_IRQHandler                  0x0800149b   Thumb Code    26  it.o(.text)
    DMA_Channel1_2_IRQHandler                0x080014b5   Thumb Code    26  it.o(.text)
    DMA_Channel3_4_IRQHandler                0x080014cf   Thumb Code    26  it.o(.text)
    millis                                   0x080014e9   Thumb Code     6  it.o(.text)
    Delay                                    0x080014ef   Thumb Code    20  it.o(.text)
    NMI_Handler                              0x08001503   Thumb Code     2  it.o(.text)
    HardFault_Handler                        0x08001505   Thumb Code     4  it.o(.text)
    MemManage_Handler                        0x08001509   Thumb Code     4  it.o(.text)
    BusFault_Handler                         0x0800150d   Thumb Code     4  it.o(.text)
    UsageFault_Handler                       0x08001511   Thumb Code     4  it.o(.text)
    SVC_Handler                              0x08001515   Thumb Code     2  it.o(.text)
    DebugMon_Handler                         0x08001517   Thumb Code     2  it.o(.text)
    PendSV_Handler                           0x08001519   Thumb Code     2  it.o(.text)
    SendBuffer                               0x08001535   Thumb Code    50  comms.o(.text)
    CalcCRC                                  0x08001567   Thumb Code    62  comms.o(.text)
    SendSteerDevice                          0x080015a5   Thumb Code    36  commssteering.o(.text)
    CheckUSARTSteerInput                     0x080015c9   Thumb Code    54  commssteering.o(.text)
    UpdateUSARTSteerInput                    0x080015ff   Thumb Code    70  commssteering.o(.text)
    SendHUGSReply                            0x08001659   Thumb Code   490  commshugs.o(.text)
    CheckUSARTHUGSInput                      0x08001843   Thumb Code   284  commshugs.o(.text)
    UpdateUSARTHUGSInput                     0x0800195f   Thumb Code   188  commshugs.o(.text)
    adc_deinit                               0x08001a75   Thumb Code    20  gd32f1x0_adc.o(.text)
    adc_enable                               0x08001a89   Thumb Code    24  gd32f1x0_adc.o(.text)
    adc_disable                              0x08001aa1   Thumb Code    14  gd32f1x0_adc.o(.text)
    adc_calibration_enable                   0x08001aaf   Thumb Code    54  gd32f1x0_adc.o(.text)
    adc_dma_mode_enable                      0x08001ae5   Thumb Code    14  gd32f1x0_adc.o(.text)
    adc_dma_mode_disable                     0x08001af3   Thumb Code    14  gd32f1x0_adc.o(.text)
    adc_tempsensor_vrefint_enable            0x08001b01   Thumb Code    14  gd32f1x0_adc.o(.text)
    adc_tempsensor_vrefint_disable           0x08001b0f   Thumb Code    14  gd32f1x0_adc.o(.text)
    adc_vbat_enable                          0x08001b1d   Thumb Code    14  gd32f1x0_adc.o(.text)
    adc_vbat_disable                         0x08001b2b   Thumb Code    14  gd32f1x0_adc.o(.text)
    adc_discontinuous_mode_config            0x08001b39   Thumb Code    94  gd32f1x0_adc.o(.text)
    adc_special_function_config              0x08001b97   Thumb Code   130  gd32f1x0_adc.o(.text)
    adc_data_alignment_config                0x08001c19   Thumb Code    30  gd32f1x0_adc.o(.text)
    adc_channel_length_config                0x08001c37   Thumb Code    88  gd32f1x0_adc.o(.text)
    adc_regular_channel_config               0x08001c8f   Thumb Code   218  gd32f1x0_adc.o(.text)
    adc_inserted_channel_config              0x08001d69   Thumb Code   146  gd32f1x0_adc.o(.text)
    adc_inserted_channel_offset_config       0x08001dfb   Thumb Code    42  gd32f1x0_adc.o(.text)
    adc_external_trigger_config              0x08001e25   Thumb Code    88  gd32f1x0_adc.o(.text)
    adc_external_trigger_source_config       0x08001e7d   Thumb Code    60  gd32f1x0_adc.o(.text)
    adc_software_trigger_enable              0x08001eb9   Thumb Code    38  gd32f1x0_adc.o(.text)
    adc_regular_data_read                    0x08001edf   Thumb Code    10  gd32f1x0_adc.o(.text)
    adc_inserted_data_read                   0x08001ee9   Thumb Code    60  gd32f1x0_adc.o(.text)
    adc_flag_get                             0x08001f25   Thumb Code    18  gd32f1x0_adc.o(.text)
    adc_flag_clear                           0x08001f37   Thumb Code    16  gd32f1x0_adc.o(.text)
    adc_interrupt_flag_get                   0x08001f47   Thumb Code   108  gd32f1x0_adc.o(.text)
    adc_interrupt_flag_clear                 0x08001fb3   Thumb Code    16  gd32f1x0_adc.o(.text)
    adc_interrupt_enable                     0x08001fc3   Thumb Code    68  gd32f1x0_adc.o(.text)
    adc_interrupt_disable                    0x08002007   Thumb Code    68  gd32f1x0_adc.o(.text)
    adc_watchdog_single_channel_enable       0x0800204b   Thumb Code    40  gd32f1x0_adc.o(.text)
    adc_watchdog_group_channel_enable        0x08002073   Thumb Code    92  gd32f1x0_adc.o(.text)
    adc_watchdog_disable                     0x080020cf   Thumb Code    18  gd32f1x0_adc.o(.text)
    adc_watchdog_threshold_config            0x080020e1   Thumb Code    12  gd32f1x0_adc.o(.text)
    dma_deinit                               0x080020f9   Thumb Code    88  gd32f1x0_dma.o(.text)
    dma_init                                 0x08002151   Thumb Code   270  gd32f1x0_dma.o(.text)
    dma_circulation_enable                   0x0800225f   Thumb Code    30  gd32f1x0_dma.o(.text)
    dma_circulation_disable                  0x0800227d   Thumb Code    30  gd32f1x0_dma.o(.text)
    dma_memory_to_memory_enable              0x0800229b   Thumb Code    30  gd32f1x0_dma.o(.text)
    dma_memory_to_memory_disable             0x080022b9   Thumb Code    30  gd32f1x0_dma.o(.text)
    dma_channel_enable                       0x080022d7   Thumb Code    30  gd32f1x0_dma.o(.text)
    dma_channel_disable                      0x080022f5   Thumb Code    30  gd32f1x0_dma.o(.text)
    dma_periph_address_config                0x08002313   Thumb Code    14  gd32f1x0_dma.o(.text)
    dma_memory_address_config                0x08002321   Thumb Code    14  gd32f1x0_dma.o(.text)
    dma_transfer_number_config               0x0800232f   Thumb Code    14  gd32f1x0_dma.o(.text)
    dma_transfer_number_get                  0x0800233d   Thumb Code    16  gd32f1x0_dma.o(.text)
    dma_priority_config                      0x0800234d   Thumb Code    34  gd32f1x0_dma.o(.text)
    dma_memory_width_config                  0x0800236f   Thumb Code    34  gd32f1x0_dma.o(.text)
    dma_periph_width_config                  0x08002391   Thumb Code    34  gd32f1x0_dma.o(.text)
    dma_memory_increase_enable               0x080023b3   Thumb Code    30  gd32f1x0_dma.o(.text)
    dma_memory_increase_disable              0x080023d1   Thumb Code    30  gd32f1x0_dma.o(.text)
    dma_periph_increase_enable               0x080023ef   Thumb Code    30  gd32f1x0_dma.o(.text)
    dma_periph_increase_disable              0x0800240d   Thumb Code    30  gd32f1x0_dma.o(.text)
    dma_transfer_direction_config            0x0800242b   Thumb Code    64  gd32f1x0_dma.o(.text)
    dma_interrupt_flag_get                   0x0800246b   Thumb Code   196  gd32f1x0_dma.o(.text)
    dma_interrupt_flag_clear                 0x0800252f   Thumb Code    18  gd32f1x0_dma.o(.text)
    dma_interrupt_enable                     0x08002541   Thumb Code    30  gd32f1x0_dma.o(.text)
    dma_interrupt_disable                    0x0800255f   Thumb Code    30  gd32f1x0_dma.o(.text)
    dma_flag_get                             0x0800257d   Thumb Code    26  gd32f1x0_dma.o(.text)
    dma_flag_clear                           0x08002597   Thumb Code    18  gd32f1x0_dma.o(.text)
    fwdgt_write_disable                      0x080025ad   Thumb Code     8  gd32f1x0_fwdgt.o(.text)
    fwdgt_counter_reload                     0x080025b5   Thumb Code    10  gd32f1x0_fwdgt.o(.text)
    fwdgt_enable                             0x080025bf   Thumb Code    10  gd32f1x0_fwdgt.o(.text)
    fwdgt_window_value_config                0x080025c9   Thumb Code    54  gd32f1x0_fwdgt.o(.text)
    fwdgt_config                             0x080025ff   Thumb Code    94  gd32f1x0_fwdgt.o(.text)
    fwdgt_flag_get                           0x0800265d   Thumb Code    18  gd32f1x0_fwdgt.o(.text)
    gpio_deinit                              0x08002679   Thumb Code   140  gd32f1x0_gpio.o(.text)
    gpio_mode_set                            0x08002705   Thumb Code    78  gd32f1x0_gpio.o(.text)
    gpio_output_options_set                  0x08002753   Thumb Code    66  gd32f1x0_gpio.o(.text)
    gpio_bit_set                             0x08002795   Thumb Code     4  gd32f1x0_gpio.o(.text)
    gpio_bit_reset                           0x08002799   Thumb Code     4  gd32f1x0_gpio.o(.text)
    gpio_bit_write                           0x0800279d   Thumb Code    10  gd32f1x0_gpio.o(.text)
    gpio_port_write                          0x080027a7   Thumb Code     4  gd32f1x0_gpio.o(.text)
    gpio_input_bit_get                       0x080027ab   Thumb Code    16  gd32f1x0_gpio.o(.text)
    gpio_input_port_get                      0x080027bb   Thumb Code     8  gd32f1x0_gpio.o(.text)
    gpio_output_bit_get                      0x080027c3   Thumb Code    16  gd32f1x0_gpio.o(.text)
    gpio_output_port_get                     0x080027d3   Thumb Code     8  gd32f1x0_gpio.o(.text)
    gpio_af_set                              0x080027db   Thumb Code    94  gd32f1x0_gpio.o(.text)
    gpio_pin_lock                            0x08002839   Thumb Code    18  gd32f1x0_gpio.o(.text)
    nvic_priority_group_set                  0x08002855   Thumb Code    10  gd32f1x0_misc.o(.text)
    nvic_irq_enable                          0x0800285f   Thumb Code   156  gd32f1x0_misc.o(.text)
    nvic_irq_disable                         0x080028fb   Thumb Code    18  gd32f1x0_misc.o(.text)
    nvic_vector_table_set                    0x0800290d   Thumb Code    14  gd32f1x0_misc.o(.text)
    system_lowpower_set                      0x0800291b   Thumb Code    16  gd32f1x0_misc.o(.text)
    system_lowpower_reset                    0x0800292b   Thumb Code    16  gd32f1x0_misc.o(.text)
    systick_clksource_set                    0x0800293b   Thumb Code    40  gd32f1x0_misc.o(.text)
    rcu_deinit                               0x08002979   Thumb Code   112  gd32f1x0_rcu.o(.text)
    rcu_periph_clock_enable                  0x080029e9   Thumb Code    28  gd32f1x0_rcu.o(.text)
    rcu_periph_clock_disable                 0x08002a05   Thumb Code    28  gd32f1x0_rcu.o(.text)
    rcu_periph_clock_sleep_enable            0x08002a21   Thumb Code    28  gd32f1x0_rcu.o(.text)
    rcu_periph_clock_sleep_disable           0x08002a3d   Thumb Code    28  gd32f1x0_rcu.o(.text)
    rcu_periph_reset_enable                  0x08002a59   Thumb Code    28  gd32f1x0_rcu.o(.text)
    rcu_periph_reset_disable                 0x08002a75   Thumb Code    28  gd32f1x0_rcu.o(.text)
    rcu_bkp_reset_enable                     0x08002a91   Thumb Code    14  gd32f1x0_rcu.o(.text)
    rcu_bkp_reset_disable                    0x08002a9f   Thumb Code    14  gd32f1x0_rcu.o(.text)
    rcu_system_clock_source_config           0x08002aad   Thumb Code    22  gd32f1x0_rcu.o(.text)
    rcu_system_clock_source_get              0x08002ac3   Thumb Code    10  gd32f1x0_rcu.o(.text)
    rcu_ahb_clock_config                     0x08002acd   Thumb Code    22  gd32f1x0_rcu.o(.text)
    rcu_apb1_clock_config                    0x08002ae3   Thumb Code    22  gd32f1x0_rcu.o(.text)
    rcu_apb2_clock_config                    0x08002af9   Thumb Code    22  gd32f1x0_rcu.o(.text)
    rcu_adc_clock_config                     0x08002b0f   Thumb Code   148  gd32f1x0_rcu.o(.text)
    rcu_usbd_clock_config                    0x08002ba3   Thumb Code    22  gd32f1x0_rcu.o(.text)
    rcu_ckout_config                         0x08002bb9   Thumb Code    24  gd32f1x0_rcu.o(.text)
    rcu_pll_config                           0x08002bd1   Thumb Code    28  gd32f1x0_rcu.o(.text)
    rcu_usart_clock_config                   0x08002bed   Thumb Code    22  gd32f1x0_rcu.o(.text)
    rcu_cec_clock_config                     0x08002c03   Thumb Code    22  gd32f1x0_rcu.o(.text)
    rcu_rtc_clock_config                     0x08002c19   Thumb Code    22  gd32f1x0_rcu.o(.text)
    rcu_hxtal_prediv_config                  0x08002c2f   Thumb Code    20  gd32f1x0_rcu.o(.text)
    rcu_lxtal_drive_capability_config        0x08002c43   Thumb Code    22  gd32f1x0_rcu.o(.text)
    rcu_flag_get                             0x08002c59   Thumb Code    30  gd32f1x0_rcu.o(.text)
    rcu_all_reset_flag_clear                 0x08002c77   Thumb Code    14  gd32f1x0_rcu.o(.text)
    rcu_interrupt_flag_get                   0x08002c85   Thumb Code    18  gd32f1x0_rcu.o(.text)
    rcu_interrupt_flag_clear                 0x08002c97   Thumb Code    12  gd32f1x0_rcu.o(.text)
    rcu_interrupt_enable                     0x08002ca3   Thumb Code    12  gd32f1x0_rcu.o(.text)
    rcu_interrupt_disable                    0x08002caf   Thumb Code    12  gd32f1x0_rcu.o(.text)
    rcu_osci_stab_wait                       0x08002cbb   Thumb Code   284  gd32f1x0_rcu.o(.text)
    rcu_osci_on                              0x08002dd7   Thumb Code    28  gd32f1x0_rcu.o(.text)
    rcu_osci_off                             0x08002df3   Thumb Code    28  gd32f1x0_rcu.o(.text)
    rcu_osci_bypass_mode_enable              0x08002e0f   Thumb Code    94  gd32f1x0_rcu.o(.text)
    rcu_osci_bypass_mode_disable             0x08002e6d   Thumb Code    94  gd32f1x0_rcu.o(.text)
    rcu_hxtal_clock_monitor_enable           0x08002ecb   Thumb Code    14  gd32f1x0_rcu.o(.text)
    rcu_hxtal_clock_monitor_disable          0x08002ed9   Thumb Code    14  gd32f1x0_rcu.o(.text)
    rcu_irc8m_adjust_value_set               0x08002ee7   Thumb Code    20  gd32f1x0_rcu.o(.text)
    rcu_irc14m_adjust_value_set              0x08002efb   Thumb Code    20  gd32f1x0_rcu.o(.text)
    rcu_voltage_key_unlock                   0x08002f0f   Thumb Code    28  gd32f1x0_rcu.o(.text)
    rcu_deepsleep_voltage_set                0x08002f2b   Thumb Code    30  gd32f1x0_rcu.o(.text)
    rcu_power_down_voltage_set               0x08002f49   Thumb Code    30  gd32f1x0_rcu.o(.text)
    rcu_clock_freq_get                       0x08002f67   Thumb Code   690  gd32f1x0_rcu.o(.text)
    timer_deinit                             0x08003221   Thumb Code   210  gd32f1x0_timer.o(.text)
    timer_init                               0x080032f3   Thumb Code   126  gd32f1x0_timer.o(.text)
    timer_enable                             0x08003371   Thumb Code    10  gd32f1x0_timer.o(.text)
    timer_disable                            0x0800337b   Thumb Code    10  gd32f1x0_timer.o(.text)
    timer_auto_reload_shadow_enable          0x08003385   Thumb Code    10  gd32f1x0_timer.o(.text)
    timer_auto_reload_shadow_disable         0x0800338f   Thumb Code    10  gd32f1x0_timer.o(.text)
    timer_update_event_enable                0x08003399   Thumb Code    10  gd32f1x0_timer.o(.text)
    timer_update_event_disable               0x080033a3   Thumb Code    10  gd32f1x0_timer.o(.text)
    timer_counter_alignment                  0x080033ad   Thumb Code    16  gd32f1x0_timer.o(.text)
    timer_counter_up_direction               0x080033bd   Thumb Code    14  gd32f1x0_timer.o(.text)
    timer_counter_down_direction             0x080033cb   Thumb Code    18  gd32f1x0_timer.o(.text)
    timer_prescaler_config                   0x080033dd   Thumb Code    14  gd32f1x0_timer.o(.text)
    timer_repetition_value_config            0x080033eb   Thumb Code     4  gd32f1x0_timer.o(.text)
    timer_autoreload_value_config            0x080033ef   Thumb Code     4  gd32f1x0_timer.o(.text)
    timer_counter_value_config               0x080033f3   Thumb Code     4  gd32f1x0_timer.o(.text)
    timer_counter_read                       0x080033f7   Thumb Code     8  gd32f1x0_timer.o(.text)
    timer_prescaler_read                     0x080033ff   Thumb Code    10  gd32f1x0_timer.o(.text)
    timer_single_pulse_mode_config           0x08003409   Thumb Code    26  gd32f1x0_timer.o(.text)
    timer_update_source_config               0x08003423   Thumb Code    26  gd32f1x0_timer.o(.text)
    timer_interrupt_enable                   0x0800343d   Thumb Code     8  gd32f1x0_timer.o(.text)
    timer_interrupt_disable                  0x08003445   Thumb Code     8  gd32f1x0_timer.o(.text)
    timer_interrupt_flag_get                 0x0800344d   Thumb Code    32  gd32f1x0_timer.o(.text)
    timer_interrupt_flag_clear               0x0800346d   Thumb Code     8  gd32f1x0_timer.o(.text)
    timer_flag_get                           0x08003475   Thumb Code    18  gd32f1x0_timer.o(.text)
    timer_flag_clear                         0x08003487   Thumb Code     8  gd32f1x0_timer.o(.text)
    timer_dma_enable                         0x0800348f   Thumb Code     8  gd32f1x0_timer.o(.text)
    timer_dma_disable                        0x08003497   Thumb Code     8  gd32f1x0_timer.o(.text)
    timer_channel_dma_request_source_select  0x0800349f   Thumb Code    26  gd32f1x0_timer.o(.text)
    timer_dma_transfer_config                0x080034b9   Thumb Code    24  gd32f1x0_timer.o(.text)
    timer_event_software_generate            0x080034d1   Thumb Code     8  gd32f1x0_timer.o(.text)
    timer_break_config                       0x080034d9   Thumb Code    30  gd32f1x0_timer.o(.text)
    timer_break_enable                       0x080034f7   Thumb Code    10  gd32f1x0_timer.o(.text)
    timer_break_disable                      0x08003501   Thumb Code     8  gd32f1x0_timer.o(.text)
    timer_automatic_output_enable            0x08003509   Thumb Code    10  gd32f1x0_timer.o(.text)
    timer_automatic_output_disable           0x08003513   Thumb Code     8  gd32f1x0_timer.o(.text)
    timer_primary_output_config              0x0800351b   Thumb Code    22  gd32f1x0_timer.o(.text)
    timer_channel_control_shadow_config      0x08003531   Thumb Code    22  gd32f1x0_timer.o(.text)
    timer_channel_control_shadow_update_config 0x08003547   Thumb Code    26  gd32f1x0_timer.o(.text)
    timer_channel_output_config              0x08003561   Thumb Code   472  gd32f1x0_timer.o(.text)
    timer_channel_output_mode_config         0x08003739   Thumb Code    90  gd32f1x0_timer.o(.text)
    timer_channel_output_pulse_value_config  0x08003793   Thumb Code    38  gd32f1x0_timer.o(.text)
    timer_channel_output_shadow_config       0x080037b9   Thumb Code    90  gd32f1x0_timer.o(.text)
    timer_channel_output_fast_config         0x08003813   Thumb Code    90  gd32f1x0_timer.o(.text)
    timer_channel_output_clear_config        0x0800386d   Thumb Code    90  gd32f1x0_timer.o(.text)
    timer_channel_output_polarity_config     0x080038c7   Thumb Code    92  gd32f1x0_timer.o(.text)
    timer_channel_complementary_output_polarity_config 0x08003923   Thumb Code    70  gd32f1x0_timer.o(.text)
    timer_ocpre_clear_source_config          0x08003969   Thumb Code    26  gd32f1x0_timer.o(.text)
    timer_channel_output_state_config        0x08003983   Thumb Code    92  gd32f1x0_timer.o(.text)
    timer_channel_complementary_output_state_config 0x080039df   Thumb Code    70  gd32f1x0_timer.o(.text)
    timer_channel_input_capture_prescaler_config 0x08003a25   Thumb Code    90  gd32f1x0_timer.o(.text)
    timer_input_capture_config               0x08003a7f   Thumb Code   332  gd32f1x0_timer.o(.text)
    timer_channel_capture_value_register_read 0x08003bcb   Thumb Code    42  gd32f1x0_timer.o(.text)
    timer_input_pwm_capture_config           0x08003bf5   Thumb Code   352  gd32f1x0_timer.o(.text)
    timer_hall_mode_config                   0x08003d55   Thumb Code    26  gd32f1x0_timer.o(.text)
    timer_input_trigger_source_select        0x08003d6f   Thumb Code    16  gd32f1x0_timer.o(.text)
    timer_master_output_trigger_source_select 0x08003d7f   Thumb Code    16  gd32f1x0_timer.o(.text)
    timer_slave_mode_select                  0x08003d8f   Thumb Code    16  gd32f1x0_timer.o(.text)
    timer_master_slave_mode_config           0x08003d9f   Thumb Code    26  gd32f1x0_timer.o(.text)
    timer_external_trigger_config            0x08003db9   Thumb Code    30  gd32f1x0_timer.o(.text)
    timer_quadrature_decoder_mode_config     0x08003dd7   Thumb Code    64  gd32f1x0_timer.o(.text)
    timer_internal_clock_config              0x08003e17   Thumb Code     8  gd32f1x0_timer.o(.text)
    timer_internal_trigger_as_external_clock_config 0x08003e1f   Thumb Code    32  gd32f1x0_timer.o(.text)
    timer_external_trigger_as_external_clock_config 0x08003e3f   Thumb Code   164  gd32f1x0_timer.o(.text)
    timer_external_clock_mode0_config        0x08003ee3   Thumb Code    56  gd32f1x0_timer.o(.text)
    timer_external_clock_mode1_config        0x08003f1b   Thumb Code    32  gd32f1x0_timer.o(.text)
    timer_external_clock_mode1_disable       0x08003f3b   Thumb Code    10  gd32f1x0_timer.o(.text)
    timer_channel_remap_config               0x08003f45   Thumb Code     6  gd32f1x0_timer.o(.text)
    usart_deinit                             0x08003f4d   Thumb Code    58  gd32f1x0_usart.o(.text)
    usart_baudrate_set                       0x08003f87   Thumb Code   120  gd32f1x0_usart.o(.text)
    usart_parity_config                      0x08003fff   Thumb Code    24  gd32f1x0_usart.o(.text)
    usart_word_length_set                    0x08004017   Thumb Code    24  gd32f1x0_usart.o(.text)
    usart_stop_bit_set                       0x0800402f   Thumb Code    24  gd32f1x0_usart.o(.text)
    usart_enable                             0x08004047   Thumb Code    10  gd32f1x0_usart.o(.text)
    usart_disable                            0x08004051   Thumb Code    10  gd32f1x0_usart.o(.text)
    usart_transmit_config                    0x0800405b   Thumb Code    16  gd32f1x0_usart.o(.text)
    usart_receive_config                     0x0800406b   Thumb Code    16  gd32f1x0_usart.o(.text)
    usart_data_transmit                      0x0800407b   Thumb Code     8  gd32f1x0_usart.o(.text)
    usart_data_receive                       0x08004083   Thumb Code    10  gd32f1x0_usart.o(.text)
    usart_data_first_config                  0x0800408d   Thumb Code    28  gd32f1x0_usart.o(.text)
    usart_invert_config                      0x080040a9   Thumb Code   110  gd32f1x0_usart.o(.text)
    usart_overrun_enable                     0x08004117   Thumb Code    18  gd32f1x0_usart.o(.text)
    usart_overrun_disable                    0x08004129   Thumb Code    18  gd32f1x0_usart.o(.text)
    usart_oversample_config                  0x0800413b   Thumb Code    24  gd32f1x0_usart.o(.text)
    usart_sample_bit_config                  0x08004153   Thumb Code    24  gd32f1x0_usart.o(.text)
    usart_autobaud_detection_enable          0x0800416b   Thumb Code    10  gd32f1x0_usart.o(.text)
    usart_autobaud_detection_disable         0x08004175   Thumb Code    10  gd32f1x0_usart.o(.text)
    usart_autobaud_detection_mode_config     0x0800417f   Thumb Code    16  gd32f1x0_usart.o(.text)
    usart_mute_mode_enable                   0x0800418f   Thumb Code    10  gd32f1x0_usart.o(.text)
    usart_mute_mode_disable                  0x08004199   Thumb Code    10  gd32f1x0_usart.o(.text)
    usart_mute_mode_wakeup_config            0x080041a3   Thumb Code    24  gd32f1x0_usart.o(.text)
    usart_address_detection_mode_config      0x080041bb   Thumb Code    28  gd32f1x0_usart.o(.text)
    usart_address_config                     0x080041d7   Thumb Code    32  gd32f1x0_usart.o(.text)
    usart_receiver_timeout_enable            0x080041f7   Thumb Code    10  gd32f1x0_usart.o(.text)
    usart_receiver_timeout_disable           0x08004201   Thumb Code    10  gd32f1x0_usart.o(.text)
    usart_receiver_timeout_config            0x0800420b   Thumb Code    16  gd32f1x0_usart.o(.text)
    usart_lin_mode_enable                    0x0800421b   Thumb Code    18  gd32f1x0_usart.o(.text)
    usart_lin_mode_disable                   0x0800422d   Thumb Code    18  gd32f1x0_usart.o(.text)
    usart_lin_break_dection_length_config    0x0800423f   Thumb Code    20  gd32f1x0_usart.o(.text)
    usart_halfduplex_enable                  0x08004253   Thumb Code    18  gd32f1x0_usart.o(.text)
    usart_halfduplex_disable                 0x08004265   Thumb Code    18  gd32f1x0_usart.o(.text)
    usart_clock_enable                       0x08004277   Thumb Code    18  gd32f1x0_usart.o(.text)
    usart_clock_disable                      0x08004289   Thumb Code    18  gd32f1x0_usart.o(.text)
    usart_synchronous_clock_config           0x0800429b   Thumb Code    50  gd32f1x0_usart.o(.text)
    usart_smartcard_mode_enable              0x080042cd   Thumb Code    18  gd32f1x0_usart.o(.text)
    usart_smartcard_mode_disable             0x080042df   Thumb Code    18  gd32f1x0_usart.o(.text)
    usart_smartcard_mode_nack_enable         0x080042f1   Thumb Code    18  gd32f1x0_usart.o(.text)
    usart_smartcard_mode_nack_disable        0x08004303   Thumb Code    18  gd32f1x0_usart.o(.text)
    usart_guard_time_config                  0x08004315   Thumb Code    36  gd32f1x0_usart.o(.text)
    usart_block_length_config                0x08004339   Thumb Code    24  gd32f1x0_usart.o(.text)
    usart_smartcard_autoretry_config         0x08004351   Thumb Code    32  gd32f1x0_usart.o(.text)
    usart_irda_mode_enable                   0x08004371   Thumb Code    18  gd32f1x0_usart.o(.text)
    usart_irda_mode_disable                  0x08004383   Thumb Code    18  gd32f1x0_usart.o(.text)
    usart_irda_lowpower_config               0x08004395   Thumb Code    20  gd32f1x0_usart.o(.text)
    usart_prescaler_config                   0x080043a9   Thumb Code    24  gd32f1x0_usart.o(.text)
    usart_hardware_flow_rts_config           0x080043c1   Thumb Code    24  gd32f1x0_usart.o(.text)
    usart_hardware_flow_cts_config           0x080043d9   Thumb Code    24  gd32f1x0_usart.o(.text)
    usart_rs485_driver_enable                0x080043f1   Thumb Code    18  gd32f1x0_usart.o(.text)
    usart_rs485_driver_disable               0x08004403   Thumb Code    18  gd32f1x0_usart.o(.text)
    usart_driver_assertime_config            0x08004415   Thumb Code    32  gd32f1x0_usart.o(.text)
    usart_driver_deassertime_config          0x08004435   Thumb Code    32  gd32f1x0_usart.o(.text)
    usart_depolarity_config                  0x08004455   Thumb Code    28  gd32f1x0_usart.o(.text)
    usart_dma_receive_config                 0x08004471   Thumb Code    16  gd32f1x0_usart.o(.text)
    usart_dma_transmit_config                0x08004481   Thumb Code    16  gd32f1x0_usart.o(.text)
    usart_reception_error_dma_disable        0x08004491   Thumb Code    18  gd32f1x0_usart.o(.text)
    usart_reception_error_dma_enable         0x080044a3   Thumb Code    18  gd32f1x0_usart.o(.text)
    usart_wakeup_enable                      0x080044b5   Thumb Code    10  gd32f1x0_usart.o(.text)
    usart_wakeup_disable                     0x080044bf   Thumb Code    10  gd32f1x0_usart.o(.text)
    usart_wakeup_mode_config                 0x080044c9   Thumb Code    28  gd32f1x0_usart.o(.text)
    usart_flag_get                           0x080044e5   Thumb Code    30  gd32f1x0_usart.o(.text)
    usart_flag_clear                         0x08004503   Thumb Code    18  gd32f1x0_usart.o(.text)
    usart_interrupt_enable                   0x08004515   Thumb Code    26  gd32f1x0_usart.o(.text)
    usart_interrupt_disable                  0x0800452f   Thumb Code    26  gd32f1x0_usart.o(.text)
    usart_command_enable                     0x08004549   Thumb Code     8  gd32f1x0_usart.o(.text)
    usart_interrupt_flag_get                 0x08004551   Thumb Code    56  gd32f1x0_usart.o(.text)
    usart_interrupt_flag_clear               0x08004589   Thumb Code    18  gd32f1x0_usart.o(.text)
    Reset_Handler                            0x0800459d   Thumb Code     8  startup_gd32f1x0.o(.text)
    ADC_CMP_IRQHandler                       0x080045b7   Thumb Code     0  startup_gd32f1x0.o(.text)
    CAN0_RX0_IRQHandler                      0x080045b7   Thumb Code     0  startup_gd32f1x0.o(.text)
    CAN0_RX1_IRQHandler                      0x080045b7   Thumb Code     0  startup_gd32f1x0.o(.text)
    CAN0_SCE_IRQHandler                      0x080045b7   Thumb Code     0  startup_gd32f1x0.o(.text)
    CAN0_TX_IRQHandler                       0x080045b7   Thumb Code     0  startup_gd32f1x0.o(.text)
    CAN1_RX0_IRQHandler                      0x080045b7   Thumb Code     0  startup_gd32f1x0.o(.text)
    CAN1_RX1_IRQHandler                      0x080045b7   Thumb Code     0  startup_gd32f1x0.o(.text)
    CAN1_SCE_IRQHandler                      0x080045b7   Thumb Code     0  startup_gd32f1x0.o(.text)
    CAN1_TX_IRQHandler                       0x080045b7   Thumb Code     0  startup_gd32f1x0.o(.text)
    CEC_IRQHandler                           0x080045b7   Thumb Code     0  startup_gd32f1x0.o(.text)
    DMA_Channel5_6_IRQHandler                0x080045b7   Thumb Code     0  startup_gd32f1x0.o(.text)
    EXTI0_1_IRQHandler                       0x080045b7   Thumb Code     0  startup_gd32f1x0.o(.text)
    EXTI2_3_IRQHandler                       0x080045b7   Thumb Code     0  startup_gd32f1x0.o(.text)
    EXTI4_15_IRQHandler                      0x080045b7   Thumb Code     0  startup_gd32f1x0.o(.text)
    FMC_IRQHandler                           0x080045b7   Thumb Code     0  startup_gd32f1x0.o(.text)
    I2C0_ER_IRQHandler                       0x080045b7   Thumb Code     0  startup_gd32f1x0.o(.text)
    I2C0_EV_IRQHandler                       0x080045b7   Thumb Code     0  startup_gd32f1x0.o(.text)
    I2C1_ER_IRQHandler                       0x080045b7   Thumb Code     0  startup_gd32f1x0.o(.text)
    I2C1_EV_IRQHandler                       0x080045b7   Thumb Code     0  startup_gd32f1x0.o(.text)
    I2C2_ER_IRQHandler                       0x080045b7   Thumb Code     0  startup_gd32f1x0.o(.text)
    I2C2_EV_IRQHandler                       0x080045b7   Thumb Code     0  startup_gd32f1x0.o(.text)
    LVD_IRQHandler                           0x080045b7   Thumb Code     0  startup_gd32f1x0.o(.text)
    RCU_IRQHandler                           0x080045b7   Thumb Code     0  startup_gd32f1x0.o(.text)
    RTC_IRQHandler                           0x080045b7   Thumb Code     0  startup_gd32f1x0.o(.text)
    SLCD_IRQHandler                          0x080045b7   Thumb Code     0  startup_gd32f1x0.o(.text)
    SPI0_IRQHandler                          0x080045b7   Thumb Code     0  startup_gd32f1x0.o(.text)
    SPI1_IRQHandler                          0x080045b7   Thumb Code     0  startup_gd32f1x0.o(.text)
    SPI2_IRQHandler                          0x080045b7   Thumb Code     0  startup_gd32f1x0.o(.text)
    TIMER0_Channel_IRQHandler                0x080045b7   Thumb Code     0  startup_gd32f1x0.o(.text)
    TIMER14_IRQHandler                       0x080045b7   Thumb Code     0  startup_gd32f1x0.o(.text)
    TIMER15_IRQHandler                       0x080045b7   Thumb Code     0  startup_gd32f1x0.o(.text)
    TIMER16_IRQHandler                       0x080045b7   Thumb Code     0  startup_gd32f1x0.o(.text)
    TIMER1_IRQHandler                        0x080045b7   Thumb Code     0  startup_gd32f1x0.o(.text)
    TIMER2_IRQHandler                        0x080045b7   Thumb Code     0  startup_gd32f1x0.o(.text)
    TIMER5_DAC_IRQHandler                    0x080045b7   Thumb Code     0  startup_gd32f1x0.o(.text)
    TSI_IRQHandler                           0x080045b7   Thumb Code     0  startup_gd32f1x0.o(.text)
    USART0_IRQHandler                        0x080045b7   Thumb Code     0  startup_gd32f1x0.o(.text)
    USART1_IRQHandler                        0x080045b7   Thumb Code     0  startup_gd32f1x0.o(.text)
    USBDWakeUp_IRQHandler                    0x080045b7   Thumb Code     0  startup_gd32f1x0.o(.text)
    USBD_HP_IRQHandler                       0x080045b7   Thumb Code     0  startup_gd32f1x0.o(.text)
    USBD_LP_IRQHandler                       0x080045b7   Thumb Code     0  startup_gd32f1x0.o(.text)
    WWDGT_IRQHandler                         0x080045b7   Thumb Code     0  startup_gd32f1x0.o(.text)
    __user_initial_stackheap                 0x080045b9   Thumb Code    10  startup_gd32f1x0.o(.text)
    SystemInit                               0x0800464f   Thumb Code   118  system_gd32f1x0.o(.text)
    SystemCoreClockUpdate                    0x080046c5   Thumb Code   208  system_gd32f1x0.o(.text)
    __aeabi_memcpy                           0x080047c9   Thumb Code     0  rt_memcpy_v6.o(.text)
    __rt_memcpy                              0x080047c9   Thumb Code   138  rt_memcpy_v6.o(.text)
    _memcpy_lastbytes                        0x0800482f   Thumb Code     0  rt_memcpy_v6.o(.text)
    __aeabi_memcpy4                          0x08004853   Thumb Code     0  rt_memcpy_w.o(.text)
    __aeabi_memcpy8                          0x08004853   Thumb Code     0  rt_memcpy_w.o(.text)
    __rt_memcpy_w                            0x08004853   Thumb Code   100  rt_memcpy_w.o(.text)
    _memcpy_lastbytes_aligned                0x0800489b   Thumb Code     0  rt_memcpy_w.o(.text)
    __use_two_region_memory                  0x080048b7   Thumb Code     2  heapauxi.o(.text)
    __rt_heap_escrow$2region                 0x080048b9   Thumb Code     2  heapauxi.o(.text)
    __rt_heap_expand$2region                 0x080048bb   Thumb Code     2  heapauxi.o(.text)
    __user_setup_stackheap                   0x080048bd   Thumb Code    74  sys_stackheap_outer.o(.text)
    exit                                     0x08004907   Thumb Code    18  exit.o(.text)
    __user_libspace                          0x08004919   Thumb Code     8  libspace.o(.text)
    __user_perproc_libspace                  0x08004919   Thumb Code     0  libspace.o(.text)
    __user_perthread_libspace                0x08004919   Thumb Code     0  libspace.o(.text)
    _sys_exit                                0x08004921   Thumb Code     8  sys_exit.o(.text)
    __I$use$semihosting                      0x0800492d   Thumb Code     0  use_no_semi.o(.text)
    __use_no_semihosting_swi                 0x0800492d   Thumb Code     2  use_no_semi.o(.text)
    __semihosting_library_function           0x0800492f   Thumb Code     0  indicate_semi.o(.text)
    blockPWM                                 0x0800492f   Thumb Code   104  bldc.o(i.blockPWM)
    __fpl_dcmp_Inf                           0x08004997   Thumb Code    24  dcmpi.o(x$fpl$dcmpinf)
    __aeabi_i2d                              0x080049af   Thumb Code     0  dflt_clz.o(x$fpl$dflt)
    _dflt                                    0x080049af   Thumb Code    46  dflt_clz.o(x$fpl$dflt)
    __aeabi_cdcmple                          0x080049dd   Thumb Code     0  dleqf.o(x$fpl$dleqf)
    _dcmple                                  0x080049dd   Thumb Code   120  dleqf.o(x$fpl$dleqf)
    __fpl_dcmple_InfNaN                      0x08004a3f   Thumb Code     0  dleqf.o(x$fpl$dleqf)
    __fpl_dnaninf                            0x08004a55   Thumb Code   156  dnaninf.o(x$fpl$dnaninf)
    __aeabi_f2iz                             0x08004af1   Thumb Code     0  ffix.o(x$fpl$ffix)
    _ffix                                    0x08004af1   Thumb Code    54  ffix.o(x$fpl$ffix)
    __aeabi_i2f                              0x08004b29   Thumb Code     0  fflt_clz.o(x$fpl$fflt)
    _fflt                                    0x08004b29   Thumb Code    48  fflt_clz.o(x$fpl$fflt)
    __aeabi_fmul                             0x08004b59   Thumb Code     0  fmul.o(x$fpl$fmul)
    _fmul                                    0x08004b59   Thumb Code   258  fmul.o(x$fpl$fmul)
    __fpl_fnaninf                            0x08004c5b   Thumb Code   140  fnaninf.o(x$fpl$fnaninf)
    __fpl_fretinf                            0x08004ce7   Thumb Code    10  fretinf.o(x$fpl$fretinf)
    __I$use$fp                               0x08004cf0   Number         0  usenofp.o(x$fpl$usenofp)
    pwm_res                                  0x08004cf0   Data           2  bldc.o(.constdata)
    WHEEL_PERIMETER                          0x08004cf4   Data           4  bldc.o(.constdata)
    SPEED_TICKS_FACTOR                       0x08004cf8   Data           4  bldc.o(.constdata)
    SINE_TICKS_FACTOR                        0x08004cfc   Data           4  bldc.o(.constdata)
    MIN_SPEED                                0x08004d00   Data           4  bldc.o(.constdata)
    MAX_PHASE_PERIOD                         0x08004d04   Data           4  bldc.o(.constdata)
    MM_PER_CYCLE_FLOAT                       0x08004d08   Data           4  bldc.o(.constdata)
    sineTable                                0x08004d0c   Data         720  bldc.o(.constdata)
    hall_to_pos                              0x08004fdc   Data           8  bldc.o(.constdata)
    KF                                       0x08004fe4   Data           4  bldc.o(.constdata)
    KFO                                      0x08004fe8   Data           4  bldc.o(.constdata)
    KP                                       0x08004fec   Data           4  bldc.o(.constdata)
    KI                                       0x08004ff0   Data           4  bldc.o(.constdata)
    ILIMIT                                   0x08004ff4   Data           4  bldc.o(.constdata)
    Region$$Table$$Base                      0x08004ff8   Number         0  anon$$obj.o(Region$$Table)
    Region$$Table$$Limit                     0x08005018   Number         0  anon$$obj.o(Region$$Table)
    activateWeakening                        0x20000000   Data           1  main.o(.data)
    command_timeout_counter                  0x20000002   Data           2  main.o(.data)
    inactivity_timeout_counter               0x20000004   Data           4  main.o(.data)
    batteryVoltagemV                         0x20000008   Data           2  bldc.o(.data)
    currentDCmA                              0x2000000a   Data           2  bldc.o(.data)
    cycles                                   0x2000000c   Data           4  bldc.o(.data)
    speedCounter                             0x20000010   Data           4  bldc.o(.data)
    phasePeriod                              0x20000014   Data           4  bldc.o(.data)
    stepDir                                  0x20000018   Data           1  bldc.o(.data)
    speedDir                                 0x20000019   Data           1  bldc.o(.data)
    controlMode                              0x2000001a   Data           1  bldc.o(.data)
    speedMode                                0x2000001b   Data           1  bldc.o(.data)
    maxStepSpeed                             0x2000001c   Data           1  bldc.o(.data)
    outF                                     0x2000001e   Data           2  bldc.o(.data)
    outP                                     0x20000020   Data           2  bldc.o(.data)
    outI                                     0x20000022   Data           2  bldc.o(.data)
    speedError                               0x20000024   Data           4  bldc.o(.data)
    errorIntegral                            0x20000028   Data           4  bldc.o(.data)
    stepperMode                              0x2000002c   Data           1  bldc.o(.data)
    phaseRestart                             0x2000002d   Data           1  bldc.o(.data)
    stepperPeriod                            0x20000030   Data           4  bldc.o(.data)
    stepperTicks                             0x20000034   Data           4  bldc.o(.data)
    step_y                                   0x20000038   Data           2  bldc.o(.data)
    step_b                                   0x2000003a   Data           2  bldc.o(.data)
    step_g                                   0x2000003c   Data           2  bldc.o(.data)
    y                                        0x20000040   Data           4  bldc.o(.data)
    b                                        0x20000044   Data           4  bldc.o(.data)
    g                                        0x20000048   Data           4  bldc.o(.data)
    bldcInputPwm                             0x2000004c   Data           2  bldc.o(.data)
    bldcEnable                               0x2000004e   Data           1  bldc.o(.data)
    speedSetpoint                            0x20000050   Data           4  bldc.o(.data)
    lastSpeedSetpoint                        0x20000054   Data           4  bldc.o(.data)
    closedLoopSpeed                          0x20000058   Data           1  bldc.o(.data)
    adc_buffer                               0x2000005a   Data           4  bldc.o(.data)
    pos                                      0x2000005e   Data           1  bldc.o(.data)
    lastPos                                  0x2000005f   Data           1  bldc.o(.data)
    buzzerToggle                             0x20000060   Data           1  bldc.o(.data)
    buzzerFreq                               0x20000061   Data           1  bldc.o(.data)
    buzzerPattern                            0x20000062   Data           1  bldc.o(.data)
    buzzerTimer                              0x20000064   Data           2  bldc.o(.data)
    offsetcount                              0x20000066   Data           2  bldc.o(.data)
    offsetdc                                 0x20000068   Data           2  bldc.o(.data)
    realSpeedFilterReg                       0x2000006c   Data           4  bldc.o(.data)
    realSpeedmmPS                            0x20000070   Data           2  bldc.o(.data)
    PWMFilterReg                             0x20000074   Data           4  bldc.o(.data)
    bldcFilteredPwm                          0x20000078   Data           2  bldc.o(.data)
    usartHUGS_rx_buf                         0x2000007a   Data           1  setup.o(.data)
    usartSteer_COM_rx_buf                    0x2000007b   Data           1  setup.o(.data)
    msTicks                                  0x2000007c   Data           4  it.o(.data)
    timeoutCounter_ms                        0x20000080   Data           4  it.o(.data)
    timedOut                                 0x20000084   Data           1  it.o(.data)
    HUGS_ESTOP                               0x20000092   Data           1  commshugs.o(.data)
    HUGS_WatchDog                            0x20000094   Data           2  commshugs.o(.data)
    HUGS_Destination                         0x20000096   Data           1  commshugs.o(.data)
    HUGS_Sequence                            0x20000097   Data           1  commshugs.o(.data)
    HUGS_CommandID                           0x20000098   Data           1  commshugs.o(.data)
    HUGS_ResponseID                          0x20000099   Data           1  commshugs.o(.data)
    HUGS_Enabled                             0x2000009a   Data           1  commshugs.o(.data)
    SystemCoreClock                          0x2000009c   Data           4  system_gd32f1x0.o(.data)
    timeoutTimer_paramter_struct             0x200000a0   Data          16  setup.o(.bss)
    timerBldc_paramter_struct                0x200000b0   Data          16  setup.o(.bss)
    timerBldc_break_parameter_struct         0x200000c0   Data          14  setup.o(.bss)
    timerBldc_oc_parameter_struct            0x200000ce   Data          12  setup.o(.bss)
    dma_init_struct_usart                    0x200000dc   Data          36  setup.o(.bss)
    dma_init_struct_adc                      0x20000100   Data          36  setup.o(.bss)
    __libspace_start                         0x20000138   Data          96  libspace.o(.bss)
    __temporary_stack_top$libspace           0x20000198   Data           0  libspace.o(.bss)



==============================================================================

Memory Map of the image

  Image Entry point : 0x08000169

  Load Region LR_IROM1 (Base: 0x08000000, Size: 0x000050b8, Max: 0x00010000, ABSOLUTE)

    Execution Region ER_IROM1 (Exec base: 0x08000000, Load base: 0x08000000, Size: 0x00005018, Max: 0x00010000, ABSOLUTE)

    Exec Addr    Load Addr    Size         Type   Attr      Idx    E Section Name        Object

    0x08000000   0x08000000   0x00000168   Data   RO          665    RESET               startup_gd32f1x0.o
    0x08000168   0x08000168   0x00000008   Code   RO          708  * !!!main             c_w.l(__main.o)
    0x08000170   0x08000170   0x00000034   Code   RO          894    !!!scatter          c_w.l(__scatter.o)
    0x080001a4   0x080001a4   0x0000001a   Code   RO          896    !!handler_copy      c_w.l(__scatter_copy.o)
    0x080001be   0x080001be   0x00000002   PAD
    0x080001c0   0x080001c0   0x0000001c   Code   RO          898    !!handler_zi        c_w.l(__scatter_zi.o)
    0x080001dc   0x080001dc   0x00000002   Code   RO          764    .ARM.Collect$$libinit$$00000000  c_w.l(libinit.o)
    0x080001de   0x080001de   0x00000000   Code   RO          771    .ARM.Collect$$libinit$$00000002  c_w.l(libinit2.o)
    0x080001de   0x080001de   0x00000000   Code   RO          773    .ARM.Collect$$libinit$$00000004  c_w.l(libinit2.o)
    0x080001de   0x080001de   0x00000000   Code   RO          776    .ARM.Collect$$libinit$$0000000A  c_w.l(libinit2.o)
    0x080001de   0x080001de   0x00000000   Code   RO          778    .ARM.Collect$$libinit$$0000000C  c_w.l(libinit2.o)
    0x080001de   0x080001de   0x00000000   Code   RO          780    .ARM.Collect$$libinit$$0000000E  c_w.l(libinit2.o)
    0x080001de   0x080001de   0x00000000   Code   RO          783    .ARM.Collect$$libinit$$00000011  c_w.l(libinit2.o)
    0x080001de   0x080001de   0x00000000   Code   RO          785    .ARM.Collect$$libinit$$00000013  c_w.l(libinit2.o)
    0x080001de   0x080001de   0x00000000   Code   RO          787    .ARM.Collect$$libinit$$00000015  c_w.l(libinit2.o)
    0x080001de   0x080001de   0x00000000   Code   RO          789    .ARM.Collect$$libinit$$00000017  c_w.l(libinit2.o)
    0x080001de   0x080001de   0x00000000   Code   RO          791    .ARM.Collect$$libinit$$00000019  c_w.l(libinit2.o)
    0x080001de   0x080001de   0x00000000   Code   RO          793    .ARM.Collect$$libinit$$0000001B  c_w.l(libinit2.o)
    0x080001de   0x080001de   0x00000000   Code   RO          795    .ARM.Collect$$libinit$$0000001D  c_w.l(libinit2.o)
    0x080001de   0x080001de   0x00000000   Code   RO          797    .ARM.Collect$$libinit$$0000001F  c_w.l(libinit2.o)
    0x080001de   0x080001de   0x00000000   Code   RO          799    .ARM.Collect$$libinit$$00000021  c_w.l(libinit2.o)
    0x080001de   0x080001de   0x00000000   Code   RO          801    .ARM.Collect$$libinit$$00000023  c_w.l(libinit2.o)
    0x080001de   0x080001de   0x00000000   Code   RO          803    .ARM.Collect$$libinit$$00000025  c_w.l(libinit2.o)
    0x080001de   0x080001de   0x00000000   Code   RO          807    .ARM.Collect$$libinit$$0000002C  c_w.l(libinit2.o)
    0x080001de   0x080001de   0x00000000   Code   RO          809    .ARM.Collect$$libinit$$0000002E  c_w.l(libinit2.o)
    0x080001de   0x080001de   0x00000000   Code   RO          811    .ARM.Collect$$libinit$$00000030  c_w.l(libinit2.o)
    0x080001de   0x080001de   0x00000000   Code   RO          813    .ARM.Collect$$libinit$$00000032  c_w.l(libinit2.o)
    0x080001de   0x080001de   0x00000002   Code   RO          814    .ARM.Collect$$libinit$$00000033  c_w.l(libinit2.o)
    0x080001e0   0x080001e0   0x00000002   Code   RO          834    .ARM.Collect$$libshutdown$$00000000  c_w.l(libshutdown.o)
    0x080001e2   0x080001e2   0x00000000   Code   RO          847    .ARM.Collect$$libshutdown$$00000002  c_w.l(libshutdown2.o)
    0x080001e2   0x080001e2   0x00000000   Code   RO          849    .ARM.Collect$$libshutdown$$00000004  c_w.l(libshutdown2.o)
    0x080001e2   0x080001e2   0x00000000   Code   RO          852    .ARM.Collect$$libshutdown$$00000007  c_w.l(libshutdown2.o)
    0x080001e2   0x080001e2   0x00000000   Code   RO          855    .ARM.Collect$$libshutdown$$0000000A  c_w.l(libshutdown2.o)
    0x080001e2   0x080001e2   0x00000000   Code   RO          857    .ARM.Collect$$libshutdown$$0000000C  c_w.l(libshutdown2.o)
    0x080001e2   0x080001e2   0x00000000   Code   RO          860    .ARM.Collect$$libshutdown$$0000000F  c_w.l(libshutdown2.o)
    0x080001e2   0x080001e2   0x00000002   Code   RO          861    .ARM.Collect$$libshutdown$$00000010  c_w.l(libshutdown2.o)
    0x080001e4   0x080001e4   0x00000000   Code   RO          730    .ARM.Collect$$rtentry$$00000000  c_w.l(__rtentry.o)
    0x080001e4   0x080001e4   0x00000000   Code   RO          741    .ARM.Collect$$rtentry$$00000002  c_w.l(__rtentry2.o)
    0x080001e4   0x080001e4   0x00000006   Code   RO          753    .ARM.Collect$$rtentry$$00000004  c_w.l(__rtentry4.o)
    0x080001ea   0x080001ea   0x00000000   Code   RO          743    .ARM.Collect$$rtentry$$00000009  c_w.l(__rtentry2.o)
    0x080001ea   0x080001ea   0x00000004   Code   RO          744    .ARM.Collect$$rtentry$$0000000A  c_w.l(__rtentry2.o)
    0x080001ee   0x080001ee   0x00000000   Code   RO          746    .ARM.Collect$$rtentry$$0000000C  c_w.l(__rtentry2.o)
    0x080001ee   0x080001ee   0x00000008   Code   RO          747    .ARM.Collect$$rtentry$$0000000D  c_w.l(__rtentry2.o)
    0x080001f6   0x080001f6   0x00000002   Code   RO          768    .ARM.Collect$$rtexit$$00000000  c_w.l(rtexit.o)
    0x080001f8   0x080001f8   0x00000000   Code   RO          816    .ARM.Collect$$rtexit$$00000002  c_w.l(rtexit2.o)
    0x080001f8   0x080001f8   0x00000004   Code   RO          817    .ARM.Collect$$rtexit$$00000003  c_w.l(rtexit2.o)
    0x080001fc   0x080001fc   0x00000006   Code   RO          818    .ARM.Collect$$rtexit$$00000004  c_w.l(rtexit2.o)
    0x08000202   0x08000202   0x00000002   PAD
    0x08000204   0x08000204   0x00000220   Code   RO            4    .text               main.o
    0x08000424   0x08000424   0x00000808   Code   RO          141    .text               bldc.o
    0x08000c2c   0x08000c2c   0x00000804   Code   RO          180    .text               setup.o
    0x08001430   0x08001430   0x00000104   Code   RO          209    .text               it.o
    0x08001534   0x08001534   0x00000070   Code   RO          243    .text               comms.o
    0x080015a4   0x080015a4   0x000000b4   Code   RO          267    .text               commssteering.o
    0x08001658   0x08001658   0x0000041c   Code   RO          321    .text               commshugs.o
    0x08001a74   0x08001a74   0x00000684   Code   RO          350    .text               gd32f1x0_adc.o
    0x080020f8   0x080020f8   0x000004b4   Code   RO          398    .text               gd32f1x0_dma.o
    0x080025ac   0x080025ac   0x000000cc   Code   RO          422    .text               gd32f1x0_fwdgt.o
    0x08002678   0x08002678   0x000001dc   Code   RO          446    .text               gd32f1x0_gpio.o
    0x08002854   0x08002854   0x00000124   Code   RO          494    .text               gd32f1x0_misc.o
    0x08002978   0x08002978   0x000008a8   Code   RO          546    .text               gd32f1x0_rcu.o
    0x08003220   0x08003220   0x00000d2a   Code   RO          594    .text               gd32f1x0_timer.o
    0x08003f4a   0x08003f4a   0x00000002   PAD
    0x08003f4c   0x08003f4c   0x0000064e   Code   RO          618    .text               gd32f1x0_usart.o
    0x0800459a   0x0800459a   0x00000002   PAD
    0x0800459c   0x0800459c   0x00000040   Code   RO          666    .text               startup_gd32f1x0.o
    0x080045dc   0x080045dc   0x000001ec   Code   RO          673    .text               system_gd32f1x0.o
    0x080047c8   0x080047c8   0x0000008a   Code   RO          702    .text               c_w.l(rt_memcpy_v6.o)
    0x08004852   0x08004852   0x00000064   Code   RO          704    .text               c_w.l(rt_memcpy_w.o)
    0x080048b6   0x080048b6   0x00000006   Code   RO          706    .text               c_w.l(heapauxi.o)
    0x080048bc   0x080048bc   0x0000004a   Code   RO          755    .text               c_w.l(sys_stackheap_outer.o)
    0x08004906   0x08004906   0x00000012   Code   RO          757    .text               c_w.l(exit.o)
    0x08004918   0x08004918   0x00000008   Code   RO          765    .text               c_w.l(libspace.o)
    0x08004920   0x08004920   0x0000000c   Code   RO          826    .text               c_w.l(sys_exit.o)
    0x0800492c   0x0800492c   0x00000002   Code   RO          837    .text               c_w.l(use_no_semi.o)
    0x0800492e   0x0800492e   0x00000000   Code   RO          839    .text               c_w.l(indicate_semi.o)
    0x0800492e   0x0800492e   0x00000068   Code   RO          163    i.blockPWM          bldc.o
    0x08004996   0x08004996   0x00000018   Code   RO          731    x$fpl$dcmpinf       fz_ws.l(dcmpi.o)
    0x080049ae   0x080049ae   0x0000002e   Code   RO          711    x$fpl$dflt          fz_ws.l(dflt_clz.o)
    0x080049dc   0x080049dc   0x00000078   Code   RO          716    x$fpl$dleqf         fz_ws.l(dleqf.o)
    0x08004a54   0x08004a54   0x0000009c   Code   RO          733    x$fpl$dnaninf       fz_ws.l(dnaninf.o)
    0x08004af0   0x08004af0   0x00000036   Code   RO          718    x$fpl$ffix          fz_ws.l(ffix.o)
    0x08004b26   0x08004b26   0x00000002   PAD
    0x08004b28   0x08004b28   0x00000030   Code   RO          723    x$fpl$fflt          fz_ws.l(fflt_clz.o)
    0x08004b58   0x08004b58   0x00000102   Code   RO          728    x$fpl$fmul          fz_ws.l(fmul.o)
    0x08004c5a   0x08004c5a   0x0000008c   Code   RO          735    x$fpl$fnaninf       fz_ws.l(fnaninf.o)
    0x08004ce6   0x08004ce6   0x0000000a   Code   RO          737    x$fpl$fretinf       fz_ws.l(fretinf.o)
    0x08004cf0   0x08004cf0   0x00000000   Code   RO          739    x$fpl$usenofp       fz_ws.l(usenofp.o)
    0x08004cf0   0x08004cf0   0x00000308   Data   RO          142    .constdata          bldc.o
    0x08004ff8   0x08004ff8   0x00000020   Data   RO          892    Region$$Table       anon$$obj.o


    Execution Region RW_IRAM1 (Exec base: 0x20000000, Load base: 0x08005018, Size: 0x00000998, Max: 0x00002000, ABSOLUTE)

    Exec Addr    Load Addr    Size         Type   Attr      Idx    E Section Name        Object

    0x20000000   0x08005018   0x00000008   Data   RW            5    .data               main.o
    0x20000008   0x08005020   0x00000072   Data   RW          143    .data               bldc.o
    0x2000007a   0x08005092   0x00000002   Data   RW          182    .data               setup.o
    0x2000007c   0x08005094   0x00000009   Data   RW          210    .data               it.o
    0x20000085   0x0800509d   0x0000000a   Data   RW          268    .data               commssteering.o
    0x2000008f   0x080050a7   0x00000001   PAD
    0x20000090   0x080050a8   0x0000000b   Data   RW          323    .data               commshugs.o
    0x2000009b   0x080050b3   0x00000001   PAD
    0x2000009c   0x080050b4   0x00000004   Data   RW          674    .data               system_gd32f1x0.o
    0x200000a0        -       0x00000084   Zero   RW          181    .bss                setup.o
    0x20000124        -       0x00000011   Zero   RW          322    .bss                commshugs.o
    0x20000135   0x080050b8   0x00000003   PAD
    0x20000138        -       0x00000060   Zero   RW          766    .bss                c_w.l(libspace.o)
    0x20000198        -       0x00000400   Zero   RW          664    HEAP                startup_gd32f1x0.o
    0x20000598        -       0x00000400   Zero   RW          663    STACK               startup_gd32f1x0.o


==============================================================================

Image component sizes


      Code (inc. data)   RO Data    RW Data    ZI Data      Debug   Object Name

      2160        316        776        114          0       7133   bldc.o
       112          0          0          0          0       1185   comms.o
      1052         96          0         11         17       3750   commshugs.o
       180         20          0         10          0       1913   commssteering.o
      1668         22          0          0          0       6861   gd32f1x0_adc.o
      1204          8          0          0          0       5807   gd32f1x0_dma.o
       204         10          0          0          0       1718   gd32f1x0_fwdgt.o
       476         10          0          0          0       3673   gd32f1x0_gpio.o
       292         22          0          0          0       1793   gd32f1x0_misc.o
      2216         90          0          0          0       9232   gd32f1x0_rcu.o
      3370         30          0          0          0      17780   gd32f1x0_timer.o
      1614         12          0          0          0      14101   gd32f1x0_usart.o
       260         26          0          9          0       2785   it.o
       544         52          0          8          0      89018   main.o
      2052         74          0          2        132       3424   setup.o
        64         26        360          0       2048        840   startup_gd32f1x0.o
       492         52          0          4          0       1893   system_gd32f1x0.o

    ----------------------------------------------------------------------
     17964        866       1168        160       2200     172906   Object Totals
         0          0         32          0          0          0   (incl. Generated)
         4          0          0          2          3          0   (incl. Padding)

    ----------------------------------------------------------------------

      Code (inc. data)   RO Data    RW Data    ZI Data      Debug   Library Member Name

         8          0          0          0          0         68   __main.o
         0          0          0          0          0          0   __rtentry.o
        12          0          0          0          0          0   __rtentry2.o
         6          0          0          0          0          0   __rtentry4.o
        52          8          0          0          0          0   __scatter.o
        26          0          0          0          0          0   __scatter_copy.o
        28          0          0          0          0          0   __scatter_zi.o
        18          0          0          0          0         80   exit.o
         6          0          0          0          0        152   heapauxi.o
         0          0          0          0          0          0   indicate_semi.o
         2          0          0          0          0          0   libinit.o
         2          0          0          0          0          0   libinit2.o
         2          0          0          0          0          0   libshutdown.o
         2          0          0          0          0          0   libshutdown2.o
         8          4          0          0         96         68   libspace.o
       138          0          0          0          0         68   rt_memcpy_v6.o
       100          0          0          0          0         80   rt_memcpy_w.o
         2          0          0          0          0          0   rtexit.o
        10          0          0          0          0          0   rtexit2.o
        12          4          0          0          0         68   sys_exit.o
        74          0          0          0          0         80   sys_stackheap_outer.o
         2          0          0          0          0         68   use_no_semi.o
        24          0          0          0          0         68   dcmpi.o
        46          0          0          0          0         68   dflt_clz.o
       120          4          0          0          0         92   dleqf.o
       156          4          0          0          0         92   dnaninf.o
        54          4          0          0          0         84   ffix.o
        48          0          0          0          0         68   fflt_clz.o
       258          4          0          0          0         84   fmul.o
       140          4          0          0          0         84   fnaninf.o
        10          0          0          0          0         68   fretinf.o
         0          0          0          0          0          0   usenofp.o

    ----------------------------------------------------------------------
      1372         36          0          0         96       1440   Library Totals
         6          0          0          0          0          0   (incl. Padding)

    ----------------------------------------------------------------------

      Code (inc. data)   RO Data    RW Data    ZI Data      Debug   Library Name

       510         16          0          0         96        732   c_w.l
       856         20          0          0          0        708   fz_ws.l

    ----------------------------------------------------------------------
      1372         36          0          0         96       1440   Library Totals

    ----------------------------------------------------------------------

==============================================================================


      Code (inc. data)   RO Data    RW Data    ZI Data      Debug   

     19336        902       1168        160       2296     171846   Grand Totals
     19336        902       1168        160       2296     171846   ELF Image Totals
     19336        902       1168        160          0          0   ROM Totals

==============================================================================

    Total RO  Size (Code + RO Data)                20504 (  20.02kB)
    Total RW  Size (RW Data + ZI Data)              2456 (   2.40kB)
    Total ROM Size (Code + RO Data + RW Data)      20664 (  20.18kB)

==============================================================================

